======================================================================
 🚀 FaSTest-Oracle 批量实验启动 | 总任务数: 2 | 并发模式: False
======================================================================

[任务启动] 数据集: parler-E | 模式: COUNT
🚀 正在运行: /home/wangshuo/projects/PROXY/cProject/build/Fastest -d parler-E --ROOT_LABEL 1 --SAMPLE_BUDGET 20000 --BASE_DIR /home/wangshuo/projects/PROXY/datasets --ESTIMATE_WITH_PREDICATE --POST_ORACLE_COL ML1_oracle2_probability --COMMENT_ORACLE_COL ML2_oracle2_probability --AGG_FUNC count --MULTI_PROXY_PROB ML1_proxy4b_probability --BUDGET_CURVE_IN /home/wangshuo/projects/PROXY/datasets/parler-E/results/efficiency/allocation_strategy_comparison_count.csv --FASTESTO_BUDGET_CURVE --FASTESTO_RUNS 5 --FASTESTO_BUDGET_CURVE_OUT /home/wangshuo/projects/PROXY/datasets/parler-E/results/efficiency/FastestO_budget_curve_count.csv --ORACLE_TABLE1 post --ORACLE_TABLE2 comment

[CLI] Root label set to 1
[CLI] Sample budget set to 20000
[CLI] Base Dir set to /home/wangshuo/projects/PROXY/datasets
[CLI] Mode: Estimate with Predicate enabled.
[CLI] Post Oracle Col: ML1_oracle2_probability
[CLI] Comment Oracle Col: ML2_oracle2_probability
[CLI] Multi Proxy Prob Dir Name: ML1_proxy4b_probability
[CLI] Budget curve input: /home/wangshuo/projects/PROXY/datasets/parler-E/results/efficiency/allocation_strategy_comparison_count.csv
[CLI] FastestO budget curve enabled.
[CLI] FastestO runs set to 5
[CLI] FastestO budget curve output: /home/wangshuo/projects/PROXY/datasets/parler-E/results/efficiency/FastestO_budget_curve_count.csv
[info] SAMPLE_BUDGET:20000
[Info] Cleared old estimate file: /home/wangshuo/projects/PROXY/datasets/parler-E/results/in_estimateW_result_count.txt
[Info] Cleared old FastestO curve file: /home/wangshuo/projects/PROXY/datasets/parler-E/results/efficiency/FastestO_budget_curve_count.csv
[info] args:0x7ffd3913dab8
[info] summary_run1_path:/home/wangshuo/projects/PROXY/datasets/parler-E/results/result_summarys/ML1_proxy4b_probability/results_summary_run_1.csv
[Info] Reading core nodes configuration from: /home/wangshuo/projects/PROXY/datasets/parler-E/data_graph/core_nodes_config.json
[Info] Loaded core query-node configs for 150 queries.
[Info] Loaded predicate-label configs for 150 queries.
[infor] root label1
Constructing Candidate Space: 12 26
[info] Query Size:113
[Info] Initializing Oracle Manager from: /home/wangshuo/projects/PROXY/datasets/parler-E
[Info] Loaded ID Mapping size: 195812
[Info] Loading Oracle 1 from /home/wangshuo/projects/PROXY/datasets/parler-E/csv_data/post.csv col: ML1_oracle2_probability
[Info] Loading Oracle 2 from /home/wangshuo/projects/PROXY/datasets/parler-E/csv_data/comment.csv col: ML2_oracle2_probability
[Info] OracleManager Ready. Total vertices with probability: 154470
[Warning] Summary file not found: /home/wangshuo/projects/PROXY/datasets/parler-E/results/result_summarys/ML1_proxy4b_probability/results_summary_run_1.csv
[Info] Loaded budget curve entries from /home/wangshuo/projects/PROXY/datasets/parler-E/results/efficiency/allocation_strategy_comparison_count.csv

Start Processing (Multi-Predicate) /home/wangshuo/projects/PROXY/datasets/parler-E/query_graph/query_cycle_4_0.graph
[Info] Using explicit query nodes for predicates: 1 3 
[Info] FOIS_nrs base budget not found, will rely strictly on Curve CSV.
[Warning] Requested root label 1 not found in query. Falling back to default root 1
  [FastestO Curve] run=1 frac=0.01 budget_n=159 est=17850.3
  [FastestO Curve] run=1 frac=0.05 budget_n=653 est=10605.1
  [FastestO Curve] run=1 frac=0.075 budget_n=932 est=10254.2
  [FastestO Curve] run=1 frac=0.1 budget_n=1248 est=10573.3
  [FastestO Curve] run=1 frac=0.15 budget_n=1750 est=11186.5
  [FastestO Curve] run=1 frac=0.2 budget_n=2136 est=9688.18
  [FastestO Curve] run=1 frac=0.3 budget_n=2866 est=10346.4
  [FastestO Curve] run=1 frac=0.4 budget_n=3400 est=10704
  [FastestO Curve] run=1 frac=0.5 budget_n=3920 est=9941.88
  [FastestO Curve] run=1 frac=0.6 budget_n=4502 est=10149.7
  [FastestO Curve] run=1 frac=0.7 budget_n=4995 est=9734.04
  [FastestO Curve] run=1 frac=0.8 budget_n=5510 est=9918.79
  [FastestO Curve] run=1 frac=0.9 budget_n=500 est=11523.9
  [FastestO Curve] run=2 frac=0.01 budget_n=159 est=10449.7
  [FastestO Curve] run=2 frac=0.05 budget_n=653 est=10386.5
  [FastestO Curve] run=2 frac=0.075 budget_n=932 est=10467.7
  [FastestO Curve] run=2 frac=0.1 budget_n=1248 est=10181
  [FastestO Curve] run=2 frac=0.15 budget_n=1750 est=9821.94
  [FastestO Curve] run=2 frac=0.2 budget_n=2136 est=9675.7
  [FastestO Curve] run=2 frac=0.3 budget_n=2866 est=10536
  [FastestO Curve] run=2 frac=0.4 budget_n=3400 est=9837.96
  [FastestO Curve] run=2 frac=0.5 budget_n=3920 est=10900.3
  [FastestO Curve] run=2 frac=0.6 budget_n=4502 est=9757.13
  [FastestO Curve] run=2 frac=0.7 budget_n=4995 est=10184.4
  [FastestO Curve] run=2 frac=0.8 budget_n=5510 est=10172.8
  [FastestO Curve] run=2 frac=0.9 budget_n=500 est=10559.8
  [FastestO Curve] run=3 frac=0.01 budget_n=159 est=5524.83
  [FastestO Curve] run=3 frac=0.05 budget_n=653 est=11668.4
  [FastestO Curve] run=3 frac=0.075 budget_n=932 est=10032.6
  [FastestO Curve] run=3 frac=0.1 budget_n=1248 est=10088.4
  [FastestO Curve] run=3 frac=0.15 budget_n=1750 est=10193.6
  [FastestO Curve] run=3 frac=0.2 budget_n=2136 est=9487.29
  [FastestO Curve] run=3 frac=0.3 budget_n=2866 est=10483.8
  [FastestO Curve] run=3 frac=0.4 budget_n=3400 est=10057.3
  [FastestO Curve] run=3 frac=0.5 budget_n=3920 est=9560.83
  [FastestO Curve] run=3 frac=0.6 budget_n=4502 est=9630.11
  [FastestO Curve] run=3 frac=0.7 budget_n=4995 est=10461.5
  [FastestO Curve] run=3 frac=0.8 budget_n=5510 est=10034.3
  [FastestO Curve] run=3 frac=0.9 budget_n=500 est=11849.2
  [FastestO Curve] run=4 frac=0.01 budget_n=159 est=6241.57
  [FastestO Curve] run=4 frac=0.05 budget_n=653 est=9310.79
  [FastestO Curve] run=4 frac=0.075 budget_n=932 est=12036.8
  [FastestO Curve] run=4 frac=0.1 budget_n=1248 est=10730
  [FastestO Curve] run=4 frac=0.15 budget_n=1750 est=10093.7
  [FastestO Curve] run=4 frac=0.2 budget_n=2136 est=9081.42
  [FastestO Curve] run=4 frac=0.3 budget_n=2866 est=10111.3
  [FastestO Curve] run=4 frac=0.4 budget_n=3400 est=10807.9
  [FastestO Curve] run=4 frac=0.5 budget_n=3920 est=10334.5
  [FastestO Curve] run=4 frac=0.6 budget_n=4502 est=10611.6
  [FastestO Curve] run=4 frac=0.7 budget_n=4995 est=9999.62
  [FastestO Curve] run=4 frac=0.8 budget_n=5510 est=9341.44
  [FastestO Curve] run=4 frac=0.9 budget_n=500 est=11259.4
  [FastestO Curve] run=5 frac=0.01 budget_n=159 est=6566.96
  [FastestO Curve] run=5 frac=0.05 budget_n=653 est=10085.3
  [FastestO Curve] run=5 frac=0.075 budget_n=932 est=9607.02
  [FastestO Curve] run=5 frac=0.1 budget_n=1248 est=9919.33
  [FastestO Curve] run=5 frac=0.15 budget_n=1750 est=9710.44
  [FastestO Curve] run=5 frac=0.2 budget_n=2136 est=9460.64
  [FastestO Curve] run=5 frac=0.3 budget_n=2866 est=10010.5
  [FastestO Curve] run=5 frac=0.4 budget_n=3400 est=10334.5
  [FastestO Curve] run=5 frac=0.5 budget_n=3920 est=10288.3
  [FastestO Curve] run=5 frac=0.6 budget_n=4502 est=10161.3
  [FastestO Curve] run=5 frac=0.7 budget_n=4995 est=10207.5
  [FastestO Curve] run=5 frac=0.8 budget_n=5510 est=10219
  [FastestO Curve] run=5 frac=0.9 budget_n=500 est=9127.98
  [Result] #CandTree           : 2.309e+05
  [Result] #TreeTrials         : 1012
  [Result] #TreeSuccess        : 40
  [Result] #UniqueOracleNodes  : 500.0000
  [Result] Truth               : 230938.0000
  [Result] Est                 : 9127.9842
  [Result] logQError           : -1.4031
  [Result] TreeCountTime       : 17.2535
  [Result] QueryTime           : 1.3828
/home/wangshuo/projects/PROXY/datasets/parler-E/query_graph/query_cycle_4_0.graph Finished!

Start Processing (Multi-Predicate) /home/wangshuo/projects/PROXY/datasets/parler-E/query_graph/query_cycle_4_1.graph
[Info] Using explicit query nodes for predicates: 0 1 3 
[Info] FOIS_nrs base budget not found, will rely strictly on Curve CSV.
[Warning] Requested root label 1 not found in query. Falling back to default root 1
  [FastestO Curve] run=1 frac=0.01 budget_n=537 est=6548.75
  [FastestO Curve] run=1 frac=0.05 budget_n=1504 est=5544.94
  [FastestO Curve] run=1 frac=0.075 budget_n=1844 est=6332.52
  [FastestO Curve] run=1 frac=0.1 budget_n=2112 est=5269.81
  [FastestO Curve] run=1 frac=0.15 budget_n=2606 est=5996.06
  [FastestO Curve] run=1 frac=0.2 budget_n=3008 est=5287.82
  [FastestO Curve] run=1 frac=0.3 budget_n=3824 est=6015.97
  [FastestO Curve] run=1 frac=0.4 budget_n=4365 est=5282.71
  [FastestO Curve] run=1 frac=0.5 budget_n=4917 est=6956.51
  [FastestO Curve] run=1 frac=0.6 budget_n=5390 est=6354
  [FastestO Curve] run=1 frac=0.7 budget_n=5774 est=6906.45
  [FastestO Curve] run=1 frac=0.8 budget_n=6154 est=5928.42
  [FastestO Curve] run=1 frac=0.9 budget_n=500 est=3978.91
  [FastestO Curve] run=2 frac=0.01 budget_n=537 est=4317.96
  [FastestO Curve] run=2 frac=0.05 budget_n=1504 est=4861.26
  [FastestO Curve] run=2 frac=0.075 budget_n=1844 est=5406.19
  [FastestO Curve] run=2 frac=0.1 budget_n=2112 est=6301.73
  [FastestO Curve] run=2 frac=0.15 budget_n=2606 est=7128.44
  [FastestO Curve] run=2 frac=0.2 budget_n=3008 est=4987.4
  [FastestO Curve] run=2 frac=0.3 budget_n=3824 est=6650.4
  [FastestO Curve] run=2 frac=0.4 budget_n=4365 est=5012.91
  [FastestO Curve] run=2 frac=0.5 budget_n=4917 est=5805.83
  [FastestO Curve] run=2 frac=0.6 budget_n=5390 est=5824.08
  [FastestO Curve] run=2 frac=0.7 budget_n=5774 est=6117.42
  [FastestO Curve] run=2 frac=0.8 budget_n=6154 est=6971.65
  [FastestO Curve] run=2 frac=0.9 budget_n=500 est=9962.16
  [FastestO Curve] run=3 frac=0.01 budget_n=537 est=9715.42
  [FastestO Curve] run=3 frac=0.05 budget_n=1504 est=6453.36
  [FastestO Curve] run=3 frac=0.075 budget_n=1844 est=5596.91
  [FastestO Curve] run=3 frac=0.1 budget_n=2112 est=6279.3
  [FastestO Curve] run=3 frac=0.15 budget_n=2606 est=6122.49
  [FastestO Curve] run=3 frac=0.2 budget_n=3008 est=6020.41
  [FastestO Curve] run=3 frac=0.3 budget_n=3824 est=6945.83
  [FastestO Curve] run=3 frac=0.4 budget_n=4365 est=7061.35
  [FastestO Curve] run=3 frac=0.5 budget_n=4917 est=6278.02
  [FastestO Curve] run=3 frac=0.6 budget_n=5390 est=6621.67
  [FastestO Curve] run=3 frac=0.7 budget_n=5774 est=6777.58
  [FastestO Curve] run=3 frac=0.8 budget_n=6154 est=5965.14
  [FastestO Curve] run=3 frac=0.9 budget_n=500 est=7766.05
  [FastestO Curve] run=4 frac=0.01 budget_n=537 est=7921.23
  [FastestO Curve] run=4 frac=0.05 budget_n=1504 est=6960.72
  [FastestO Curve] run=4 frac=0.075 budget_n=1844 est=6003.02
  [FastestO Curve] run=4 frac=0.1 budget_n=2112 est=5322.24
  [FastestO Curve] run=4 frac=0.15 budget_n=2606 est=5600.09
  [FastestO Curve] run=4 frac=0.2 budget_n=3008 est=5833.82
  [FastestO Curve] run=4 frac=0.3 budget_n=3824 est=5890.46
  [FastestO Curve] run=4 frac=0.4 budget_n=4365 est=6640.12
  [FastestO Curve] run=4 frac=0.5 budget_n=4917 est=5450.86
  [FastestO Curve] run=4 frac=0.6 budget_n=5390 est=6547.66
  [FastestO Curve] run=4 frac=0.7 budget_n=5774 est=5392.88
  [FastestO Curve] run=4 frac=0.8 budget_n=6154 est=5448.43
  [FastestO Curve] run=4 frac=0.9 budget_n=500 est=4361.69
  [FastestO Curve] run=5 frac=0.01 budget_n=537 est=6916.83
  [FastestO Curve] run=5 frac=0.05 budget_n=1504 est=6930.57
  [FastestO Curve] run=5 frac=0.075 budget_n=1844 est=5910.35
  [FastestO Curve] run=5 frac=0.1 budget_n=2112 est=5820.5
  [FastestO Curve] run=5 frac=0.15 budget_n=2606 est=6320.55
  [FastestO Curve] run=5 frac=0.2 budget_n=3008 est=5174.75
  [FastestO Curve] run=5 frac=0.3 budget_n=3824 est=4574.14
  [FastestO Curve] run=5 frac=0.4 budget_n=4365 est=5838.89
  [FastestO Curve] run=5 frac=0.5 budget_n=4917 est=5813.62
  [FastestO Curve] run=5 frac=0.6 budget_n=5390 est=5778.79
  [FastestO Curve] run=5 frac=0.7 budget_n=5774 est=6352.48
  [FastestO Curve] run=5 frac=0.8 budget_n=6154 est=6248.39
  [FastestO Curve] run=5 frac=0.9 budget_n=500 est=8184.65
  [Result] #CandTree           : 2.461e+05
  [Result] #TreeTrials         : 421
  [Result] #TreeSuccess        : 14
  [Result] #UniqueOracleNodes  : 500.0000
  [Result] Truth               : 230398.0000
  [Result] Est                 : 8184.6461
  [Result] logQError           : -1.4495
  [Result] TreeCountTime       : 24.1361
  [Result] QueryTime           : 0.6390
/home/wangshuo/projects/PROXY/datasets/parler-E/query_graph/query_cycle_4_1.graph Finished!

Start Processing (Multi-Predicate) /home/wangshuo/projects/PROXY/datasets/parler-E/query_graph/query_cycle_4_10.graph
[Info] Using explicit query nodes for predicates: 1 2 
[Info] FOIS_nrs base budget not found, will rely strictly on Curve CSV.
[Warning] Requested root label 1 not found in query. Falling back to default root 3
  [FastestO Curve] run=1 frac=0.01 budget_n=122 est=13871.5
  [FastestO Curve] run=1 frac=0.05 budget_n=544 est=23540.6
  [FastestO Curve] run=1 frac=0.075 budget_n=797 est=23503.2
  [FastestO Curve] run=1 frac=0.1 budget_n=1016 est=12869.8
  [FastestO Curve] run=1 frac=0.15 budget_n=1474 est=18180.3
  [FastestO Curve] run=1 frac=0.2 budget_n=1848 est=17181.4
  [FastestO Curve] run=1 frac=0.3 budget_n=2602 est=20110.3
  [FastestO Curve] run=1 frac=0.4 budget_n=3296 est=18667.7
  [FastestO Curve] run=1 frac=0.5 budget_n=3942 est=18767.8
  [FastestO Curve] run=1 frac=0.6 budget_n=4572 est=17470.2
  [FastestO Curve] run=1 frac=0.7 budget_n=5126 est=18368.7
  [FastestO Curve] run=1 frac=0.8 budget_n=5716 est=17473.1
  [FastestO Curve] run=1 frac=0.9 budget_n=500 est=23717
  [FastestO Curve] run=2 frac=0.01 budget_n=122 est=19408.6
  [FastestO Curve] run=2 frac=0.05 budget_n=544 est=19049.7
  [FastestO Curve] run=2 frac=0.075 budget_n=797 est=17557.8
  [FastestO Curve] run=2 frac=0.1 budget_n=1016 est=22085.7
  [FastestO Curve] run=2 frac=0.15 budget_n=1474 est=15272.2
  [FastestO Curve] run=2 frac=0.2 budget_n=1848 est=19313.3
  [FastestO Curve] run=2 frac=0.3 budget_n=2602 est=17407
  [FastestO Curve] run=2 frac=0.4 budget_n=3296 est=19449.9
  [FastestO Curve] run=2 frac=0.5 budget_n=3942 est=19083.8
  [FastestO Curve] run=2 frac=0.6 budget_n=4572 est=17826.9
  [FastestO Curve] run=2 frac=0.7 budget_n=5126 est=17774.1
  [FastestO Curve] run=2 frac=0.8 budget_n=5716 est=17129.1
  [FastestO Curve] run=2 frac=0.9 budget_n=500 est=14682
  [FastestO Curve] run=3 frac=0.01 budget_n=122 est=9704.32
  [FastestO Curve] run=3 frac=0.05 budget_n=544 est=16165.6
  [FastestO Curve] run=3 frac=0.075 budget_n=797 est=22383.3
  [FastestO Curve] run=3 frac=0.1 budget_n=1016 est=12093.1
  [FastestO Curve] run=3 frac=0.15 budget_n=1474 est=20535.9
  [FastestO Curve] run=3 frac=0.2 budget_n=1848 est=18577.6
  [FastestO Curve] run=3 frac=0.3 budget_n=2602 est=16405.8
  [FastestO Curve] run=3 frac=0.4 budget_n=3296 est=19620.9
  [FastestO Curve] run=3 frac=0.5 budget_n=3942 est=18396.3
  [FastestO Curve] run=3 frac=0.6 budget_n=4572 est=16928.1
  [FastestO Curve] run=3 frac=0.7 budget_n=5126 est=19165.5
  [FastestO Curve] run=3 frac=0.8 budget_n=5716 est=17720.4
  [FastestO Curve] run=3 frac=0.9 budget_n=500 est=20807.2
  [FastestO Curve] run=4 frac=0.01 budget_n=122 est=20685.5
  [FastestO Curve] run=4 frac=0.05 budget_n=544 est=27395.8
  [FastestO Curve] run=4 frac=0.075 budget_n=797 est=20934.3
  [FastestO Curve] run=4 frac=0.1 budget_n=1016 est=19196.6
  [FastestO Curve] run=4 frac=0.15 budget_n=1474 est=20099.6
  [FastestO Curve] run=4 frac=0.2 budget_n=1848 est=17473
  [FastestO Curve] run=4 frac=0.3 budget_n=2602 est=17740.2
  [FastestO Curve] run=4 frac=0.4 budget_n=3296 est=16035.7
  [FastestO Curve] run=4 frac=0.5 budget_n=3942 est=18147.6
  [FastestO Curve] run=4 frac=0.6 budget_n=4572 est=17190.3
  [FastestO Curve] run=4 frac=0.7 budget_n=5126 est=17797.9
  [FastestO Curve] run=4 frac=0.8 budget_n=5716 est=16458.8
  [FastestO Curve] run=4 frac=0.9 budget_n=500 est=25135.3
  [FastestO Curve] run=5 frac=0.01 budget_n=122 est=26555.7
  [FastestO Curve] run=5 frac=0.05 budget_n=544 est=19599.7
  [FastestO Curve] run=5 frac=0.075 budget_n=797 est=15853.1
  [FastestO Curve] run=5 frac=0.1 budget_n=1016 est=21976.7
  [FastestO Curve] run=5 frac=0.15 budget_n=1474 est=16848.6
  [FastestO Curve] run=5 frac=0.2 budget_n=1848 est=18210.5
  [FastestO Curve] run=5 frac=0.3 budget_n=2602 est=18776.4
  [FastestO Curve] run=5 frac=0.4 budget_n=3296 est=19651.2
  [FastestO Curve] run=5 frac=0.5 budget_n=3942 est=17505.5
  [FastestO Curve] run=5 frac=0.6 budget_n=4572 est=17981.9
  [FastestO Curve] run=5 frac=0.7 budget_n=5126 est=16392.6
  [FastestO Curve] run=5 frac=0.8 budget_n=5716 est=17509.4
  [FastestO Curve] run=5 frac=0.9 budget_n=500 est=15369.7
  [Result] #CandTree           : 3.93e+05
  [Result] #TreeTrials         : 358
  [Result] #TreeSuccess        : 14
  [Result] #UniqueOracleNodes  : 500.0000
  [Result] Truth               : 393025.0000
  [Result] Est                 : 15369.6927
  [Result] logQError           : -1.4078
  [Result] TreeCountTime       : 19.2640
  [Result] QueryTime           : 0.5058
/home/wangshuo/projects/PROXY/datasets/parler-E/query_graph/query_cycle_4_10.graph Finished!

Start Processing (Multi-Predicate) /home/wangshuo/projects/PROXY/datasets/parler-E/query_graph/query_cycle_4_11.graph
[Info] Using explicit query nodes for predicates: 2 3 
[Info] FOIS_nrs base budget not found, will rely strictly on Curve CSV.
Traceback (most recent call last):
  File "/home/wangshuo/projects/PROXY/pythonProject/src/baseline/FASTEST-ORACLE.py", line 187, in <module>
    main()
  File "/home/wangshuo/projects/PROXY/pythonProject/src/baseline/FASTEST-ORACLE.py", line 180, in main
    results = [run_single_dataset_task(t) for t in task_list]
  File "/home/wangshuo/projects/PROXY/pythonProject/src/baseline/FASTEST-ORACLE.py", line 180, in <listcomp>
    results = [run_single_dataset_task(t) for t in task_list]
  File "/home/wangshuo/projects/PROXY/pythonProject/src/baseline/FASTEST-ORACLE.py", line 133, in run_single_dataset_task
    code, output = runner.run(
  File "/home/wangshuo/projects/PROXY/pythonProject/src/Structure_first/graph_sample.py", line 92, in run
    for line in proc.stdout:
KeyboardInterrupt
