bash: /home/wangshuo/software/anaconda3/lib/libtinfo.so.6: no version information available (required by bash)
=========================================================================
🚀 开始执行所有数据集的 AVG 离线合成流水线...
=========================================================================

>>> 1. Processing Parler (dataset_three)...

[Processing CSV] 开始计算 allocation_strategy_comparison 的 AVG 结果...
  -> [DONE] 生成 CSV: /home/wangshuo/projects/PROXY/datasets/parler/results/efficiency/allocation_strategy_comparison_avg.csv (行数: 1230)

[Processing CSV] 开始计算 allocation_strategy_comparison_ablation 的 AVG 结果...
  -> [DONE] 生成 CSV: /home/wangshuo/projects/PROXY/datasets/parler/results/efficiency/allocation_strategy_comparison_ablation_avg.csv (行数: 6150)

[Processing CSV] 开始计算 FastestO_budget_curve 的 AVG 结果...
  -> [DONE] 生成 CSV: /home/wangshuo/projects/PROXY/datasets/parler/results/efficiency/FastestO_budget_curve_avg.csv (行数: 14760)

[Processing CSV] 开始计算 Exact_structureO_budget_curve 的 AVG 结果...
  -> [DONE] 生成 CSV: /home/wangshuo/projects/PROXY/datasets/parler/results/efficiency/Exact_structureO_budget_curve_avg.csv (行数: 495)
[Warning] sum CSV 不存在: /home/wangshuo/projects/PROXY/datasets/parler/results/efficiency/Projection_ABae_results_sum.csv，跳过此项。
[Warning] sum CSV 不存在: /home/wangshuo/projects/PROXY/datasets/parler/results/efficiency/PSF_results_sum.csv，跳过此项。

[Processing JSON] 开始生成 Ground Truth JSON...
  -> [DONE] 生成 JSON: /home/wangshuo/projects/PROXY/datasets/parler/results/T_true_ML1_oracle2_probability_ML2_oracle2_probability_avg.json (键总数: 246)

>>> 2. Processing Parler-E (dataset_test)...

[Processing CSV] 开始计算 allocation_strategy_comparison 的 AVG 结果...
  -> [DONE] 生成 CSV: /home/wangshuo/projects/PROXY/datasets/parler-E/results/efficiency/allocation_strategy_comparison_avg.csv (行数: 565)

[Processing CSV] 开始计算 allocation_strategy_comparison_ablation 的 AVG 结果...
  -> [DONE] 生成 CSV: /home/wangshuo/projects/PROXY/datasets/parler-E/results/efficiency/allocation_strategy_comparison_ablation_avg.csv (行数: 2825)

[Processing CSV] 开始计算 FastestO_budget_curve 的 AVG 结果...
  -> [DONE] 生成 CSV: /home/wangshuo/projects/PROXY/datasets/parler-E/results/efficiency/FastestO_budget_curve_avg.csv (行数: 6780)

[Processing CSV] 开始计算 Exact_structureO_budget_curve 的 AVG 结果...
  -> [DONE] 生成 CSV: /home/wangshuo/projects/PROXY/datasets/parler-E/results/efficiency/Exact_structureO_budget_curve_avg.csv (行数: 7345)
[Warning] sum CSV 不存在: /home/wangshuo/projects/PROXY/datasets/parler-E/results/efficiency/Projection_ABae_results_sum.csv，跳过此项。
[Warning] sum CSV 不存在: /home/wangshuo/projects/PROXY/datasets/parler-E/results/efficiency/PSF_results_sum.csv，跳过此项。

[Processing JSON] 开始生成 Ground Truth JSON...
  -> [DONE] 生成 JSON: /home/wangshuo/projects/PROXY/datasets/parler-E/results/T_true_ML1_oracle2_probability_ML2_oracle2_probability_avg.json (键总数: 113)

>>> 3. Processing Amazon (amazon_extend)...

[Processing CSV] 开始计算 allocation_strategy_comparison 的 AVG 结果...
  -> [DONE] 生成 CSV: /home/wangshuo/projects/PROXY/datasets/amazon/results/efficiency/allocation_strategy_comparison_avg.csv (行数: 905)

[Processing CSV] 开始计算 allocation_strategy_comparison_ablation 的 AVG 结果...
  -> [DONE] 生成 CSV: /home/wangshuo/projects/PROXY/datasets/amazon/results/efficiency/allocation_strategy_comparison_ablation_avg.csv (行数: 4525)

[Processing CSV] 开始计算 FastestO_budget_curve 的 AVG 结果...
  -> [DONE] 生成 CSV: /home/wangshuo/projects/PROXY/datasets/amazon/results/efficiency/FastestO_budget_curve_avg.csv (行数: 10860)

[Processing CSV] 开始计算 Exact_structureO_budget_curve 的 AVG 结果...
  -> [DONE] 生成 CSV: /home/wangshuo/projects/PROXY/datasets/amazon/results/efficiency/Exact_structureO_budget_curve_avg.csv (行数: 905)
[Warning] sum CSV 不存在: /home/wangshuo/projects/PROXY/datasets/amazon/results/efficiency/Projection_ABae_results_sum.csv，跳过此项。
[Warning] sum CSV 不存在: /home/wangshuo/projects/PROXY/datasets/amazon/results/efficiency/PSF_results_sum.csv，跳过此项。

[Processing JSON] 开始生成 Ground Truth JSON...
  -> [DONE] 生成 JSON: /home/wangshuo/projects/PROXY/datasets/amazon/results/T_true_ML3_oracle2_probability_ML2_oracle1_probability_avg.json (键总数: 181)

=========================================================================
🎉 全线完成！所有 AVG 数据已成功生成！
=========================================================================
