bash: /home/wangshuo/software/anaconda3/lib/libtinfo.so.6: no version information available (required by bash)
==============================================================================
🚀 开始 Amazon [SUM 模式] 一键评估
工作目录: /home/wangshuo/projects/PROXY
目标数据集: amazon (ID: 2)
聚合配置: 表=product, 列=price, Label=12
采样率梯度: 0.1
==============================================================================

[Step 1/2] 正在调用 C++ 引擎估计 SUM 投影空间权重并生成 aggregated 文件...
======================================================================
🚀 开始执行核心实例抽取与聚合流水线 (极致提速版)
   • 数据集名称 : amazon
   • 聚合模式   : SUM  <--- [当前模式]
======================================================================

[Step 0] 启动 C++ FastestRunner...
🚀 正在运行: /home/wangshuo/projects/PROXY/cProject/build/Fastest -d amazon --ROOT_LABEL -1 --SAMPLE_BUDGET 60000 --BASE_DIR /home/wangshuo/projects/PROXY/datasets --AGG_FUNC sum --SUM_TABLE product --SUM_COL price --SUM_LABEL 12

[CLI] Root label set to -1
[CLI] Sample budget set to 60000
[CLI] Base Dir set to /home/wangshuo/projects/PROXY/datasets
[info] SAMPLE_BUDGET:60000
[Info] Cleared old estimate file: /home/wangshuo/projects/PROXY/datasets/amazon/results/in_estimateW_result_sum.txt
[Info] budget_curve_path: /home/wangshuo/projects/PROXY/datasets/amazon/results/efficiency/FOIS_rs_POSS_budget_curve_fast.csv
[info] args:0x7ffe4e275698
[info] summary_run1_path:/home/wangshuo/projects/PROXY/datasets/amazon/results/result_summarys/ML1_proxy4b_probability/results_summary_run_1.csv
[Info] Reading core nodes configuration from: /home/wangshuo/projects/PROXY/datasets/amazon/data_graph/core_nodes_config_sum.json
[Info] Loaded core query-node configs for 181 queries.
[Info] Loaded predicate-label configs for 181 queries.
[infor] root label-1
Constructing Candidate Space: 12 14
[info] Query Size:181
[Info] Loading SUM column from /home/wangshuo/projects/PROXY/datasets/amazon/csv_data/product.csv col: price
[Info] Agg column ready. Updated rows: 5000

Start Processing /home/wangshuo/projects/PROXY/datasets/amazon/query_graph_sum/query_3_120.graph for core instances with query nodes: 0 2 
[Info] Auto-selected query root index 2 with (transferred) label 1
[Check] Sample budget = 60000
[Check] Sum of instance estimates = 195419, Global estimate = 195419, Ratio = 1
[Info] Appended instance results for query_3_120.graph to CSV in long format.
Global Estimated Value: 195419.35
/home/wangshuo/projects/PROXY/datasets/amazon/query_graph_sum/query_3_120.graph Finished!


Start Processing /home/wangshuo/projects/PROXY/datasets/amazon/query_graph_sum/query_3_122.graph for core instances with query nodes: 0 2 
[Info] Auto-selected query root index 2 with (transferred) label 1
[Check] Sample budget = 60000
[Check] Sum of instance estimates = 199546.36, Global estimate = 199546.36, Ratio = 1.00
[Info] Appended instance results for query_3_122.graph to CSV in long format.
Global Estimated Value: 199546.36
/home/wangshuo/projects/PROXY/datasets/amazon/query_graph_sum/query_3_122.graph Finished!


Start Processing /home/wangshuo/projects/PROXY/datasets/amazon/query_graph_sum/query_3_126.graph for core instances with query nodes: 1 2 
[Info] Auto-selected query root index 1 with (transferred) label 1
[Check] Sample budget = 60000
[Check] Sum of instance estimates = 198997.94, Global estimate = 198997.94, Ratio = 1.00
[Info] Appended instance results for query_3_126.graph to CSV in long format.
Global Estimated Value: 198997.94
/home/wangshuo/projects/PROXY/datasets/amazon/query_graph_sum/query_3_126.graph Finished!


Start Processing /home/wangshuo/projects/PROXY/datasets/amazon/query_graph_sum/query_3_130.graph for core instances with query nodes: 1 2 
[Info] Auto-selected query root index 2 with (transferred) label 1
[Check] Sample budget = 60000
[Check] Sum of instance estimates = 197637.17, Global estimate = 197637.17, Ratio = 1.00
[Info] Appended instance results for query_3_130.graph to CSV in long format.
Global Estimated Value: 197637.17
/home/wangshuo/projects/PROXY/datasets/amazon/query_graph_sum/query_3_130.graph Finished!


Start Processing /home/wangshuo/projects/PROXY/datasets/amazon/query_graph_sum/query_3_133.graph for core instances with query nodes: 1 2 
[Info] Auto-selected query root index 2 with (transferred) label 1
[Check] Sample budget = 60000
[Check] Sum of instance estimates = 198582.38, Global estimate = 198582.38, Ratio = 1.00
[Info] Appended instance results for query_3_133.graph to CSV in long format.
Global Estimated Value: 198582.38
/home/wangshuo/projects/PROXY/datasets/amazon/query_graph_sum/query_3_133.graph Finished!


Start Processing /home/wangshuo/projects/PROXY/datasets/amazon/query_graph_sum/query_3_137.graph for core instances with query nodes: 0 2 
[Info] Auto-selected query root index 2 with (transferred) label 1
[Check] Sample budget = 60000
[Check] Sum of instance estimates = 193626.65, Global estimate = 193626.65, Ratio = 1.00
[Info] Appended instance results for query_3_137.graph to CSV in long format.
Global Estimated Value: 193626.65
/home/wangshuo/projects/PROXY/datasets/amazon/query_graph_sum/query_3_137.graph Finished!


Start Processing /home/wangshuo/projects/PROXY/datasets/amazon/query_graph_sum/query_3_17.graph for core instances with query nodes: 0 2 
[Info] Auto-selected query root index 0 with (transferred) label 1
[Check] Sample budget = 60000
[Check] Sum of instance estimates = 195931.69, Global estimate = 195931.69, Ratio = 1.00
[Info] Appended instance results for query_3_17.graph to CSV in long format.
Global Estimated Value: 195931.69
/home/wangshuo/projects/PROXY/datasets/amazon/query_graph_sum/query_3_17.graph Finished!


Start Processing /home/wangshuo/projects/PROXY/datasets/amazon/query_graph_sum/query_3_21.graph for core instances with query nodes: 1 2 
[Info] Auto-selected query root index 1 with (transferred) label 1
[Check] Sample budget = 60000
[Check] Sum of instance estimates = 198409.95, Global estimate = 198409.95, Ratio = 1.00
[Info] Appended instance results for query_3_21.graph to CSV in long format.
Global Estimated Value: 198409.95
/home/wangshuo/projects/PROXY/datasets/amazon/query_graph_sum/query_3_21.graph Finished!


Start Processing /home/wangshuo/projects/PROXY/datasets/amazon/query_graph_sum/query_3_25.graph for core instances with query nodes: 0 1 
[Info] Auto-selected query root index 0 with (transferred) label 1
[Check] Sample budget = 60000
[Check] Sum of instance estimates = 199601.59, Global estimate = 199601.59, Ratio = 1.00
[Info] Appended instance results for query_3_25.graph to CSV in long format.
Global Estimated Value: 199601.59
/home/wangshuo/projects/PROXY/datasets/amazon/query_graph_sum/query_3_25.graph Finished!


Start Processing /home/wangshuo/projects/PROXY/datasets/amazon/query_graph_sum/query_3_36.graph for core instances with query nodes: 0 1 
[Info] Auto-selected query root index 0 with (transferred) label 1
[Check] Sample budget = 60000
[Check] Sum of instance estimates = 199369.25, Global estimate = 199369.25, Ratio = 1.00
[Info] Appended instance results for query_3_36.graph to CSV in long format.
Global Estimated Value: 199369.25
/home/wangshuo/projects/PROXY/datasets/amazon/query_graph_sum/query_3_36.graph Finished!


Start Processing /home/wangshuo/projects/PROXY/datasets/amazon/query_graph_sum/query_3_39.graph for core instances with query nodes: 0 1 
[Info] Auto-selected query root index 0 with (transferred) label 1
[Check] Sample budget = 60000
[Check] Sum of instance estimates = 197980.42, Global estimate = 197980.42, Ratio = 1.00
[Info] Appended instance results for query_3_39.graph to CSV in long format.
Global Estimated Value: 197980.42
/home/wangshuo/projects/PROXY/datasets/amazon/query_graph_sum/query_3_39.graph Finished!


Start Processing /home/wangshuo/projects/PROXY/datasets/amazon/query_graph_sum/query_3_41.graph for core instances with query nodes: 0 2 
[Info] Auto-selected query root index 2 with (transferred) label 1
[Check] Sample budget = 60000
[Check] Sum of instance estimates = 201468.20, Global estimate = 201468.20, Ratio = 1.00
[Info] Appended instance results for query_3_41.graph to CSV in long format.
Global Estimated Value: 201468.20
/home/wangshuo/projects/PROXY/datasets/amazon/query_graph_sum/query_3_41.graph Finished!


Start Processing /home/wangshuo/projects/PROXY/datasets/amazon/query_graph_sum/query_3_53.graph for core instances with query nodes: 0 1 
[Info] Auto-selected query root index 1 with (transferred) label 1
[Check] Sample budget = 60000
[Check] Sum of instance estimates = 198707.47, Global estimate = 198707.47, Ratio = 1.00
[Info] Appended instance results for query_3_53.graph to CSV in long format.
Global Estimated Value: 198707.47
/home/wangshuo/projects/PROXY/datasets/amazon/query_graph_sum/query_3_53.graph Finished!


Start Processing /home/wangshuo/projects/PROXY/datasets/amazon/query_graph_sum/query_3_62.graph for core instances with query nodes: 1 2 
[Info] Auto-selected query root index 2 with (transferred) label 1
[Check] Sample budget = 60000
[Check] Sum of instance estimates = 197193.25, Global estimate = 197193.25, Ratio = 1.00
[Info] Appended instance results for query_3_62.graph to CSV in long format.
Global Estimated Value: 197193.25
/home/wangshuo/projects/PROXY/datasets/amazon/query_graph_sum/query_3_62.graph Finished!


Start Processing /home/wangshuo/projects/PROXY/datasets/amazon/query_graph_sum/query_3_8.graph for core instances with query nodes: 1 2 
[Info] Auto-selected query root index 2 with (transferred) label 1
[Check] Sample budget = 60000
[Check] Sum of instance estimates = 194986.17, Global estimate = 194986.17, Ratio = 1.00
[Info] Appended instance results for query_3_8.graph to CSV in long format.
Global Estimated Value: 194986.17
/home/wangshuo/projects/PROXY/datasets/amazon/query_graph_sum/query_3_8.graph Finished!


Start Processing /home/wangshuo/projects/PROXY/datasets/amazon/query_graph_sum/query_3_88.graph for core instances with query nodes: 0 2 
[Info] Auto-selected query root index 0 with (transferred) label 1
[Check] Sample budget = 60000
[Check] Sum of instance estimates = 198987.14, Global estimate = 198987.14, Ratio = 1.00
[Info] Appended instance results for query_3_88.graph to CSV in long format.
Global Estimated Value: 198987.14
/home/wangshuo/projects/PROXY/datasets/amazon/query_graph_sum/query_3_88.graph Finished!


Start Processing /home/wangshuo/projects/PROXY/datasets/amazon/query_graph_sum/query_3_96.graph for core instances with query nodes: 0 1 
[Info] Auto-selected query root index 0 with (transferred) label 1
[Check] Sample budget = 60000
[Check] Sum of instance estimates = 197620.02, Global estimate = 197620.02, Ratio = 1.00
[Info] Appended instance results for query_3_96.graph to CSV in long format.
Global Estimated Value: 197620.02
/home/wangshuo/projects/PROXY/datasets/amazon/query_graph_sum/query_3_96.graph Finished!


Start Processing /home/wangshuo/projects/PROXY/datasets/amazon/query_graph_sum/query_4_0.graph for core instances with query nodes: 0 2 3 
[Info] Auto-selected query root index 3 with (transferred) label 1
[Check] Sample budget = 60000
[Check] Sum of instance estimates = 56497.55, Global estimate = 56497.55, Ratio = 1.00
[Info] Appended instance results for query_4_0.graph to CSV in long format.
Global Estimated Value: 56497.55
/home/wangshuo/projects/PROXY/datasets/amazon/query_graph_sum/query_4_0.graph Finished!


Start Processing /home/wangshuo/projects/PROXY/datasets/amazon/query_graph_sum/query_4_102.graph for core instances with query nodes: 1 3 
[Info] Auto-selected query root index 3 with (transferred) label 1
[Check] Sample budget = 60000
[Check] Sum of instance estimates = 58444.70, Global estimate = 58444.70, Ratio = 1.00
[Info] Appended instance results for query_4_102.graph to CSV in long format.
Global Estimated Value: 58444.70
/home/wangshuo/projects/PROXY/datasets/amazon/query_graph_sum/query_4_102.graph Finished!


Start Processing /home/wangshuo/projects/PROXY/datasets/amazon/query_graph_sum/query_4_103.graph for core instances with query nodes: 0 3 
[Info] Auto-selected query root index 3 with (transferred) label 1
[Check] Sample budget = 60000
[Check] Sum of instance estimates = 54298.33, Global estimate = 54298.33, Ratio = 1.00
[Info] Appended instance results for query_4_103.graph to CSV in long format.
Global Estimated Value: 54298.33
/home/wangshuo/projects/PROXY/datasets/amazon/query_graph_sum/query_4_103.graph Finished!


Start Processing /home/wangshuo/projects/PROXY/datasets/amazon/query_graph_sum/query_4_115.graph for core instances with query nodes: 1 2 
[Info] Auto-selected query root index 2 with (transferred) label 1
[Check] Sample budget = 60000
[Check] Sum of instance estimates = 2531551.43, Global estimate = 2531551.43, Ratio = 1.00
[Info] Appended instance results for query_4_115.graph to CSV in long format.
Global Estimated Value: 2531551.43
/home/wangshuo/projects/PROXY/datasets/amazon/query_graph_sum/query_4_115.graph Finished!


Start Processing /home/wangshuo/projects/PROXY/datasets/amazon/query_graph_sum/query_4_119.graph for core instances with query nodes: 1 2 
[Info] Auto-selected query root index 1 with (transferred) label 1
[Check] Sample budget = 60000
[Check] Sum of instance estimates = 57783.32, Global estimate = 57783.32, Ratio = 1.00
[Info] Appended instance results for query_4_119.graph to CSV in long format.
Global Estimated Value: 57783.32
/home/wangshuo/projects/PROXY/datasets/amazon/query_graph_sum/query_4_119.graph Finished!


Start Processing /home/wangshuo/projects/PROXY/datasets/amazon/query_graph_sum/query_4_12.graph for core instances with query nodes: 0 1 
[Info] Auto-selected query root index 1 with (transferred) label 1
[Check] Sample budget = 60000
[Check] Sum of instance estimates = 2552488.78, Global estimate = 2552488.78, Ratio = 1.00
[Info] Appended instance results for query_4_12.graph to CSV in long format.
Global Estimated Value: 2552488.78
/home/wangshuo/projects/PROXY/datasets/amazon/query_graph_sum/query_4_12.graph Finished!


Start Processing /home/wangshuo/projects/PROXY/datasets/amazon/query_graph_sum/query_4_120.graph for core instances with query nodes: 0 1 
[Info] Auto-selected query root index 0 with (transferred) label 1
[Check] Sample budget = 60000
[Check] Sum of instance estimates = 2600508.52, Global estimate = 2600508.52, Ratio = 1.00
[Info] Appended instance results for query_4_120.graph to CSV in long format.
Global Estimated Value: 2600508.52
/home/wangshuo/projects/PROXY/datasets/amazon/query_graph_sum/query_4_120.graph Finished!


Start Processing /home/wangshuo/projects/PROXY/datasets/amazon/query_graph_sum/query_4_124.graph for core instances with query nodes: 1 3 
[Info] Auto-selected query root index 3 with (transferred) label 1
[Check] Sample budget = 60000
[Check] Sum of instance estimates = 2554868.29, Global estimate = 2554868.29, Ratio = 1.00
[Info] Appended instance results for query_4_124.graph to CSV in long format.
Global Estimated Value: 2554868.29
/home/wangshuo/projects/PROXY/datasets/amazon/query_graph_sum/query_4_124.graph Finished!


Start Processing /home/wangshuo/projects/PROXY/datasets/amazon/query_graph_sum/query_4_125.graph for core instances with query nodes: 0 1 3 
[Info] Auto-selected query root index 0 with (transferred) label 1
[Check] Sample budget = 60000
[Check] Sum of instance estimates = 57143.30, Global estimate = 57143.30, Ratio = 1.00
[Info] Appended instance results for query_4_125.graph to CSV in long format.
Global Estimated Value: 57143.30
/home/wangshuo/projects/PROXY/datasets/amazon/query_graph_sum/query_4_125.graph Finished!


Start Processing /home/wangshuo/projects/PROXY/datasets/amazon/query_graph_sum/query_4_136.graph for core instances with query nodes: 0 1 
[Info] Auto-selected query root index 0 with (transferred) label 1
[Check] Sample budget = 60000
[Check] Sum of instance estimates = 2617657.88, Global estimate = 2617657.88, Ratio = 1.00
[Info] Appended instance results for query_4_136.graph to CSV in long format.
Global Estimated Value: 2617657.88
/home/wangshuo/projects/PROXY/datasets/amazon/query_graph_sum/query_4_136.graph Finished!


Start Processing /home/wangshuo/projects/PROXY/datasets/amazon/query_graph_sum/query_4_140.graph for core instances with query nodes: 0 3 
[Info] Auto-selected query root index 0 with (transferred) label 1
[Check] Sample budget = 60000
[Check] Sum of instance estimates = 55605.87, Global estimate = 55605.87, Ratio = 1.00
[Info] Appended instance results for query_4_140.graph to CSV in long format.
Global Estimated Value: 55605.87
/home/wangshuo/projects/PROXY/datasets/amazon/query_graph_sum/query_4_140.graph Finished!


Start Processing /home/wangshuo/projects/PROXY/datasets/amazon/query_graph_sum/query_4_147.graph for core instances with query nodes: 2 3 
[Info] Auto-selected query root index 2 with (transferred) label 1
[Check] Sample budget = 60000
[Check] Sum of instance estimates = 2554470.96, Global estimate = 2554470.96, Ratio = 1.00
[Info] Appended instance results for query_4_147.graph to CSV in long format.
Global Estimated Value: 2554470.96
/home/wangshuo/projects/PROXY/datasets/amazon/query_graph_sum/query_4_147.graph Finished!


Start Processing /home/wangshuo/projects/PROXY/datasets/amazon/query_graph_sum/query_4_15.graph for core instances with query nodes: 1 2 3 
[Info] Auto-selected query root index 2 with (transferred) label 1
[Check] Sample budget = 60000
[Check] Sum of instance estimates = 59067.45, Global estimate = 59067.45, Ratio = 1.00
[Info] Appended instance results for query_4_15.graph to CSV in long format.
Global Estimated Value: 59067.45
/home/wangshuo/projects/PROXY/datasets/amazon/query_graph_sum/query_4_15.graph Finished!


Start Processing /home/wangshuo/projects/PROXY/datasets/amazon/query_graph_sum/query_4_18.graph for core instances with query nodes: 0 3 
[Info] Auto-selected query root index 0 with (transferred) label 1
[Check] Sample budget = 60000
[Check] Sum of instance estimates = 2598295.30, Global estimate = 2598295.30, Ratio = 1.00
[Info] Appended instance results for query_4_18.graph to CSV in long format.
Global Estimated Value: 2598295.30
/home/wangshuo/projects/PROXY/datasets/amazon/query_graph_sum/query_4_18.graph Finished!


Start Processing /home/wangshuo/projects/PROXY/datasets/amazon/query_graph_sum/query_4_19.graph for core instances with query nodes: 0 1 3 
[Info] Auto-selected query root index 0 with (transferred) label 1
[Check] Sample budget = 60000
[Check] Sum of instance estimates = 2557836.31, Global estimate = 2557836.31, Ratio = 1.00
[Info] Appended instance results for query_4_19.graph to CSV in long format.
Global Estimated Value: 2557836.31
/home/wangshuo/projects/PROXY/datasets/amazon/query_graph_sum/query_4_19.graph Finished!


Start Processing /home/wangshuo/projects/PROXY/datasets/amazon/query_graph_sum/query_4_20.graph for core instances with query nodes: 0 1 
[Info] Auto-selected query root index 0 with (transferred) label 1
[Check] Sample budget = 60000
[Check] Sum of instance estimates = 2552460.01, Global estimate = 2552460.01, Ratio = 1.00
[Info] Appended instance results for query_4_20.graph to CSV in long format.
Global Estimated Value: 2552460.01
/home/wangshuo/projects/PROXY/datasets/amazon/query_graph_sum/query_4_20.graph Finished!


Start Processing /home/wangshuo/projects/PROXY/datasets/amazon/query_graph_sum/query_4_25.graph for core instances with query nodes: 0 1 
[Info] Auto-selected query root index 0 with (transferred) label 1
[Check] Sample budget = 60000
[Check] Sum of instance estimates = 58057.91, Global estimate = 58057.91, Ratio = 1.00
[Info] Appended instance results for query_4_25.graph to CSV in long format.
Global Estimated Value: 58057.91
/home/wangshuo/projects/PROXY/datasets/amazon/query_graph_sum/query_4_25.graph Finished!


Start Processing /home/wangshuo/projects/PROXY/datasets/amazon/query_graph_sum/query_4_27.graph for core instances with query nodes: 1 2 3 
[Info] Auto-selected query root index 2 with (transferred) label 1
[Check] Sample budget = 60000
[Check] Sum of instance estimates = 57773.37, Global estimate = 57773.37, Ratio = 1.00
[Info] Appended instance results for query_4_27.graph to CSV in long format.
Global Estimated Value: 57773.37
/home/wangshuo/projects/PROXY/datasets/amazon/query_graph_sum/query_4_27.graph Finished!


Start Processing /home/wangshuo/projects/PROXY/datasets/amazon/query_graph_sum/query_4_28.graph for core instances with query nodes: 0 3 
[Info] Auto-selected query root index 3 with (transferred) label 1
[Check] Sample budget = 60000
[Check] Sum of instance estimates = 60000.67, Global estimate = 60000.67, Ratio = 1.00
[Info] Appended instance results for query_4_28.graph to CSV in long format.
Global Estimated Value: 60000.67
/home/wangshuo/projects/PROXY/datasets/amazon/query_graph_sum/query_4_28.graph Finished!


Start Processing /home/wangshuo/projects/PROXY/datasets/amazon/query_graph_sum/query_4_29.graph for core instances with query nodes: 1 2 
[Info] Auto-selected query root index 2 with (transferred) label 1
[Check] Sample budget = 60000
[Check] Sum of instance estimates = 2643696.69, Global estimate = 2643696.69, Ratio = 1.00
[Info] Appended instance results for query_4_29.graph to CSV in long format.
Global Estimated Value: 2643696.69
/home/wangshuo/projects/PROXY/datasets/amazon/query_graph_sum/query_4_29.graph Finished!


Start Processing /home/wangshuo/projects/PROXY/datasets/amazon/query_graph_sum/query_4_42.graph for core instances with query nodes: 0 1 
[Info] Auto-selected query root index 0 with (transferred) label 1
[Check] Sample budget = 60000
[Check] Sum of instance estimates = 59664.80, Global estimate = 59664.80, Ratio = 1.00
[Info] Appended instance results for query_4_42.graph to CSV in long format.
Global Estimated Value: 59664.80
/home/wangshuo/projects/PROXY/datasets/amazon/query_graph_sum/query_4_42.graph Finished!


Start Processing /home/wangshuo/projects/PROXY/datasets/amazon/query_graph_sum/query_4_51.graph for core instances with query nodes: 2 3 
[Info] Auto-selected query root index 2 with (transferred) label 1
[Check] Sample budget = 60000
[Check] Sum of instance estimates = 2581111.79, Global estimate = 2581111.79, Ratio = 1.00
[Info] Appended instance results for query_4_51.graph to CSV in long format.
Global Estimated Value: 2581111.79
/home/wangshuo/projects/PROXY/datasets/amazon/query_graph_sum/query_4_51.graph Finished!


Start Processing /home/wangshuo/projects/PROXY/datasets/amazon/query_graph_sum/query_4_57.graph for core instances with query nodes: 0 1 
[Info] Auto-selected query root index 0 with (transferred) label 1
[Check] Sample budget = 60000
[Check] Sum of instance estimates = 57666.29, Global estimate = 57666.29, Ratio = 1.00
[Info] Appended instance results for query_4_57.graph to CSV in long format.
Global Estimated Value: 57666.29
/home/wangshuo/projects/PROXY/datasets/amazon/query_graph_sum/query_4_57.graph Finished!


Start Processing /home/wangshuo/projects/PROXY/datasets/amazon/query_graph_sum/query_4_60.graph for core instances with query nodes: 0 1 
[Info] Auto-selected query root index 0 with (transferred) label 1
[Check] Sample budget = 60000
[Check] Sum of instance estimates = 57905.44, Global estimate = 57905.44, Ratio = 1.00
[Info] Appended instance results for query_4_60.graph to CSV in long format.
Global Estimated Value: 57905.44
/home/wangshuo/projects/PROXY/datasets/amazon/query_graph_sum/query_4_60.graph Finished!


Start Processing /home/wangshuo/projects/PROXY/datasets/amazon/query_graph_sum/query_4_61.graph for core instances with query nodes: 1 2 3 
[Info] Auto-selected query root index 3 with (transferred) label 1
[Check] Sample budget = 60000
[Check] Sum of instance estimates = 2653227.99, Global estimate = 2653227.99, Ratio = 1.00
[Info] Appended instance results for query_4_61.graph to CSV in long format.
Global Estimated Value: 2653227.99
/home/wangshuo/projects/PROXY/datasets/amazon/query_graph_sum/query_4_61.graph Finished!


Start Processing /home/wangshuo/projects/PROXY/datasets/amazon/query_graph_sum/query_4_67.graph for core instances with query nodes: 0 1 2 
[Info] Auto-selected query root index 1 with (transferred) label 1
[Check] Sample budget = 60000
[Check] Sum of instance estimates = 56298.87, Global estimate = 56298.87, Ratio = 1.00
[Info] Appended instance results for query_4_67.graph to CSV in long format.
Global Estimated Value: 56298.87
/home/wangshuo/projects/PROXY/datasets/amazon/query_graph_sum/query_4_67.graph Finished!


Start Processing /home/wangshuo/projects/PROXY/datasets/amazon/query_graph_sum/query_4_77.graph for core instances with query nodes: 0 2 3 
[Info] Auto-selected query root index 3 with (transferred) label 1
[Check] Sample budget = 60000
[Check] Sum of instance estimates = 57389.99, Global estimate = 57389.99, Ratio = 1.00
[Info] Appended instance results for query_4_77.graph to CSV in long format.
Global Estimated Value: 57389.99
/home/wangshuo/projects/PROXY/datasets/amazon/query_graph_sum/query_4_77.graph Finished!


Start Processing /home/wangshuo/projects/PROXY/datasets/amazon/query_graph_sum/query_4_79.graph for core instances with query nodes: 0 1 
[Info] Auto-selected query root index 0 with (transferred) label 1
[Check] Sample budget = 60000
[Check] Sum of instance estimates = 54612.12, Global estimate = 54612.12, Ratio = 1.00
[Info] Appended instance results for query_4_79.graph to CSV in long format.
Global Estimated Value: 54612.12
/home/wangshuo/projects/PROXY/datasets/amazon/query_graph_sum/query_4_79.graph Finished!


Start Processing /home/wangshuo/projects/PROXY/datasets/amazon/query_graph_sum/query_4_83.graph for core instances with query nodes: 0 3 
[Info] Auto-selected query root index 3 with (transferred) label 1
[Check] Sample budget = 60000
[Check] Sum of instance estimates = 59997.34, Global estimate = 59997.34, Ratio = 1.00
[Info] Appended instance results for query_4_83.graph to CSV in long format.
Global Estimated Value: 59997.34
/home/wangshuo/projects/PROXY/datasets/amazon/query_graph_sum/query_4_83.graph Finished!


Start Processing /home/wangshuo/projects/PROXY/datasets/amazon/query_graph_sum/query_4_87.graph for core instances with query nodes: 0 1 
[Info] Auto-selected query root index 1 with (transferred) label 1
[Check] Sample budget = 60000
[Check] Sum of instance estimates = 56071.22, Global estimate = 56071.22, Ratio = 1.00
[Info] Appended instance results for query_4_87.graph to CSV in long format.
Global Estimated Value: 56071.22
/home/wangshuo/projects/PROXY/datasets/amazon/query_graph_sum/query_4_87.graph Finished!


Start Processing /home/wangshuo/projects/PROXY/datasets/amazon/query_graph_sum/query_4_96.graph for core instances with query nodes: 0 3 
[Info] Auto-selected query root index 0 with (transferred) label 1
[Check] Sample budget = 60000
[Check] Sum of instance estimates = 60435.79, Global estimate = 60435.79, Ratio = 1.00
[Info] Appended instance results for query_4_96.graph to CSV in long format.
Global Estimated Value: 60435.79
/home/wangshuo/projects/PROXY/datasets/amazon/query_graph_sum/query_4_96.graph Finished!


Start Processing /home/wangshuo/projects/PROXY/datasets/amazon/query_graph_sum/query_5_1.graph for core instances with query nodes: 0 3 
[Info] Auto-selected query root index 3 with (transferred) label 1
[Check] Sample budget = 60000
[Check] Sum of instance estimates = 758997.42, Global estimate = 758997.42, Ratio = 1.00
[Info] Appended instance results for query_5_1.graph to CSV in long format.
Global Estimated Value: 758997.42
/home/wangshuo/projects/PROXY/datasets/amazon/query_graph_sum/query_5_1.graph Finished!


Start Processing /home/wangshuo/projects/PROXY/datasets/amazon/query_graph_sum/query_5_101.graph for core instances with query nodes: 0 3 
[Info] Auto-selected query root index 3 with (transferred) label 1
[Check] Sample budget = 60000
[Check] Sum of instance estimates = 12017.56, Global estimate = 12017.56, Ratio = 1.00
[Info] Appended instance results for query_5_101.graph to CSV in long format.
Global Estimated Value: 12017.56
/home/wangshuo/projects/PROXY/datasets/amazon/query_graph_sum/query_5_101.graph Finished!


Start Processing /home/wangshuo/projects/PROXY/datasets/amazon/query_graph_sum/query_5_105.graph for core instances with query nodes: 1 4 
[Info] Auto-selected query root index 4 with (transferred) label 1
[Check] Sample budget = 60000
[Check] Sum of instance estimates = 48039947.51, Global estimate = 48039947.51, Ratio = 1.00
[Info] Appended instance results for query_5_105.graph to CSV in long format.
Global Estimated Value: 48039947.51
/home/wangshuo/projects/PROXY/datasets/amazon/query_graph_sum/query_5_105.graph Finished!


Start Processing /home/wangshuo/projects/PROXY/datasets/amazon/query_graph_sum/query_5_11.graph for core instances with query nodes: 0 2 4 
[Info] Auto-selected query root index 1 with (transferred) label 2
[Check] Sample budget = 60000
[Check] Sum of instance estimates = 10019.89, Global estimate = 10019.89, Ratio = 1.00
[Info] Appended instance results for query_5_11.graph to CSV in long format.
Global Estimated Value: 10019.89
/home/wangshuo/projects/PROXY/datasets/amazon/query_graph_sum/query_5_11.graph Finished!


Start Processing /home/wangshuo/projects/PROXY/datasets/amazon/query_graph_sum/query_5_113.graph for core instances with query nodes: 0 3 4 
[Info] Auto-selected query root index 3 with (transferred) label 1
[Check] Sample budget = 60000
[Check] Sum of instance estimates = 24316.86, Global estimate = 24316.86, Ratio = 1.00
[Info] Appended instance results for query_5_113.graph to CSV in long format.
Global Estimated Value: 24316.86
/home/wangshuo/projects/PROXY/datasets/amazon/query_graph_sum/query_5_113.graph Finished!


Start Processing /home/wangshuo/projects/PROXY/datasets/amazon/query_graph_sum/query_5_115.graph for core instances with query nodes: 2 3 4 
[Info] Auto-selected query root index 4 with (transferred) label 1
[Check] Sample budget = 60000
[Check] Sum of instance estimates = 716564.60, Global estimate = 716564.60, Ratio = 1.00
[Info] Appended instance results for query_5_115.graph to CSV in long format.
Global Estimated Value: 716564.60
/home/wangshuo/projects/PROXY/datasets/amazon/query_graph_sum/query_5_115.graph Finished!


Start Processing /home/wangshuo/projects/PROXY/datasets/amazon/query_graph_sum/query_5_116.graph for core instances with query nodes: 0 3 
[Info] Auto-selected query root index 0 with (transferred) label 1
[Check] Sample budget = 60000
[Check] Sum of instance estimates = 21076.43, Global estimate = 21076.43, Ratio = 1.00
[Info] Appended instance results for query_5_116.graph to CSV in long format.
Global Estimated Value: 21076.43
/home/wangshuo/projects/PROXY/datasets/amazon/query_graph_sum/query_5_116.graph Finished!


Start Processing /home/wangshuo/projects/PROXY/datasets/amazon/query_graph_sum/query_5_117.graph for core instances with query nodes: 2 3 4 
[Info] Auto-selected query root index 4 with (transferred) label 1
[Check] Sample budget = 60000
[Check] Sum of instance estimates = 21206.51, Global estimate = 21206.51, Ratio = 1.00
[Info] Appended instance results for query_5_117.graph to CSV in long format.
Global Estimated Value: 21206.51
/home/wangshuo/projects/PROXY/datasets/amazon/query_graph_sum/query_5_117.graph Finished!


Start Processing /home/wangshuo/projects/PROXY/datasets/amazon/query_graph_sum/query_5_12.graph for core instances with query nodes: 0 4 
[Info] Auto-selected query root index 4 with (transferred) label 1
[Check] Sample budget = 60000
[Check] Sum of instance estimates = 9978.92, Global estimate = 9978.92, Ratio = 1.00
[Info] Appended instance results for query_5_12.graph to CSV in long format.
Global Estimated Value: 9978.92
/home/wangshuo/projects/PROXY/datasets/amazon/query_graph_sum/query_5_12.graph Finished!


Start Processing /home/wangshuo/projects/PROXY/datasets/amazon/query_graph_sum/query_5_120.graph for core instances with query nodes: 2 3 4 
[Info] Auto-selected query root index 4 with (transferred) label 1
[Check] Sample budget = 60000
[Check] Sum of instance estimates = 21723.13, Global estimate = 21723.13, Ratio = 1.00
[Info] Appended instance results for query_5_120.graph to CSV in long format.
Global Estimated Value: 21723.13
/home/wangshuo/projects/PROXY/datasets/amazon/query_graph_sum/query_5_120.graph Finished!


Start Processing /home/wangshuo/projects/PROXY/datasets/amazon/query_graph_sum/query_5_130.graph for core instances with query nodes: 2 3 
[Info] Auto-selected query root index 2 with (transferred) label 1
[Check] Sample budget = 60000
[Check] Sum of instance estimates = 45216075.46, Global estimate = 45216075.46, Ratio = 1.00
[Info] Appended instance results for query_5_130.graph to CSV in long format.
Global Estimated Value: 45216075.46
/home/wangshuo/projects/PROXY/datasets/amazon/query_graph_sum/query_5_130.graph Finished!


Start Processing /home/wangshuo/projects/PROXY/datasets/amazon/query_graph_sum/query_5_131.graph for core instances with query nodes: 0 1 4 
[Info] Auto-selected query root index 1 with (transferred) label 1
[Check] Sample budget = 60000
[Check] Sum of instance estimates = 739318.04, Global estimate = 739318.04, Ratio = 1.00
[Info] Appended instance results for query_5_131.graph to CSV in long format.
Global Estimated Value: 739318.04
/home/wangshuo/projects/PROXY/datasets/amazon/query_graph_sum/query_5_131.graph Finished!


Start Processing /home/wangshuo/projects/PROXY/datasets/amazon/query_graph_sum/query_5_138.graph for core instances with query nodes: 3 4 
[Info] Auto-selected query root index 4 with (transferred) label 1
[Check] Sample budget = 60000
[Check] Sum of instance estimates = 737511.09, Global estimate = 737511.09, Ratio = 1.00
[Info] Appended instance results for query_5_138.graph to CSV in long format.
Global Estimated Value: 737511.09
/home/wangshuo/projects/PROXY/datasets/amazon/query_graph_sum/query_5_138.graph Finished!


Start Processing /home/wangshuo/projects/PROXY/datasets/amazon/query_graph_sum/query_5_139.graph for core instances with query nodes: 2 3 4 
[Info] Auto-selected query root index 4 with (transferred) label 1
[Check] Sample budget = 60000
[Check] Sum of instance estimates = 48082192.87, Global estimate = 48082192.87, Ratio = 1.00
[Info] Appended instance results for query_5_139.graph to CSV in long format.
Global Estimated Value: 48082192.87
/home/wangshuo/projects/PROXY/datasets/amazon/query_graph_sum/query_5_139.graph Finished!


Start Processing /home/wangshuo/projects/PROXY/datasets/amazon/query_graph_sum/query_5_144.graph for core instances with query nodes: 0 2 
[Info] Auto-selected query root index 0 with (transferred) label 1
[Check] Sample budget = 60000
[Check] Sum of instance estimates = 47817142.52, Global estimate = 47817142.52, Ratio = 1.00
[Info] Appended instance results for query_5_144.graph to CSV in long format.
Global Estimated Value: 47817142.52
/home/wangshuo/projects/PROXY/datasets/amazon/query_graph_sum/query_5_144.graph Finished!


Start Processing /home/wangshuo/projects/PROXY/datasets/amazon/query_graph_sum/query_5_2.graph for core instances with query nodes: 3 4 
[Info] Auto-selected query root index 4 with (transferred) label 1
[Check] Sample budget = 60000
[Check] Sum of instance estimates = 10449.13, Global estimate = 10449.13, Ratio = 1.00
[Info] Appended instance results for query_5_2.graph to CSV in long format.
Global Estimated Value: 10449.13
/home/wangshuo/projects/PROXY/datasets/amazon/query_graph_sum/query_5_2.graph Finished!


Start Processing /home/wangshuo/projects/PROXY/datasets/amazon/query_graph_sum/query_5_33.graph for core instances with query nodes: 0 1 
[Info] Auto-selected query root index 0 with (transferred) label 1
[Check] Sample budget = 60000
[Check] Sum of instance estimates = 12050.54, Global estimate = 12050.54, Ratio = 1.00
[Info] Appended instance results for query_5_33.graph to CSV in long format.
Global Estimated Value: 12050.54
/home/wangshuo/projects/PROXY/datasets/amazon/query_graph_sum/query_5_33.graph Finished!


Start Processing /home/wangshuo/projects/PROXY/datasets/amazon/query_graph_sum/query_5_35.graph for core instances with query nodes: 3 4 
[Info] Auto-selected query root index 3 with (transferred) label 1
[Check] Sample budget = 60000
[Check] Sum of instance estimates = 46302732.24, Global estimate = 46302732.24, Ratio = 1.00
[Info] Appended instance results for query_5_35.graph to CSV in long format.
Global Estimated Value: 46302732.24
/home/wangshuo/projects/PROXY/datasets/amazon/query_graph_sum/query_5_35.graph Finished!


Start Processing /home/wangshuo/projects/PROXY/datasets/amazon/query_graph_sum/query_5_37.graph for core instances with query nodes: 2 3 
[Info] Auto-selected query root index 4 with (transferred) label 4
[Check] Sample budget = 60000
[Check] Sum of instance estimates = 11212.13, Global estimate = 11212.13, Ratio = 1.00
[Info] Appended instance results for query_5_37.graph to CSV in long format.
Global Estimated Value: 11212.13
/home/wangshuo/projects/PROXY/datasets/amazon/query_graph_sum/query_5_37.graph Finished!


Start Processing /home/wangshuo/projects/PROXY/datasets/amazon/query_graph_sum/query_5_38.graph for core instances with query nodes: 0 4 
[Info] Auto-selected query root index 4 with (transferred) label 1
[Check] Sample budget = 60000
[Check] Sum of instance estimates = 756713.19, Global estimate = 756713.19, Ratio = 1.00
[Info] Appended instance results for query_5_38.graph to CSV in long format.
Global Estimated Value: 756713.19
/home/wangshuo/projects/PROXY/datasets/amazon/query_graph_sum/query_5_38.graph Finished!


Start Processing /home/wangshuo/projects/PROXY/datasets/amazon/query_graph_sum/query_5_45.graph for core instances with query nodes: 0 2 
[Info] Auto-selected query root index 2 with (transferred) label 1
[Check] Sample budget = 60000
[Check] Sum of instance estimates = 44810821.88, Global estimate = 44810821.88, Ratio = 1.00
[Info] Appended instance results for query_5_45.graph to CSV in long format.
Global Estimated Value: 44810821.88
/home/wangshuo/projects/PROXY/datasets/amazon/query_graph_sum/query_5_45.graph Finished!


Start Processing /home/wangshuo/projects/PROXY/datasets/amazon/query_graph_sum/query_5_47.graph for core instances with query nodes: 3 4 
[Info] Auto-selected query root index 4 with (transferred) label 1
[Check] Sample budget = 60000
[Check] Sum of instance estimates = 741404.55, Global estimate = 741404.55, Ratio = 1.00
[Info] Appended instance results for query_5_47.graph to CSV in long format.
Global Estimated Value: 741404.55
/home/wangshuo/projects/PROXY/datasets/amazon/query_graph_sum/query_5_47.graph Finished!


Start Processing /home/wangshuo/projects/PROXY/datasets/amazon/query_graph_sum/query_5_48.graph for core instances with query nodes: 0 2 
[Info] Auto-selected query root index 0 with (transferred) label 1
[Check] Sample budget = 60000
[Check] Sum of instance estimates = 45693129.60, Global estimate = 45693129.60, Ratio = 1.00
[Info] Appended instance results for query_5_48.graph to CSV in long format.
Global Estimated Value: 45693129.60
/home/wangshuo/projects/PROXY/datasets/amazon/query_graph_sum/query_5_48.graph Finished!


Start Processing /home/wangshuo/projects/PROXY/datasets/amazon/query_graph_sum/query_5_5.graph for core instances with query nodes: 1 4 
[Info] Auto-selected query root index 4 with (transferred) label 1
[Check] Sample budget = 60000
[Check] Sum of instance estimates = 10152.09, Global estimate = 10152.09, Ratio = 1.00
[Info] Appended instance results for query_5_5.graph to CSV in long format.
Global Estimated Value: 10152.09
/home/wangshuo/projects/PROXY/datasets/amazon/query_graph_sum/query_5_5.graph Finished!


Start Processing /home/wangshuo/projects/PROXY/datasets/amazon/query_graph_sum/query_5_51.graph for core instances with query nodes: 2 4 
[Info] Auto-selected query root index 2 with (transferred) label 1
[Check] Sample budget = 60000
[Check] Sum of instance estimates = 44523787.90, Global estimate = 44523787.90, Ratio = 1.00
[Info] Appended instance results for query_5_51.graph to CSV in long format.
Global Estimated Value: 44523787.90
/home/wangshuo/projects/PROXY/datasets/amazon/query_graph_sum/query_5_51.graph Finished!


Start Processing /home/wangshuo/projects/PROXY/datasets/amazon/query_graph_sum/query_5_55.graph for core instances with query nodes: 1 2 4 
[Info] Auto-selected query root index 1 with (transferred) label 1
[Check] Sample budget = 60000
[Check] Sum of instance estimates = 740294.06, Global estimate = 740294.06, Ratio = 1.00
[Info] Appended instance results for query_5_55.graph to CSV in long format.
Global Estimated Value: 740294.06
/home/wangshuo/projects/PROXY/datasets/amazon/query_graph_sum/query_5_55.graph Finished!


Start Processing /home/wangshuo/projects/PROXY/datasets/amazon/query_graph_sum/query_5_56.graph for core instances with query nodes: 0 2 4 
[Info] Auto-selected query root index 3 with (transferred) label 0
[Check] Sample budget = 60000
[Check] Sum of instance estimates = 11035.96, Global estimate = 11035.96, Ratio = 1.00
[Info] Appended instance results for query_5_56.graph to CSV in long format.
Global Estimated Value: 11035.96
/home/wangshuo/projects/PROXY/datasets/amazon/query_graph_sum/query_5_56.graph Finished!


Start Processing /home/wangshuo/projects/PROXY/datasets/amazon/query_graph_sum/query_5_59.graph for core instances with query nodes: 1 2 
[Info] Auto-selected query root index 1 with (transferred) label 1
[Check] Sample budget = 60000
[Check] Sum of instance estimates = 44343300.06, Global estimate = 44343300.06, Ratio = 1.00
[Info] Appended instance results for query_5_59.graph to CSV in long format.
Global Estimated Value: 44343300.06
/home/wangshuo/projects/PROXY/datasets/amazon/query_graph_sum/query_5_59.graph Finished!


Start Processing /home/wangshuo/projects/PROXY/datasets/amazon/query_graph_sum/query_5_61.graph for core instances with query nodes: 0 1 
[Info] Auto-selected query root index 1 with (transferred) label 1
[Check] Sample budget = 60000
[Check] Sum of instance estimates = 730397.18, Global estimate = 730397.18, Ratio = 1.00
[Info] Appended instance results for query_5_61.graph to CSV in long format.
Global Estimated Value: 730397.18
/home/wangshuo/projects/PROXY/datasets/amazon/query_graph_sum/query_5_61.graph Finished!


Start Processing /home/wangshuo/projects/PROXY/datasets/amazon/query_graph_sum/query_5_62.graph for core instances with query nodes: 3 4 
[Info] Auto-selected query root index 4 with (transferred) label 1
[Check] Sample budget = 60000
[Check] Sum of instance estimates = 23145.28, Global estimate = 23145.28, Ratio = 1.00
[Info] Appended instance results for query_5_62.graph to CSV in long format.
Global Estimated Value: 23145.28
/home/wangshuo/projects/PROXY/datasets/amazon/query_graph_sum/query_5_62.graph Finished!


Start Processing /home/wangshuo/projects/PROXY/datasets/amazon/query_graph_sum/query_5_70.graph for core instances with query nodes: 1 4 
[Info] Auto-selected query root index 0 with (transferred) label 4
[Check] Sample budget = 60000
[Check] Sum of instance estimates = 12014.16, Global estimate = 12014.16, Ratio = 1.00
[Info] Appended instance results for query_5_70.graph to CSV in long format.
Global Estimated Value: 12014.16
/home/wangshuo/projects/PROXY/datasets/amazon/query_graph_sum/query_5_70.graph Finished!


Start Processing /home/wangshuo/projects/PROXY/datasets/amazon/query_graph_sum/query_5_75.graph for core instances with query nodes: 1 2 4 
[Info] Auto-selected query root index 2 with (transferred) label 1
[Check] Sample budget = 60000
[Check] Sum of instance estimates = 18970.09, Global estimate = 18970.09, Ratio = 1.00
[Info] Appended instance results for query_5_75.graph to CSV in long format.
Global Estimated Value: 18970.09
/home/wangshuo/projects/PROXY/datasets/amazon/query_graph_sum/query_5_75.graph Finished!


Start Processing /home/wangshuo/projects/PROXY/datasets/amazon/query_graph_sum/query_5_8.graph for core instances with query nodes: 0 4 
[Info] Auto-selected query root index 0 with (transferred) label 1
[Check] Sample budget = 60000
[Check] Sum of instance estimates = 19640.17, Global estimate = 19640.17, Ratio = 1.00
[Info] Appended instance results for query_5_8.graph to CSV in long format.
Global Estimated Value: 19640.17
/home/wangshuo/projects/PROXY/datasets/amazon/query_graph_sum/query_5_8.graph Finished!


Start Processing /home/wangshuo/projects/PROXY/datasets/amazon/query_graph_sum/query_5_86.graph for core instances with query nodes: 1 3 
[Info] Auto-selected query root index 3 with (transferred) label 1
[Check] Sample budget = 60000
[Check] Sum of instance estimates = 46333988.32, Global estimate = 46333988.32, Ratio = 1.00
[Info] Appended instance results for query_5_86.graph to CSV in long format.
Global Estimated Value: 46333988.32
/home/wangshuo/projects/PROXY/datasets/amazon/query_graph_sum/query_5_86.graph Finished!


Start Processing /home/wangshuo/projects/PROXY/datasets/amazon/query_graph_sum/query_5_88.graph for core instances with query nodes: 1 4 
[Info] Auto-selected query root index 0 with (transferred) label 4
[Check] Sample budget = 60000
[Check] Sum of instance estimates = 12716.32, Global estimate = 12716.32, Ratio = 1.00
[Info] Appended instance results for query_5_88.graph to CSV in long format.
Global Estimated Value: 12716.32
/home/wangshuo/projects/PROXY/datasets/amazon/query_graph_sum/query_5_88.graph Finished!


Start Processing /home/wangshuo/projects/PROXY/datasets/amazon/query_graph_sum/query_5_89.graph for core instances with query nodes: 0 3 4 
[Info] Auto-selected query root index 0 with (transferred) label 1
[Check] Sample budget = 60000
[Check] Sum of instance estimates = 20731.23, Global estimate = 20731.23, Ratio = 1.00
[Info] Appended instance results for query_5_89.graph to CSV in long format.
Global Estimated Value: 20731.23
/home/wangshuo/projects/PROXY/datasets/amazon/query_graph_sum/query_5_89.graph Finished!


Start Processing /home/wangshuo/projects/PROXY/datasets/amazon/query_graph_sum/query_5_90.graph for core instances with query nodes: 0 3 
[Info] Auto-selected query root index 0 with (transferred) label 1
[Check] Sample budget = 60000
[Check] Sum of instance estimates = 772359.82, Global estimate = 772359.82, Ratio = 1.00
[Info] Appended instance results for query_5_90.graph to CSV in long format.
Global Estimated Value: 772359.82
/home/wangshuo/projects/PROXY/datasets/amazon/query_graph_sum/query_5_90.graph Finished!


Start Processing /home/wangshuo/projects/PROXY/datasets/amazon/query_graph_sum/query_5_92.graph for core instances with query nodes: 0 4 
[Info] Auto-selected query root index 0 with (transferred) label 1
[Check] Sample budget = 60000
[Check] Sum of instance estimates = 10016.20, Global estimate = 10016.20, Ratio = 1.00
[Info] Appended instance results for query_5_92.graph to CSV in long format.
Global Estimated Value: 10016.20
/home/wangshuo/projects/PROXY/datasets/amazon/query_graph_sum/query_5_92.graph Finished!


Start Processing /home/wangshuo/projects/PROXY/datasets/amazon/query_graph_sum/query_5_93.graph for core instances with query nodes: 2 3 
[Info] Auto-selected query root index 2 with (transferred) label 1
[Check] Sample budget = 60000
[Check] Sum of instance estimates = 803487.53, Global estimate = 803487.53, Ratio = 1.00
[Info] Appended instance results for query_5_93.graph to CSV in long format.
Global Estimated Value: 803487.53
/home/wangshuo/projects/PROXY/datasets/amazon/query_graph_sum/query_5_93.graph Finished!


Start Processing /home/wangshuo/projects/PROXY/datasets/amazon/query_graph_sum/query_5_95.graph for core instances with query nodes: 0 3 
[Info] Auto-selected query root index 3 with (transferred) label 1
[Check] Sample budget = 60000
[Check] Sum of instance estimates = 11247.75, Global estimate = 11247.75, Ratio = 1.00
[Info] Appended instance results for query_5_95.graph to CSV in long format.
Global Estimated Value: 11247.75
/home/wangshuo/projects/PROXY/datasets/amazon/query_graph_sum/query_5_95.graph Finished!


Start Processing /home/wangshuo/projects/PROXY/datasets/amazon/query_graph_sum/query_5_97.graph for core instances with query nodes: 1 2 
[Info] Auto-selected query root index 1 with (transferred) label 1
[Check] Sample budget = 60000
[Check] Sum of instance estimates = 996275101.12, Global estimate = 996275101.12, Ratio = 1.00
[Info] Appended instance results for query_5_97.graph to CSV in long format.
Global Estimated Value: 996275101.12
/home/wangshuo/projects/PROXY/datasets/amazon/query_graph_sum/query_5_97.graph Finished!


Start Processing /home/wangshuo/projects/PROXY/datasets/amazon/query_graph_sum/query_5_99.graph for core instances with query nodes: 1 4 
[Info] Auto-selected query root index 1 with (transferred) label 1
[Check] Sample budget = 60000
[Check] Sum of instance estimates = 840701.62, Global estimate = 840701.62, Ratio = 1.00
[Info] Appended instance results for query_5_99.graph to CSV in long format.
Global Estimated Value: 840701.62
