bash: /home/wangshuo/software/anaconda3/lib/libtinfo.so.6: no version information available (required by bash)
==============================================================================
🚀 开始 Parler-E [SUM 模式] 一键评估
工作目录: /home/wangshuo/projects/PROXY
目标数据集: parler-E (ID: 1)
聚合配置: 表=post, 列=upvotes, Label=2
采样率梯度: 0.1
==============================================================================

[Step 1/2] 正在调用 C++ 引擎估计 SUM 投影空间权重并生成 aggregated 文件...
======================================================================
🚀 开始执行核心实例抽取与聚合流水线 (极致提速版)
   • 数据集名称 : parler-E
   • 聚合模式   : SUM  <--- [当前模式]
======================================================================

[Step 0] 启动 C++ FastestRunner...
🚀 正在运行: /home/wangshuo/projects/PROXY/cProject/build/Fastest -d parler-E --ROOT_LABEL -1 --SAMPLE_BUDGET 60000 --BASE_DIR /home/wangshuo/projects/PROXY/datasets --AGG_FUNC sum --SUM_TABLE post --SUM_COL upvotes --SUM_LABEL 2

[CLI] Root label set to -1
[CLI] Sample budget set to 60000
[CLI] Base Dir set to /home/wangshuo/projects/PROXY/datasets
[info] SAMPLE_BUDGET:60000
[Info] Cleared old estimate file: /home/wangshuo/projects/PROXY/datasets/parler-E/results/in_estimateW_result.txt
[Info] budget_curve_path: /home/wangshuo/projects/PROXY/datasets/parler-E/results/efficiency/FOIS_rs_POSS_budget_curve_fast.csv
[info] args:0x7ffd73311d28
[info] summary_run1_path:/home/wangshuo/projects/PROXY/datasets/parler-E/results/result_summarys/ML1_proxy4b_probability/results_summary_run_1.csv
[Info] Reading core nodes configuration from: /home/wangshuo/projects/PROXY/datasets/parler-E/data_graph/core_nodes_config.json
[Info] Loaded core query-node configs for 150 queries.
[Info] Loaded predicate-label configs for 150 queries.
[infor] root label-1
Constructing Candidate Space: 12 26
[info] Query Size:113
[Info] Loading SUM column from /home/wangshuo/projects/PROXY/datasets/parler-E/csv_data/post.csv col: upvotes
[Info] Agg column ready. Updated rows: 24082

Start Processing /home/wangshuo/projects/PROXY/datasets/parler-E/query_graph/query_cycle_4_0.graph for core instances with query nodes: 1 3 
[Info] Auto-selected query root index 1 with (transferred) label 2
[Check] Sample budget = 60000
[Check] Sum of instance estimates = 9.11547e+08, Global estimate = 9.11547e+08, Ratio = 1
[Info] Appended instance results for query_cycle_4_0.graph to CSV in long format.
Global Estimated Value: 911547369.33
/home/wangshuo/projects/PROXY/datasets/parler-E/query_graph/query_cycle_4_0.graph Finished!


Start Processing /home/wangshuo/projects/PROXY/datasets/parler-E/query_graph/query_cycle_4_1.graph for core instances with query nodes: 0 1 3 
[Info] Auto-selected query root index 1 with (transferred) label 2
[Check] Sample budget = 60000
[Check] Sum of instance estimates = 884066775.44, Global estimate = 884066775.44, Ratio = 1.00
[Info] Appended instance results for query_cycle_4_1.graph to CSV in long format.
Global Estimated Value: 884066775.44
/home/wangshuo/projects/PROXY/datasets/parler-E/query_graph/query_cycle_4_1.graph Finished!


Start Processing /home/wangshuo/projects/PROXY/datasets/parler-E/query_graph/query_cycle_4_10.graph for core instances with query nodes: 1 2 
[Info] Auto-selected query root index 3 with (transferred) label 0
[Check] Sample budget = 60000
[Check] Sum of instance estimates = 97999047.89, Global estimate = 97999047.89, Ratio = 1.00
[Info] Appended instance results for query_cycle_4_10.graph to CSV in long format.
Global Estimated Value: 97999047.89
/home/wangshuo/projects/PROXY/datasets/parler-E/query_graph/query_cycle_4_10.graph Finished!


Start Processing /home/wangshuo/projects/PROXY/datasets/parler-E/query_graph/query_cycle_4_11.graph for core instances with query nodes: 2 3 
[Info] Auto-selected query root index 2 with (transferred) label 2
[Check] Sample budget = 60000
[Check] Sum of instance estimates = 884605426.93, Global estimate = 884605426.93, Ratio = 1.00
[Info] Appended instance results for query_cycle_4_11.graph to CSV in long format.
Global Estimated Value: 884605426.93
/home/wangshuo/projects/PROXY/datasets/parler-E/query_graph/query_cycle_4_11.graph Finished!


Start Processing /home/wangshuo/projects/PROXY/datasets/parler-E/query_graph/query_cycle_4_12.graph for core instances with query nodes: 1 2 
[Info] Auto-selected query root index 1 with (transferred) label 2
[Check] Sample budget = 60000
[Check] Sum of instance estimates = 991478781.00, Global estimate = 991478781.00, Ratio = 1.00
[Info] Appended instance results for query_cycle_4_12.graph to CSV in long format.
Global Estimated Value: 991478781.00
/home/wangshuo/projects/PROXY/datasets/parler-E/query_graph/query_cycle_4_12.graph Finished!


Start Processing /home/wangshuo/projects/PROXY/datasets/parler-E/query_graph/query_cycle_4_13.graph for core instances with query nodes: 0 1 2 
[Info] Auto-selected query root index 1 with (transferred) label 2
[Check] Sample budget = 60000
[Check] Sum of instance estimates = 869400687.82, Global estimate = 869400687.82, Ratio = 1.00
[Info] Appended instance results for query_cycle_4_13.graph to CSV in long format.
Global Estimated Value: 869400687.82
/home/wangshuo/projects/PROXY/datasets/parler-E/query_graph/query_cycle_4_13.graph Finished!


Start Processing /home/wangshuo/projects/PROXY/datasets/parler-E/query_graph/query_cycle_4_14.graph for core instances with query nodes: 0 3 
[Info] Auto-selected query root index 2 with (transferred) label 1
[Check] Sample budget = 60000
[Check] Sum of instance estimates = 50330676.73, Global estimate = 50330676.73, Ratio = 1.00
[Info] Appended instance results for query_cycle_4_14.graph to CSV in long format.
Global Estimated Value: 50330676.73
/home/wangshuo/projects/PROXY/datasets/parler-E/query_graph/query_cycle_4_14.graph Finished!


Start Processing /home/wangshuo/projects/PROXY/datasets/parler-E/query_graph/query_cycle_4_15.graph for core instances with query nodes: 0 1 2 
[Info] Auto-selected query root index 1 with (transferred) label 2
[Check] Sample budget = 60000
[Check] Sum of instance estimates = 868751551.29, Global estimate = 868751551.29, Ratio = 1.00
[Info] Appended instance results for query_cycle_4_15.graph to CSV in long format.
Global Estimated Value: 868751551.29
/home/wangshuo/projects/PROXY/datasets/parler-E/query_graph/query_cycle_4_15.graph Finished!


Start Processing /home/wangshuo/projects/PROXY/datasets/parler-E/query_graph/query_cycle_4_16.graph for core instances with query nodes: 2 3 
[Info] Auto-selected query root index 1 with (transferred) label 0
[Check] Sample budget = 60000
[Check] Sum of instance estimates = 95274689.66, Global estimate = 95274689.66, Ratio = 1.00
[Info] Appended instance results for query_cycle_4_16.graph to CSV in long format.
Global Estimated Value: 95274689.66
/home/wangshuo/projects/PROXY/datasets/parler-E/query_graph/query_cycle_4_16.graph Finished!


Start Processing /home/wangshuo/projects/PROXY/datasets/parler-E/query_graph/query_cycle_4_17.graph for core instances with query nodes: 0 3 
[Info] Auto-selected query root index 2 with (transferred) label 1
[Check] Sample budget = 60000
[Check] Sum of instance estimates = 46976358.60, Global estimate = 46976358.60, Ratio = 1.00
[Info] Appended instance results for query_cycle_4_17.graph to CSV in long format.
Global Estimated Value: 46976358.60
/home/wangshuo/projects/PROXY/datasets/parler-E/query_graph/query_cycle_4_17.graph Finished!


Start Processing /home/wangshuo/projects/PROXY/datasets/parler-E/query_graph/query_cycle_4_18.graph for core instances with query nodes: 1 2 3 
[Info] Auto-selected query root index 2 with (transferred) label 2
[Check] Sample budget = 60000
[Check] Sum of instance estimates = 887980204.47, Global estimate = 887980204.47, Ratio = 1.00
[Info] Appended instance results for query_cycle_4_18.graph to CSV in long format.
Global Estimated Value: 887980204.47
/home/wangshuo/projects/PROXY/datasets/parler-E/query_graph/query_cycle_4_18.graph Finished!


Start Processing /home/wangshuo/projects/PROXY/datasets/parler-E/query_graph/query_cycle_4_19.graph for core instances with query nodes: 1 2 
[Info] Auto-selected query root index 2 with (transferred) label 2
[Check] Sample budget = 60000
[Check] Sum of instance estimates = 978792440.09, Global estimate = 978792440.09, Ratio = 1.00
[Info] Appended instance results for query_cycle_4_19.graph to CSV in long format.
Global Estimated Value: 978792440.09
/home/wangshuo/projects/PROXY/datasets/parler-E/query_graph/query_cycle_4_19.graph Finished!


Start Processing /home/wangshuo/projects/PROXY/datasets/parler-E/query_graph/query_cycle_4_2.graph for core instances with query nodes: 1 2 
[Info] Auto-selected query root index 1 with (transferred) label 2
[Check] Sample budget = 60000
[Check] Sum of instance estimates = 868697027.52, Global estimate = 868697027.52, Ratio = 1.00
[Info] Appended instance results for query_cycle_4_2.graph to CSV in long format.
Global Estimated Value: 868697027.52
/home/wangshuo/projects/PROXY/datasets/parler-E/query_graph/query_cycle_4_2.graph Finished!


Start Processing /home/wangshuo/projects/PROXY/datasets/parler-E/query_graph/query_cycle_4_20.graph for core instances with query nodes: 1 2 
[Info] Auto-selected query root index 1 with (transferred) label 2
[Check] Sample budget = 60000
[Check] Sum of instance estimates = 957927381.40, Global estimate = 957927381.40, Ratio = 1.00
[Info] Appended instance results for query_cycle_4_20.graph to CSV in long format.
Global Estimated Value: 957927381.40
/home/wangshuo/projects/PROXY/datasets/parler-E/query_graph/query_cycle_4_20.graph Finished!


Start Processing /home/wangshuo/projects/PROXY/datasets/parler-E/query_graph/query_cycle_4_21.graph for core instances with query nodes: 0 2 
[Info] Auto-selected query root index 2 with (transferred) label 2
[Check] Sample budget = 60000
[Check] Sum of instance estimates = 1036553480.65, Global estimate = 1036553480.65, Ratio = 1.00
[Info] Appended instance results for query_cycle_4_21.graph to CSV in long format.
Global Estimated Value: 1036553480.65
/home/wangshuo/projects/PROXY/datasets/parler-E/query_graph/query_cycle_4_21.graph Finished!


Start Processing /home/wangshuo/projects/PROXY/datasets/parler-E/query_graph/query_cycle_4_22.graph for core instances with query nodes: 0 1 2 
[Info] Auto-selected query root index 1 with (transferred) label 2
[Check] Sample budget = 60000
[Check] Sum of instance estimates = 879272813.19, Global estimate = 879272813.19, Ratio = 1.00
[Info] Appended instance results for query_cycle_4_22.graph to CSV in long format.
Global Estimated Value: 879272813.19
/home/wangshuo/projects/PROXY/datasets/parler-E/query_graph/query_cycle_4_22.graph Finished!


Start Processing /home/wangshuo/projects/PROXY/datasets/parler-E/query_graph/query_cycle_4_23.graph for core instances with query nodes: 0 1 
[Info] Auto-selected query root index 1 with (transferred) label 2
[Check] Sample budget = 60000
[Check] Sum of instance estimates = 879783909.57, Global estimate = 879783909.57, Ratio = 1.00
[Info] Appended instance results for query_cycle_4_23.graph to CSV in long format.
Global Estimated Value: 879783909.57
/home/wangshuo/projects/PROXY/datasets/parler-E/query_graph/query_cycle_4_23.graph Finished!


Start Processing /home/wangshuo/projects/PROXY/datasets/parler-E/query_graph/query_cycle_4_24.graph for core instances with query nodes: 1 2 
[Info] Auto-selected query root index 1 with (transferred) label 2
[Check] Sample budget = 60000
[Check] Sum of instance estimates = 993742038.88, Global estimate = 993742038.88, Ratio = 1.00
[Info] Appended instance results for query_cycle_4_24.graph to CSV in long format.
Global Estimated Value: 993742038.88
/home/wangshuo/projects/PROXY/datasets/parler-E/query_graph/query_cycle_4_24.graph Finished!


Start Processing /home/wangshuo/projects/PROXY/datasets/parler-E/query_graph/query_cycle_4_25.graph for core instances with query nodes: 0 2 3 
[Info] Auto-selected query root index 1 with (transferred) label 0
[Check] Sample budget = 60000
[Check] Sum of instance estimates = 100453687.25, Global estimate = 100453687.25, Ratio = 1.00
[Info] Appended instance results for query_cycle_4_25.graph to CSV in long format.
Global Estimated Value: 100453687.25
/home/wangshuo/projects/PROXY/datasets/parler-E/query_graph/query_cycle_4_25.graph Finished!


Start Processing /home/wangshuo/projects/PROXY/datasets/parler-E/query_graph/query_cycle_4_26.graph for core instances with query nodes: 1 2 
[Info] Auto-selected query root index 1 with (transferred) label 2
[Check] Sample budget = 60000
[Check] Sum of instance estimates = 960945811.96, Global estimate = 960945811.96, Ratio = 1.00
[Info] Appended instance results for query_cycle_4_26.graph to CSV in long format.
Global Estimated Value: 960945811.96
/home/wangshuo/projects/PROXY/datasets/parler-E/query_graph/query_cycle_4_26.graph Finished!


Start Processing /home/wangshuo/projects/PROXY/datasets/parler-E/query_graph/query_cycle_4_27.graph for core instances with query nodes: 0 2 
[Info] Auto-selected query root index 2 with (transferred) label 2
[Check] Sample budget = 60000
[Check] Sum of instance estimates = 874686199.88, Global estimate = 874686199.88, Ratio = 1.00
[Info] Appended instance results for query_cycle_4_27.graph to CSV in long format.
Global Estimated Value: 874686199.88
/home/wangshuo/projects/PROXY/datasets/parler-E/query_graph/query_cycle_4_27.graph Finished!


Start Processing /home/wangshuo/projects/PROXY/datasets/parler-E/query_graph/query_cycle_4_28.graph for core instances with query nodes: 0 1 2 
[Info] Auto-selected query root index 1 with (transferred) label 2
[Check] Sample budget = 60000
[Check] Sum of instance estimates = 960444786.34, Global estimate = 960444786.34, Ratio = 1.00
[Info] Appended instance results for query_cycle_4_28.graph to CSV in long format.
Global Estimated Value: 960444786.34
/home/wangshuo/projects/PROXY/datasets/parler-E/query_graph/query_cycle_4_28.graph Finished!


Start Processing /home/wangshuo/projects/PROXY/datasets/parler-E/query_graph/query_cycle_4_29.graph for core instances with query nodes: 1 2 
[Info] Auto-selected query root index 1 with (transferred) label 2
[Check] Sample budget = 60000
[Check] Sum of instance estimates = 858727023.00, Global estimate = 858727023.00, Ratio = 1.00
[Info] Appended instance results for query_cycle_4_29.graph to CSV in long format.
Global Estimated Value: 858727023.00
/home/wangshuo/projects/PROXY/datasets/parler-E/query_graph/query_cycle_4_29.graph Finished!


Start Processing /home/wangshuo/projects/PROXY/datasets/parler-E/query_graph/query_cycle_4_3.graph for core instances with query nodes: 2 3 
[Info] Auto-selected query root index 2 with (transferred) label 2
[Check] Sample budget = 60000
[Check] Sum of instance estimates = 924673166.82, Global estimate = 924673166.82, Ratio = 1.00
[Info] Appended instance results for query_cycle_4_3.graph to CSV in long format.
Global Estimated Value: 924673166.82
/home/wangshuo/projects/PROXY/datasets/parler-E/query_graph/query_cycle_4_3.graph Finished!


Start Processing /home/wangshuo/projects/PROXY/datasets/parler-E/query_graph/query_cycle_4_30.graph for core instances with query nodes: 1 3 
[Info] Auto-selected query root index 1 with (transferred) label 2
[Check] Sample budget = 60000
[Check] Sum of instance estimates = 1025107394.12, Global estimate = 1025107394.12, Ratio = 1.00
[Info] Appended instance results for query_cycle_4_30.graph to CSV in long format.
Global Estimated Value: 1025107394.12
/home/wangshuo/projects/PROXY/datasets/parler-E/query_graph/query_cycle_4_30.graph Finished!


Start Processing /home/wangshuo/projects/PROXY/datasets/parler-E/query_graph/query_cycle_4_31.graph for core instances with query nodes: 0 2 
[Info] Auto-selected query root index 2 with (transferred) label 2
[Check] Sample budget = 60000
[Check] Sum of instance estimates = 1026729265.99, Global estimate = 1026729265.99, Ratio = 1.00
[Info] Appended instance results for query_cycle_4_31.graph to CSV in long format.
Global Estimated Value: 1026729265.99
/home/wangshuo/projects/PROXY/datasets/parler-E/query_graph/query_cycle_4_31.graph Finished!


Start Processing /home/wangshuo/projects/PROXY/datasets/parler-E/query_graph/query_cycle_4_32.graph for core instances with query nodes: 0 1 3 
[Info] Auto-selected query root index 2 with (transferred) label 1
[Check] Sample budget = 60000
[Check] Sum of instance estimates = 2918438.35, Global estimate = 2918438.35, Ratio = 1.00
[Info] Appended instance results for query_cycle_4_32.graph to CSV in long format.
Global Estimated Value: 2918438.35
/home/wangshuo/projects/PROXY/datasets/parler-E/query_graph/query_cycle_4_32.graph Finished!


Start Processing /home/wangshuo/projects/PROXY/datasets/parler-E/query_graph/query_cycle_4_33.graph for core instances with query nodes: 2 3 
[Info] Auto-selected query root index 2 with (transferred) label 2
[Check] Sample budget = 60000
[Check] Sum of instance estimates = 888661431.28, Global estimate = 888661431.28, Ratio = 1.00
[Info] Appended instance results for query_cycle_4_33.graph to CSV in long format.
Global Estimated Value: 888661431.28
/home/wangshuo/projects/PROXY/datasets/parler-E/query_graph/query_cycle_4_33.graph Finished!


Start Processing /home/wangshuo/projects/PROXY/datasets/parler-E/query_graph/query_cycle_4_34.graph for core instances with query nodes: 0 2 3 
[Info] Auto-selected query root index 1 with (transferred) label 1
[Check] Sample budget = 60000
[Check] Sum of instance estimates = 53931442.24, Global estimate = 53931442.24, Ratio = 1.00
[Info] Appended instance results for query_cycle_4_34.graph to CSV in long format.
Global Estimated Value: 53931442.24
/home/wangshuo/projects/PROXY/datasets/parler-E/query_graph/query_cycle_4_34.graph Finished!


Start Processing /home/wangshuo/projects/PROXY/datasets/parler-E/query_graph/query_cycle_4_35.graph for core instances with query nodes: 1 2 
[Info] Auto-selected query root index 2 with (transferred) label 2
[Check] Sample budget = 60000
[Check] Sum of instance estimates = 878994714.66, Global estimate = 878994714.66, Ratio = 1.00
[Info] Appended instance results for query_cycle_4_35.graph to CSV in long format.
Global Estimated Value: 878994714.66
/home/wangshuo/projects/PROXY/datasets/parler-E/query_graph/query_cycle_4_35.graph Finished!


Start Processing /home/wangshuo/projects/PROXY/datasets/parler-E/query_graph/query_cycle_4_36.graph for core instances with query nodes: 0 2 
[Info] Auto-selected query root index 2 with (transferred) label 2
[Check] Sample budget = 60000
[Check] Sum of instance estimates = 964289777.18, Global estimate = 964289777.18, Ratio = 1.00
[Info] Appended instance results for query_cycle_4_36.graph to CSV in long format.
Global Estimated Value: 964289777.18
/home/wangshuo/projects/PROXY/datasets/parler-E/query_graph/query_cycle_4_36.graph Finished!


Start Processing /home/wangshuo/projects/PROXY/datasets/parler-E/query_graph/query_cycle_4_37.graph for core instances with query nodes: 0 2 
[Info] Auto-selected query root index 2 with (transferred) label 2
[Check] Sample budget = 60000
[Check] Sum of instance estimates = 1011685534.59, Global estimate = 1011685534.59, Ratio = 1.00
[Info] Appended instance results for query_cycle_4_37.graph to CSV in long format.
Global Estimated Value: 1011685534.59
/home/wangshuo/projects/PROXY/datasets/parler-E/query_graph/query_cycle_4_37.graph Finished!


Start Processing /home/wangshuo/projects/PROXY/datasets/parler-E/query_graph/query_cycle_4_38.graph for core instances with query nodes: 2 3 
[Info] Auto-selected query root index 2 with (transferred) label 2
[Check] Sample budget = 60000
[Check] Sum of instance estimates = 856348421.63, Global estimate = 856348421.63, Ratio = 1.00
[Info] Appended instance results for query_cycle_4_38.graph to CSV in long format.
Global Estimated Value: 856348421.63
/home/wangshuo/projects/PROXY/datasets/parler-E/query_graph/query_cycle_4_38.graph Finished!


Start Processing /home/wangshuo/projects/PROXY/datasets/parler-E/query_graph/query_cycle_4_39.graph for core instances with query nodes: 1 2 
[Info] Auto-selected query root index 1 with (transferred) label 2
[Check] Sample budget = 60000
[Check] Sum of instance estimates = 880709711.77, Global estimate = 880709711.77, Ratio = 1.00
[Info] Appended instance results for query_cycle_4_39.graph to CSV in long format.
Global Estimated Value: 880709711.77
/home/wangshuo/projects/PROXY/datasets/parler-E/query_graph/query_cycle_4_39.graph Finished!


Start Processing /home/wangshuo/projects/PROXY/datasets/parler-E/query_graph/query_cycle_4_4.graph for core instances with query nodes: 0 1 3 
[Info] Auto-selected query root index 2 with (transferred) label 0
[Check] Sample budget = 60000
[Check] Sum of instance estimates = 1130103.95, Global estimate = 1130103.95, Ratio = 1.00
[Info] Appended instance results for query_cycle_4_4.graph to CSV in long format.
Global Estimated Value: 1130103.95
/home/wangshuo/projects/PROXY/datasets/parler-E/query_graph/query_cycle_4_4.graph Finished!


Start Processing /home/wangshuo/projects/PROXY/datasets/parler-E/query_graph/query_cycle_4_40.graph for core instances with query nodes: 1 3 
[Info] Auto-selected query root index 2 with (transferred) label 1
[Check] Sample budget = 60000
[Check] Sum of instance estimates = 1366549.62, Global estimate = 1366549.62, Ratio = 1.00
[Info] Appended instance results for query_cycle_4_40.graph to CSV in long format.
Global Estimated Value: 1366549.62
/home/wangshuo/projects/PROXY/datasets/parler-E/query_graph/query_cycle_4_40.graph Finished!


Start Processing /home/wangshuo/projects/PROXY/datasets/parler-E/query_graph/query_cycle_4_41.graph for core instances with query nodes: 0 2 3 
[Info] Auto-selected query root index 1 with (transferred) label 0
[Check] Sample budget = 60000
[Check] Sum of instance estimates = 94493525.77, Global estimate = 94493525.77, Ratio = 1.00
[Info] Appended instance results for query_cycle_4_41.graph to CSV in long format.
Global Estimated Value: 94493525.77
/home/wangshuo/projects/PROXY/datasets/parler-E/query_graph/query_cycle_4_41.graph Finished!


Start Processing /home/wangshuo/projects/PROXY/datasets/parler-E/query_graph/query_cycle_4_42.graph for core instances with query nodes: 2 3 
[Info] Auto-selected query root index 2 with (transferred) label 2
[Check] Sample budget = 60000
[Check] Sum of instance estimates = 951284323.05, Global estimate = 951284323.05, Ratio = 1.00
[Info] Appended instance results for query_cycle_4_42.graph to CSV in long format.
Global Estimated Value: 951284323.05
/home/wangshuo/projects/PROXY/datasets/parler-E/query_graph/query_cycle_4_42.graph Finished!


Start Processing /home/wangshuo/projects/PROXY/datasets/parler-E/query_graph/query_cycle_4_43.graph for core instances with query nodes: 0 1 2 
[Info] Auto-selected query root index 1 with (transferred) label 2
[Check] Sample budget = 60000
[Check] Sum of instance estimates = 921128320.21, Global estimate = 921128320.21, Ratio = 1.00
[Info] Appended instance results for query_cycle_4_43.graph to CSV in long format.
Global Estimated Value: 921128320.21
/home/wangshuo/projects/PROXY/datasets/parler-E/query_graph/query_cycle_4_43.graph Finished!


Start Processing /home/wangshuo/projects/PROXY/datasets/parler-E/query_graph/query_cycle_4_44.graph for core instances with query nodes: 0 3 
[Info] Auto-selected query root index 1 with (transferred) label 1
[Check] Sample budget = 60000
[Check] Sum of instance estimates = 49851942.13, Global estimate = 49851942.13, Ratio = 1.00
[Info] Appended instance results for query_cycle_4_44.graph to CSV in long format.
Global Estimated Value: 49851942.13
/home/wangshuo/projects/PROXY/datasets/parler-E/query_graph/query_cycle_4_44.graph Finished!


Start Processing /home/wangshuo/projects/PROXY/datasets/parler-E/query_graph/query_cycle_4_45.graph for core instances with query nodes: 1 3 
[Info] Auto-selected query root index 1 with (transferred) label 2
[Check] Sample budget = 60000
[Check] Sum of instance estimates = 1015034675.01, Global estimate = 1015034675.01, Ratio = 1.00
[Info] Appended instance results for query_cycle_4_45.graph to CSV in long format.
Global Estimated Value: 1015034675.01
/home/wangshuo/projects/PROXY/datasets/parler-E/query_graph/query_cycle_4_45.graph Finished!


Start Processing /home/wangshuo/projects/PROXY/datasets/parler-E/query_graph/query_cycle_4_46.graph for core instances with query nodes: 0 2 3 
[Info] Auto-selected query root index 1 with (transferred) label 0
[Check] Sample budget = 60000
[Check] Sum of instance estimates = 91511653.14, Global estimate = 91511653.14, Ratio = 1.00
[Info] Appended instance results for query_cycle_4_46.graph to CSV in long format.
Global Estimated Value: 91511653.14
/home/wangshuo/projects/PROXY/datasets/parler-E/query_graph/query_cycle_4_46.graph Finished!


Start Processing /home/wangshuo/projects/PROXY/datasets/parler-E/query_graph/query_cycle_4_47.graph for core instances with query nodes: 1 2 
[Info] Auto-selected query root index 1 with (transferred) label 2
[Check] Sample budget = 60000
[Check] Sum of instance estimates = 947637086.80, Global estimate = 947637086.80, Ratio = 1.00
[Info] Appended instance results for query_cycle_4_47.graph to CSV in long format.
Global Estimated Value: 947637086.80
/home/wangshuo/projects/PROXY/datasets/parler-E/query_graph/query_cycle_4_47.graph Finished!


Start Processing /home/wangshuo/projects/PROXY/datasets/parler-E/query_graph/query_cycle_4_48.graph for core instances with query nodes: 0 1 
[Info] Auto-selected query root index 2 with (transferred) label 1
[Check] Sample budget = 60000
[Check] Sum of instance estimates = 46424943.99, Global estimate = 46424943.99, Ratio = 1.00
[Info] Appended instance results for query_cycle_4_48.graph to CSV in long format.
Global Estimated Value: 46424943.99
/home/wangshuo/projects/PROXY/datasets/parler-E/query_graph/query_cycle_4_48.graph Finished!


Start Processing /home/wangshuo/projects/PROXY/datasets/parler-E/query_graph/query_cycle_4_49.graph for core instances with query nodes: 1 2 
[Info] Auto-selected query root index 1 with (transferred) label 2
[Check] Sample budget = 60000
[Check] Sum of instance estimates = 985369846.12, Global estimate = 985369846.12, Ratio = 1.00
[Info] Appended instance results for query_cycle_4_49.graph to CSV in long format.
Global Estimated Value: 985369846.12
/home/wangshuo/projects/PROXY/datasets/parler-E/query_graph/query_cycle_4_49.graph Finished!


Start Processing /home/wangshuo/projects/PROXY/datasets/parler-E/query_graph/query_cycle_4_5.graph for core instances with query nodes: 1 2 
[Info] Auto-selected query root index 1 with (transferred) label 2
[Check] Sample budget = 60000
[Check] Sum of instance estimates = 878093951.35, Global estimate = 878093951.35, Ratio = 1.00
[Info] Appended instance results for query_cycle_4_5.graph to CSV in long format.
Global Estimated Value: 878093951.35
/home/wangshuo/projects/PROXY/datasets/parler-E/query_graph/query_cycle_4_5.graph Finished!


Start Processing /home/wangshuo/projects/PROXY/datasets/parler-E/query_graph/query_cycle_4_6.graph for core instances with query nodes: 0 1 
[Info] Auto-selected query root index 1 with (transferred) label 2
[Check] Sample budget = 60000
[Check] Sum of instance estimates = 879225296.69, Global estimate = 879225296.69, Ratio = 1.00
[Info] Appended instance results for query_cycle_4_6.graph to CSV in long format.
Global Estimated Value: 879225296.69
/home/wangshuo/projects/PROXY/datasets/parler-E/query_graph/query_cycle_4_6.graph Finished!


Start Processing /home/wangshuo/projects/PROXY/datasets/parler-E/query_graph/query_cycle_4_7.graph for core instances with query nodes: 2 3 
[Info] Auto-selected query root index 1 with (transferred) label 0
[Check] Sample budget = 60000
[Check] Sum of instance estimates = 92728583.77, Global estimate = 92728583.77, Ratio = 1.00
[Info] Appended instance results for query_cycle_4_7.graph to CSV in long format.
Global Estimated Value: 92728583.77
/home/wangshuo/projects/PROXY/datasets/parler-E/query_graph/query_cycle_4_7.graph Finished!


Start Processing /home/wangshuo/projects/PROXY/datasets/parler-E/query_graph/query_cycle_4_8.graph for core instances with query nodes: 0 2 3 
[Info] Auto-selected query root index 1 with (transferred) label 0
[Check] Sample budget = 60000
[Check] Sum of instance estimates = 211103944.80, Global estimate = 211103944.80, Ratio = 1.00
[Info] Appended instance results for query_cycle_4_8.graph to CSV in long format.
Global Estimated Value: 211103944.80
/home/wangshuo/projects/PROXY/datasets/parler-E/query_graph/query_cycle_4_8.graph Finished!


Start Processing /home/wangshuo/projects/PROXY/datasets/parler-E/query_graph/query_cycle_4_9.graph for core instances with query nodes: 0 1 
[Info] Auto-selected query root index 1 with (transferred) label 2
[Check] Sample budget = 60000
[Check] Sum of instance estimates = 175184240.10, Global estimate = 175184240.10, Ratio = 1.00
[Info] Appended instance results for query_cycle_4_9.graph to CSV in long format.
Global Estimated Value: 175184240.10
/home/wangshuo/projects/PROXY/datasets/parler-E/query_graph/query_cycle_4_9.graph Finished!


Start Processing /home/wangshuo/projects/PROXY/datasets/parler-E/query_graph/query_cycle_6_1.graph for core instances with query nodes: 1 4 5 
[Info] Auto-selected query root index 3 with (transferred) label 1
[Check] Sample budget = 60000
[Check] Sum of instance estimates = 2218672110.37, Global estimate = 2218672110.37, Ratio = 1.00
[Info] Appended instance results for query_cycle_6_1.graph to CSV in long format.
Global Estimated Value: 2218672110.37
/home/wangshuo/projects/PROXY/datasets/parler-E/query_graph/query_cycle_6_1.graph Finished!


Start Processing /home/wangshuo/projects/PROXY/datasets/parler-E/query_graph/query_cycle_6_10.graph for core instances with query nodes: 1 2 
[Info] Auto-selected query root index 2 with (transferred) label 2
[Check] Sample budget = 60000
[Check] Sum of instance estimates = 32971160.53, Global estimate = 32971160.53, Ratio = 1.00
[Info] Appended instance results for query_cycle_6_10.graph to CSV in long format.
Global Estimated Value: 32971160.53
/home/wangshuo/projects/PROXY/datasets/parler-E/query_graph/query_cycle_6_10.graph Finished!


Start Processing /home/wangshuo/projects/PROXY/datasets/parler-E/query_graph/query_cycle_6_11.graph for core instances with query nodes: 3 5 
[Info] Auto-selected query root index 3 with (transferred) label 2
[Check] Sample budget = 60000
[Check] Sum of instance estimates = 40200650516.58, Global estimate = 40200650516.58, Ratio = 1.00
[Info] Appended instance results for query_cycle_6_11.graph to CSV in long format.
Global Estimated Value: 40200650516.58
/home/wangshuo/projects/PROXY/datasets/parler-E/query_graph/query_cycle_6_11.graph Finished!


Start Processing /home/wangshuo/projects/PROXY/datasets/parler-E/query_graph/query_cycle_6_15.graph for core instances with query nodes: 3 4 
[Info] Auto-selected query root index 1 with (transferred) label 1
[Check] Sample budget = 60000
[Check] Sum of instance estimates = 1109551966.48, Global estimate = 1109551966.48, Ratio = 1.00
[Info] Appended instance results for query_cycle_6_15.graph to CSV in long format.
Global Estimated Value: 1109551966.48
/home/wangshuo/projects/PROXY/datasets/parler-E/query_graph/query_cycle_6_15.graph Finished!


Start Processing /home/wangshuo/projects/PROXY/datasets/parler-E/query_graph/query_cycle_6_16.graph for core instances with query nodes: 1 5 
[Info] Auto-selected query root index 5 with (transferred) label 2
[Check] Sample budget = 60000
[Check] Sum of instance estimates = 168245363.68, Global estimate = 168245363.68, Ratio = 1.00
[Info] Appended instance results for query_cycle_6_16.graph to CSV in long format.
Global Estimated Value: 168245363.68
/home/wangshuo/projects/PROXY/datasets/parler-E/query_graph/query_cycle_6_16.graph Finished!


Start Processing /home/wangshuo/projects/PROXY/datasets/parler-E/query_graph/query_cycle_6_17.graph for core instances with query nodes: 2 3 4 5 
[Info] Auto-selected query root index 0 with (transferred) label 1
[Check] Sample budget = 60000
[Check] Sum of instance estimates = 165858093.52, Global estimate = 165858093.52, Ratio = 1.00
[Info] Appended instance results for query_cycle_6_17.graph to CSV in long format.
Global Estimated Value: 165858093.52
/home/wangshuo/projects/PROXY/datasets/parler-E/query_graph/query_cycle_6_17.graph Finished!


Start Processing /home/wangshuo/projects/PROXY/datasets/parler-E/query_graph/query_cycle_6_18.graph for core instances with query nodes: 0 5 
[Info] Auto-selected query root index 1 with (transferred) label 0
[Check] Sample budget = 60000
[Check] Sum of instance estimates = 383995465.33, Global estimate = 383995465.33, Ratio = 1.00
[Info] Appended instance results for query_cycle_6_18.graph to CSV in long format.
Global Estimated Value: 383995465.33
/home/wangshuo/projects/PROXY/datasets/parler-E/query_graph/query_cycle_6_18.graph Finished!


Start Processing /home/wangshuo/projects/PROXY/datasets/parler-E/query_graph/query_cycle_6_20.graph for core instances with query nodes: 3 5 
[Info] Auto-selected query root index 3 with (transferred) label 2
[Check] Sample budget = 60000
[Check] Sum of instance estimates = 383052552.60, Global estimate = 383052552.60, Ratio = 1.00
[Info] Appended instance results for query_cycle_6_20.graph to CSV in long format.
Global Estimated Value: 383052552.60
/home/wangshuo/projects/PROXY/datasets/parler-E/query_graph/query_cycle_6_20.graph Finished!


Start Processing /home/wangshuo/projects/PROXY/datasets/parler-E/query_graph/query_cycle_6_21.graph for core instances with query nodes: 2 3 
[Info] Auto-selected query root index 4 with (transferred) label 0
[Check] Sample budget = 60000
[Check] Sum of instance estimates = 1319566865.49, Global estimate = 1319566865.49, Ratio = 1.00
[Info] Appended instance results for query_cycle_6_21.graph to CSV in long format.
Global Estimated Value: 1319566865.49
/home/wangshuo/projects/PROXY/datasets/parler-E/query_graph/query_cycle_6_21.graph Finished!


Start Processing /home/wangshuo/projects/PROXY/datasets/parler-E/query_graph/query_cycle_6_22.graph for core instances with query nodes: 3 4 
[Info] Auto-selected query root index 1 with (transferred) label 0
[Check] Sample budget = 60000
[Check] Sum of instance estimates = 1200842029.02, Global estimate = 1200842029.02, Ratio = 1.00
[Info] Appended instance results for query_cycle_6_22.graph to CSV in long format.
Global Estimated Value: 1200842029.02
/home/wangshuo/projects/PROXY/datasets/parler-E/query_graph/query_cycle_6_22.graph Finished!


Start Processing /home/wangshuo/projects/PROXY/datasets/parler-E/query_graph/query_cycle_6_25.graph for core instances with query nodes: 1 2 4 
[Info] Auto-selected query root index 3 with (transferred) label 0
[Check] Sample budget = 60000
[Check] Sum of instance estimates = 105117703.97, Global estimate = 105117703.97, Ratio = 1.00
[Info] Appended instance results for query_cycle_6_25.graph to CSV in long format.
Global Estimated Value: 105117703.97
/home/wangshuo/projects/PROXY/datasets/parler-E/query_graph/query_cycle_6_25.graph Finished!


Start Processing /home/wangshuo/projects/PROXY/datasets/parler-E/query_graph/query_cycle_6_27.graph for core instances with query nodes: 2 3 
[Info] Auto-selected query root index 2 with (transferred) label 2
[Check] Sample budget = 60000
[Check] Sum of instance estimates = 511061090.17, Global estimate = 511061090.17, Ratio = 1.00
[Info] Appended instance results for query_cycle_6_27.graph to CSV in long format.
Global Estimated Value: 511061090.17
/home/wangshuo/projects/PROXY/datasets/parler-E/query_graph/query_cycle_6_27.graph Finished!


Start Processing /home/wangshuo/projects/PROXY/datasets/parler-E/query_graph/query_cycle_6_28.graph for core instances with query nodes: 2 3 
[Info] Auto-selected query root index 2 with (transferred) label 2
[Check] Sample budget = 60000
[Check] Sum of instance estimates = 36027750.98, Global estimate = 36027750.98, Ratio = 1.00
[Info] Appended instance results for query_cycle_6_28.graph to CSV in long format.
Global Estimated Value: 36027750.98
/home/wangshuo/projects/PROXY/datasets/parler-E/query_graph/query_cycle_6_28.graph Finished!


Start Processing /home/wangshuo/projects/PROXY/datasets/parler-E/query_graph/query_cycle_6_29.graph for core instances with query nodes: 2 4 
[Info] Auto-selected query root index 4 with (transferred) label 2
[Check] Sample budget = 60000
[Check] Sum of instance estimates = 11668506676.92, Global estimate = 11668506676.92, Ratio = 1.00
[Info] Appended instance results for query_cycle_6_29.graph to CSV in long format.
Global Estimated Value: 11668506676.92
/home/wangshuo/projects/PROXY/datasets/parler-E/query_graph/query_cycle_6_29.graph Finished!


Start Processing /home/wangshuo/projects/PROXY/datasets/parler-E/query_graph/query_cycle_6_31.graph for core instances with query nodes: 2 3 
[Info] Auto-selected query root index 3 with (transferred) label 2
[Check] Sample budget = 60000
[Check] Sum of instance estimates = 34338578.07, Global estimate = 34338578.07, Ratio = 1.00
[Info] Appended instance results for query_cycle_6_31.graph to CSV in long format.
Global Estimated Value: 34338578.07
/home/wangshuo/projects/PROXY/datasets/parler-E/query_graph/query_cycle_6_31.graph Finished!


Start Processing /home/wangshuo/projects/PROXY/datasets/parler-E/query_graph/query_cycle_6_32.graph for core instances with query nodes: 1 2 3 
[Info] Auto-selected query root index 2 with (transferred) label 2
[Check] Sample budget = 60000
[Check] Sum of instance estimates = 406682272.41, Global estimate = 406682272.41, Ratio = 1.00
[Info] Appended instance results for query_cycle_6_32.graph to CSV in long format.
Global Estimated Value: 406682272.41
/home/wangshuo/projects/PROXY/datasets/parler-E/query_graph/query_cycle_6_32.graph Finished!


Start Processing /home/wangshuo/projects/PROXY/datasets/parler-E/query_graph/query_cycle_6_33.graph for core instances with query nodes: 1 2 5 
[Info] Auto-selected query root index 4 with (transferred) label 0
[Check] Sample budget = 60000
[Check] Sum of instance estimates = 1316548964.19, Global estimate = 1316548964.19, Ratio = 1.00
[Info] Appended instance results for query_cycle_6_33.graph to CSV in long format.
Global Estimated Value: 1316548964.19
/home/wangshuo/projects/PROXY/datasets/parler-E/query_graph/query_cycle_6_33.graph Finished!


Start Processing /home/wangshuo/projects/PROXY/datasets/parler-E/query_graph/query_cycle_6_35.graph for core instances with query nodes: 1 2 4 5 
[Info] Auto-selected query root index 3 with (transferred) label 0
[Check] Sample budget = 60000
[Check] Sum of instance estimates = 70562245.11, Global estimate = 70562245.11, Ratio = 1.00
[Info] Appended instance results for query_cycle_6_35.graph to CSV in long format.
Global Estimated Value: 70562245.11
/home/wangshuo/projects/PROXY/datasets/parler-E/query_graph/query_cycle_6_35.graph Finished!


Start Processing /home/wangshuo/projects/PROXY/datasets/parler-E/query_graph/query_cycle_6_36.graph for core instances with query nodes: 0 1 3 4 
[Info] Auto-selected query root index 2 with (transferred) label 0
[Check] Sample budget = 60000
[Check] Sum of instance estimates = 2915860127.35, Global estimate = 2915860127.35, Ratio = 1.00
[Info] Appended instance results for query_cycle_6_36.graph to CSV in long format.
Global Estimated Value: 2915860127.35
/home/wangshuo/projects/PROXY/datasets/parler-E/query_graph/query_cycle_6_36.graph Finished!


Start Processing /home/wangshuo/projects/PROXY/datasets/parler-E/query_graph/query_cycle_6_37.graph for core instances with query nodes: 0 5 
[Info] Auto-selected query root index 2 with (transferred) label 0
[Check] Sample budget = 60000
[Check] Sum of instance estimates = 1852212.28, Global estimate = 1852212.28, Ratio = 1.00
[Info] Appended instance results for query_cycle_6_37.graph to CSV in long format.
Global Estimated Value: 1852212.28
/home/wangshuo/projects/PROXY/datasets/parler-E/query_graph/query_cycle_6_37.graph Finished!


Start Processing /home/wangshuo/projects/PROXY/datasets/parler-E/query_graph/query_cycle_6_38.graph for core instances with query nodes: 0 2 3 4 
[Info] Auto-selected query root index 1 with (transferred) label 0
[Check] Sample budget = 60000
[Check] Sum of instance estimates = 324270653.36, Global estimate = 324270653.36, Ratio = 1.00
[Info] Appended instance results for query_cycle_6_38.graph to CSV in long format.
Global Estimated Value: 324270653.36
/home/wangshuo/projects/PROXY/datasets/parler-E/query_graph/query_cycle_6_38.graph Finished!


Start Processing /home/wangshuo/projects/PROXY/datasets/parler-E/query_graph/query_cycle_6_39.graph for core instances with query nodes: 1 5 
[Info] Auto-selected query root index 3 with (transferred) label 0
[Check] Sample budget = 60000
[Check] Sum of instance estimates = 9580160.01, Global estimate = 9580160.01, Ratio = 1.00
[Info] Appended instance results for query_cycle_6_39.graph to CSV in long format.
Global Estimated Value: 9580160.01
/home/wangshuo/projects/PROXY/datasets/parler-E/query_graph/query_cycle_6_39.graph Finished!


Start Processing /home/wangshuo/projects/PROXY/datasets/parler-E/query_graph/query_cycle_6_4.graph for core instances with query nodes: 2 3 5 
[Info] Auto-selected query root index 1 with (transferred) label 0
[Check] Sample budget = 60000
[Check] Sum of instance estimates = 8083065956.74, Global estimate = 8083065956.74, Ratio = 1.00
[Info] Appended instance results for query_cycle_6_4.graph to CSV in long format.
Global Estimated Value: 8083065956.74
/home/wangshuo/projects/PROXY/datasets/parler-E/query_graph/query_cycle_6_4.graph Finished!


Start Processing /home/wangshuo/projects/PROXY/datasets/parler-E/query_graph/query_cycle_6_40.graph for core instances with query nodes: 2 3 4 
[Info] Auto-selected query root index 1 with (transferred) label 1
[Check] Sample budget = 60000
[Check] Sum of instance estimates = 1518478756.65, Global estimate = 1518478756.65, Ratio = 1.00
[Info] Appended instance results for query_cycle_6_40.graph to CSV in long format.
Global Estimated Value: 1518478756.65
/home/wangshuo/projects/PROXY/datasets/parler-E/query_graph/query_cycle_6_40.graph Finished!


Start Processing /home/wangshuo/projects/PROXY/datasets/parler-E/query_graph/query_cycle_6_42.graph for core instances with query nodes: 3 4 
[Info] Auto-selected query root index 1 with (transferred) label 0
[Check] Sample budget = 60000
[Check] Sum of instance estimates = 1379778467.77, Global estimate = 1379778467.77, Ratio = 1.00
[Info] Appended instance results for query_cycle_6_42.graph to CSV in long format.
Global Estimated Value: 1379778467.77
/home/wangshuo/projects/PROXY/datasets/parler-E/query_graph/query_cycle_6_42.graph Finished!


Start Processing /home/wangshuo/projects/PROXY/datasets/parler-E/query_graph/query_cycle_6_43.graph for core instances with query nodes: 2 3 
[Info] Auto-selected query root index 1 with (transferred) label 0
[Check] Sample budget = 60000
[Check] Sum of instance estimates = 7378189488.68, Global estimate = 7378189488.68, Ratio = 1.00
[Info] Appended instance results for query_cycle_6_43.graph to CSV in long format.
Global Estimated Value: 7378189488.68
/home/wangshuo/projects/PROXY/datasets/parler-E/query_graph/query_cycle_6_43.graph Finished!


Start Processing /home/wangshuo/projects/PROXY/datasets/parler-E/query_graph/query_cycle_6_44.graph for core instances with query nodes: 0 1 5 
[Info] Auto-selected query root index 2 with (transferred) label 1
[Check] Sample budget = 60000
[Check] Sum of instance estimates = 271013301425.19, Global estimate = 271013301425.16, Ratio = 1.00
[Info] Appended instance results for query_cycle_6_44.graph to CSV in long format.
Global Estimated Value: 271013301425.16
/home/wangshuo/projects/PROXY/datasets/parler-E/query_graph/query_cycle_6_44.graph Finished!


Start Processing /home/wangshuo/projects/PROXY/datasets/parler-E/query_graph/query_cycle_6_45.graph for core instances with query nodes: 3 4 
[Info] Auto-selected query root index 1 with (transferred) label 1
[Check] Sample budget = 60000
[Check] Sum of instance estimates = 1157738293.85, Global estimate = 1157738293.85, Ratio = 1.00
[Info] Appended instance results for query_cycle_6_45.graph to CSV in long format.
Global Estimated Value: 1157738293.85
/home/wangshuo/projects/PROXY/datasets/parler-E/query_graph/query_cycle_6_45.graph Finished!


Start Processing /home/wangshuo/projects/PROXY/datasets/parler-E/query_graph/query_cycle_6_46.graph for core instances with query nodes: 1 2 3 
[Info] Auto-selected query root index 2 with (transferred) label 2
[Check] Sample budget = 60000
[Check] Sum of instance estimates = 35719162.71, Global estimate = 35719162.71, Ratio = 1.00
[Info] Appended instance results for query_cycle_6_46.graph to CSV in long format.
Global Estimated Value: 35719162.71
/home/wangshuo/projects/PROXY/datasets/parler-E/query_graph/query_cycle_6_46.graph Finished!


Start Processing /home/wangshuo/projects/PROXY/datasets/parler-E/query_graph/query_cycle_6_48.graph for core instances with query nodes: 4 5 
[Info] Auto-selected query root index 3 with (transferred) label 1
[Check] Sample budget = 60000
[Check] Sum of instance estimates = 1711988.17, Global estimate = 1711988.17, Ratio = 1.00
[Info] Appended instance results for query_cycle_6_48.graph to CSV in long format.
Global Estimated Value: 1711988.17
/home/wangshuo/projects/PROXY/datasets/parler-E/query_graph/query_cycle_6_48.graph Finished!


Start Processing /home/wangshuo/projects/PROXY/datasets/parler-E/query_graph/query_cycle_6_6.graph for core instances with query nodes: 0 3 
[Info] Auto-selected query root index 3 with (transferred) label 2
[Check] Sample budget = 60000
[Check] Sum of instance estimates = 431341016.31, Global estimate = 431341016.31, Ratio = 1.00
[Info] Appended instance results for query_cycle_6_6.graph to CSV in long format.
Global Estimated Value: 431341016.31
/home/wangshuo/projects/PROXY/datasets/parler-E/query_graph/query_cycle_6_6.graph Finished!


Start Processing /home/wangshuo/projects/PROXY/datasets/parler-E/query_graph/query_cycle_6_7.graph for core instances with query nodes: 2 5 
[Info] Auto-selected query root index 4 with (transferred) label 0
[Check] Sample budget = 60000
[Check] Sum of instance estimates = 1407551719.55, Global estimate = 1407551719.55, Ratio = 1.00
[Info] Appended instance results for query_cycle_6_7.graph to CSV in long format.
Global Estimated Value: 1407551719.55
/home/wangshuo/projects/PROXY/datasets/parler-E/query_graph/query_cycle_6_7.graph Finished!


Start Processing /home/wangshuo/projects/PROXY/datasets/parler-E/query_graph/query_cycle_6_8.graph for core instances with query nodes: 3 4 
[Info] Auto-selected query root index 5 with (transferred) label 0
[Check] Sample budget = 60000
[Check] Sum of instance estimates = 1255827188.49, Global estimate = 1255827188.49, Ratio = 1.00
[Info] Appended instance results for query_cycle_6_8.graph to CSV in long format.
Global Estimated Value: 1255827188.49
/home/wangshuo/projects/PROXY/datasets/parler-E/query_graph/query_cycle_6_8.graph Finished!


Start Processing /home/wangshuo/projects/PROXY/datasets/parler-E/query_graph/query_cycle_6_9.graph for core instances with query nodes: 0 2 
[Info] Auto-selected query root index 0 with (transferred) label 2
[Check] Sample budget = 60000
[Check] Sum of instance estimates = 46919108087.72, Global estimate = 46919108087.72, Ratio = 1.00
[Info] Appended instance results for query_cycle_6_9.graph to CSV in long format.
Global Estimated Value: 46919108087.72
/home/wangshuo/projects/PROXY/datasets/parler-E/query_graph/query_cycle_6_9.graph Finished!


Start Processing /home/wangshuo/projects/PROXY/datasets/parler-E/query_graph/query_cycle_8_0.graph for core instances with query nodes: 2 5 7 
[Info] Auto-selected query root index 4 with (transferred) label 1
[Check] Sample budget = 60000
[Check] Sum of instance estimates = 76370960.64, Global estimate = 76370960.64, Ratio = 1.00
[Info] Appended instance results for query_cycle_8_0.graph to CSV in long format.
Global Estimated Value: 76370960.64
/home/wangshuo/projects/PROXY/datasets/parler-E/query_graph/query_cycle_8_0.graph Finished!


Start Processing /home/wangshuo/projects/PROXY/datasets/parler-E/query_graph/query_cycle_8_10.graph for core instances with query nodes: 4 7 
[Info] Auto-selected query root index 5 with (transferred) label 0
[Check] Sample budget = 60000
[Check] Sum of instance estimates = 33550690.19, Global estimate = 33550690.19, Ratio = 1.00
[Info] Appended instance results for query_cycle_8_10.graph to CSV in long format.
Global Estimated Value: 33550690.19
/home/wangshuo/projects/PROXY/datasets/parler-E/query_graph/query_cycle_8_10.graph Finished!


Start Processing /home/wangshuo/projects/PROXY/datasets/parler-E/query_graph/query_cycle_8_12.graph for core instances with query nodes: 0 4 7 
[Info] Auto-selected query root index 2 with (transferred) label 0
[Check] Sample budget = 60000
[Check] Sum of instance estimates = 818156317.23, Global estimate = 818156317.23, Ratio = 1.00
[Info] Appended instance results for query_cycle_8_12.graph to CSV in long format.
Global Estimated Value: 818156317.23
/home/wangshuo/projects/PROXY/datasets/parler-E/query_graph/query_cycle_8_12.graph Finished!


Start Processing /home/wangshuo/projects/PROXY/datasets/parler-E/query_graph/query_cycle_8_18.graph for core instances with query nodes: 2 6 
[Info] Auto-selected query root index 0 with (transferred) label 0
[Check] Sample budget = 60000
[Check] Sum of instance estimates = 19624391.08, Global estimate = 19624391.08, Ratio = 1.00
[Info] Appended instance results for query_cycle_8_18.graph to CSV in long format.
Global Estimated Value: 19624391.08
/home/wangshuo/projects/PROXY/datasets/parler-E/query_graph/query_cycle_8_18.graph Finished!


Start Processing /home/wangshuo/projects/PROXY/datasets/parler-E/query_graph/query_cycle_8_19.graph for core instances with query nodes: 0 2 3 5 6 
[Info] Auto-selected query root index 1 with (transferred) label 0
[Check] Sample budget = 60000
[Check] Sum of instance estimates = 183800751983.00, Global estimate = 183800751983.00, Ratio = 1.00
[Info] Appended instance results for query_cycle_8_19.graph to CSV in long format.
Global Estimated Value: 183800751983.00
/home/wangshuo/projects/PROXY/datasets/parler-E/query_graph/query_cycle_8_19.graph Finished!


Start Processing /home/wangshuo/projects/PROXY/datasets/parler-E/query_graph/query_cycle_8_20.graph for core instances with query nodes: 1 4 7 
[Info] Auto-selected query root index 7 with (transferred) label 2
[Check] Sample budget = 60000
[Check] Sum of instance estimates = 60767298116.23, Global estimate = 60767298116.23, Ratio = 1.00
[Info] Appended instance results for query_cycle_8_20.graph to CSV in long format.
Global Estimated Value: 60767298116.23
/home/wangshuo/projects/PROXY/datasets/parler-E/query_graph/query_cycle_8_20.graph Finished!


Start Processing /home/wangshuo/projects/PROXY/datasets/parler-E/query_graph/query_cycle_8_23.graph for core instances with query nodes: 0 2 6 
[Info] Auto-selected query root index 1 with (transferred) label 0
[Check] Sample budget = 60000
[Check] Sum of instance estimates = 20036865.96, Global estimate = 20036865.96, Ratio = 1.00
[Info] Appended instance results for query_cycle_8_23.graph to CSV in long format.
Global Estimated Value: 20036865.96
/home/wangshuo/projects/PROXY/datasets/parler-E/query_graph/query_cycle_8_23.graph Finished!


Start Processing /home/wangshuo/projects/PROXY/datasets/parler-E/query_graph/query_cycle_8_24.graph for core instances with query nodes: 2 3 6 
[Info] Auto-selected query root index 4 with (transferred) label 0
[Check] Sample budget = 60000
[Check] Sum of instance estimates = 152865981609.73, Global estimate = 152865981609.73, Ratio = 1.00
[Info] Appended instance results for query_cycle_8_24.graph to CSV in long format.
Global Estimated Value: 152865981609.73
/home/wangshuo/projects/PROXY/datasets/parler-E/query_graph/query_cycle_8_24.graph Finished!


Start Processing /home/wangshuo/projects/PROXY/datasets/parler-E/query_graph/query_cycle_8_26.graph for core instances with query nodes: 0 2 3 5 
[Info] Auto-selected query root index 1 with (transferred) label 0
[Check] Sample budget = 60000
[Check] Sum of instance estimates = 62153072.38, Global estimate = 62153072.38, Ratio = 1.00
[Info] Appended instance results for query_cycle_8_26.graph to CSV in long format.
Global Estimated Value: 62153072.38
/home/wangshuo/projects/PROXY/datasets/parler-E/query_graph/query_cycle_8_26.graph Finished!


Start Processing /home/wangshuo/projects/PROXY/datasets/parler-E/query_graph/query_cycle_8_28.graph for core instances with query nodes: 1 2 3 5 6 7 
[Info] Auto-selected query root index 3 with (transferred) label 2
[Check] Sample budget = 60000
[Check] Sum of instance estimates = 6843328504.08, Global estimate = 6843328504.08, Ratio = 1.00
[Info] Appended instance results for query_cycle_8_28.graph to CSV in long format.
Global Estimated Value: 6843328504.08
/home/wangshuo/projects/PROXY/datasets/parler-E/query_graph/query_cycle_8_28.graph Finished!


Start Processing /home/wangshuo/projects/PROXY/datasets/parler-E/query_graph/query_cycle_8_29.graph for core instances with query nodes: 1 4 5 7 
[Info] Auto-selected query root index 7 with (transferred) label 2
[Check] Sample budget = 60000
[Check] Sum of instance estimates = 27074318468.15, Global estimate = 27074318468.14, Ratio = 1.00
[Info] Appended instance results for query_cycle_8_29.graph to CSV in long format.
Global Estimated Value: 27074318468.14
/home/wangshuo/projects/PROXY/datasets/parler-E/query_graph/query_cycle_8_29.graph Finished!


Start Processing /home/wangshuo/projects/PROXY/datasets/parler-E/query_graph/query_cycle_8_3.graph for core instances with query nodes: 1 3 6 
[Info] Auto-selected query root index 4 with (transferred) label 0
[Check] Sample budget = 60000
[Check] Sum of instance estimates = 33368253.47, Global estimate = 33368253.47, Ratio = 1.00
[Info] Appended instance results for query_cycle_8_3.graph to CSV in long format.
Global Estimated Value: 33368253.47
/home/wangshuo/projects/PROXY/datasets/parler-E/query_graph/query_cycle_8_3.graph Finished!


Start Processing /home/wangshuo/projects/PROXY/datasets/parler-E/query_graph/query_cycle_8_31.graph for core instances with query nodes: 0 5 7 
[Info] Auto-selected query root index 1 with (transferred) label 0
[Check] Sample budget = 60000
[Check] Sum of instance estimates = 204422812.04, Global estimate = 204422812.04, Ratio = 1.00
[Info] Appended instance results for query_cycle_8_31.graph to CSV in long format.
Global Estimated Value: 204422812.04
/home/wangshuo/projects/PROXY/datasets/parler-E/query_graph/query_cycle_8_31.graph Finished!


Start Processing /home/wangshuo/projects/PROXY/datasets/parler-E/query_graph/query_cycle_8_33.graph for core instances with query nodes: 0 2 4 5 6 
[Info] Auto-selected query root index 5 with (transferred) label 2
[Check] Sample budget = 60000
[Check] Sum of instance estimates = 17055642610.56, Global estimate = 17055642610.56, Ratio = 1.00
[Info] Appended instance results for query_cycle_8_33.graph to CSV in long format.
Global Estimated Value: 17055642610.56
/home/wangshuo/projects/PROXY/datasets/parler-E/query_graph/query_cycle_8_33.graph Finished!


Start Processing /home/wangshuo/projects/PROXY/datasets/parler-E/query_graph/query_cycle_8_35.graph for core instances with query nodes: 3 4 5 7 
[Info] Auto-selected query root index 1 with (transferred) label 0
[Check] Sample budget = 60000
[Check] Sum of instance estimates = 190250120.32, Global estimate = 190250120.32, Ratio = 1.00
[Info] Appended instance results for query_cycle_8_35.graph to CSV in long format.
Global Estimated Value: 190250120.32
/home/wangshuo/projects/PROXY/datasets/parler-E/query_graph/query_cycle_8_35.graph Finished!


Start Processing /home/wangshuo/projects/PROXY/datasets/parler-E/query_graph/query_cycle_8_36.graph for core instances with query nodes: 1 6 
[Info] Auto-selected query root index 2 with (transferred) label 0
[Check] Sample budget = 60000
[Check] Sum of instance estimates = 99009109.98, Global estimate = 99009109.98, Ratio = 1.00
[Info] Appended instance results for query_cycle_8_36.graph to CSV in long format.
Global Estimated Value: 99009109.98
/home/wangshuo/projects/PROXY/datasets/parler-E/query_graph/query_cycle_8_36.graph Finished!


Start Processing /home/wangshuo/projects/PROXY/datasets/parler-E/query_graph/query_cycle_8_37.graph for core instances with query nodes: 2 3 6 
[Info] Auto-selected query root index 4 with (transferred) label 1
[Check] Sample budget = 60000
[Check] Sum of instance estimates = 17911655524.36, Global estimate = 17911655524.36, Ratio = 1.00
[Info] Appended instance results for query_cycle_8_37.graph to CSV in long format.
Global Estimated Value: 17911655524.36
/home/wangshuo/projects/PROXY/datasets/parler-E/query_graph/query_cycle_8_37.graph Finished!


Start Processing /home/wangshuo/projects/PROXY/datasets/parler-E/query_graph/query_cycle_8_39.graph for core instances with query nodes: 0 2 6 
[Info] Auto-selected query root index 4 with (transferred) label 1
[Check] Sample budget = 60000
[Check] Sum of instance estimates = 805310311.88, Global estimate = 805310311.88, Ratio = 1.00
[Info] Appended instance results for query_cycle_8_39.graph to CSV in long format.
Global Estimated Value: 805310311.88
/home/wangshuo/projects/PROXY/datasets/parler-E/query_graph/query_cycle_8_39.graph Finished!


Start Processing /home/wangshuo/projects/PROXY/datasets/parler-E/query_graph/query_cycle_8_40.graph for core instances with query nodes: 3 6 7 
[Info] Auto-selected query root index 4 with (transferred) label 0
[Check] Sample budget = 60000
[Check] Sum of instance estimates = 815430417975.62, Global estimate = 815430417975.62, Ratio = 1.00
[Info] Appended instance results for query_cycle_8_40.graph to CSV in long format.
Global Estimated Value: 815430417975.62
/home/wangshuo/projects/PROXY/datasets/parler-E/query_graph/query_cycle_8_40.graph Finished!


Start Processing /home/wangshuo/projects/PROXY/datasets/parler-E/query_graph/query_cycle_8_41.graph for core instances with query nodes: 0 1 3 5 
[Info] Auto-selected query root index 0 with (transferred) label 2
[Check] Sample budget = 60000
[Check] Sum of instance estimates = 837677149.32, Global estimate = 837677149.32, Ratio = 1.00
[Info] Appended instance results for query_cycle_8_41.graph to CSV in long format.
Global Estimated Value: 837677149.32
/home/wangshuo/projects/PROXY/datasets/parler-E/query_graph/query_cycle_8_41.graph Finished!


Start Processing /home/wangshuo/projects/PROXY/datasets/parler-E/query_graph/query_cycle_8_42.graph for core instances with query nodes: 1 3 4 7 
[Info] Auto-selected query root index 1 with (transferred) label 2
[Check] Sample budget = 60000
[Check] Sum of instance estimates = 53397530.31, Global estimate = 53397530.31, Ratio = 1.00
[Info] Appended instance results for query_cycle_8_42.graph to CSV in long format.
Global Estimated Value: 53397530.31
/home/wangshuo/projects/PROXY/datasets/parler-E/query_graph/query_cycle_8_42.graph Finished!


Start Processing /home/wangshuo/projects/PROXY/datasets/parler-E/query_graph/query_cycle_8_44.graph for core instances with query nodes: 1 3 4 
[Info] Auto-selected query root index 5 with (transferred) label 0
[Check] Sample budget = 60000
[Check] Sum of instance estimates = 6311976.54, Global estimate = 6311976.54, Ratio = 1.00
[Info] Appended instance results for query_cycle_8_44.graph to CSV in long format.
Global Estimated Value: 6311976.54
/home/wangshuo/projects/PROXY/datasets/parler-E/query_graph/query_cycle_8_44.graph Finished!


Start Processing /home/wangshuo/projects/PROXY/datasets/parler-E/query_graph/query_cycle_8_46.graph for core instances with query nodes: 0 1 3 4 5 7 
[Info] Auto-selected query root index 2 with (transferred) label 0
[Check] Sample budget = 60000
[Check] Sum of instance estimates = 9578952052.68, Global estimate = 9578952052.68, Ratio = 1.00
[Info] Appended instance results for query_cycle_8_46.graph to CSV in long format.
Global Estimated Value: 9578952052.68
/home/wangshuo/projects/PROXY/datasets/parler-E/query_graph/query_cycle_8_46.graph Finished!


Start Processing /home/wangshuo/projects/PROXY/datasets/parler-E/query_graph/query_cycle_8_47.graph for core instances with query nodes: 0 4 6 
[Info] Auto-selected query root index 4 with (transferred) label 2
[Check] Sample budget = 60000
[Check] Sum of instance estimates = 3002270.46, Global estimate = 3002270.46, Ratio = 1.00
[Info] Appended instance results for query_cycle_8_47.graph to CSV in long format.
Global Estimated Value: 3002270.46
/home/wangshuo/projects/PROXY/datasets/parler-E/query_graph/query_cycle_8_47.graph Finished!


Start Processing /home/wangshuo/projects/PROXY/datasets/parler-E/query_graph/query_cycle_8_48.graph for core instances with query nodes: 0 2 3 4 5 
[Info] Auto-selected query root index 5 with (transferred) label 2
[Check] Sample budget = 60000
[Check] Sum of instance estimates = 351337053576.00, Global estimate = 351337053576.13, Ratio = 1.00
[Info] Appended instance results for query_cycle_8_48.graph to CSV in long format.
Global Estimated Value: 351337053576.13
/home/wangshuo/projects/PROXY/datasets/parler-E/query_graph/query_cycle_8_48.graph Finished!


Start Processing /home/wangshuo/projects/PROXY/datasets/parler-E/query_graph/query_cycle_8_49.graph for core instances with query nodes: 1 2 4 5 6 
[Info] Auto-selected query root index 3 with (transferred) label 0
[Check] Sample budget = 60000
[Check] Sum of instance estimates = 8298051.57, Global estimate = 8298051.57, Ratio = 1.00
[Info] Appended instance results for query_cycle_8_49.graph to CSV in long format.
Global Estimated Value: 8298051.57
/home/wangshuo/projects/PROXY/datasets/parler-E/query_graph/query_cycle_8_49.graph Finished!


Start Processing /home/wangshuo/projects/PROXY/datasets/parler-E/query_graph/query_cycle_8_5.graph for core instances with query nodes: 3 6 7 
[Info] Auto-selected query root index 1 with (transferred) label 0
[Check] Sample budget = 60000
[Check] Sum of instance estimates = 182218493534.56, Global estimate = 182218493534.56, Ratio = 1.00
[Info] Appended instance results for query_cycle_8_5.graph to CSV in long format.
Global Estimated Value: 182218493534.56
/home/wangshuo/projects/PROXY/datasets/parler-E/query_graph/query_cycle_8_5.graph Finished!


Start Processing /home/wangshuo/projects/PROXY/datasets/parler-E/query_graph/query_cycle_8_6.graph for core instances with query nodes: 0 2 3 5 6 
[Info] Auto-selected query root index 1 with (transferred) label 0
[Check] Sample budget = 60000
[Check] Sum of instance estimates = 532157943.51, Global estimate = 532157943.51, Ratio = 1.00
[Info] Appended instance results for query_cycle_8_6.graph to CSV in long format.
Global Estimated Value: 532157943.51
/home/wangshuo/projects/PROXY/datasets/parler-E/query_graph/query_cycle_8_6.graph Finished!


Start Processing /home/wangshuo/projects/PROXY/datasets/parler-E/query_graph/query_cycle_8_8.graph for core instances with query nodes: 1 4 5 
[Info] Auto-selected query root index 3 with (transferred) label 0
[Check] Sample budget = 60000
[Check] Sum of instance estimates = 186257977962.51, Global estimate = 186257977962.51, Ratio = 1.00
[Info] Appended instance results for query_cycle_8_8.graph to CSV in long format.
Global Estimated Value: 186257977962.51
/home/wangshuo/projects/PROXY/datasets/parler-E/query_graph/query_cycle_8_8.graph Finished!

[Info] Saved basic estimates to JSON: /home/wangshuo/projects/PROXY/datasets/parler-E/results/basic_estimates.json

✅ Fastest 运行结束，退出码: 0

[*] 正在拆分多查询结果文件: /home/wangshuo/projects/PROXY/datasets/parler-E/results/ins_estimateW_result_sum.csv
[+] 成功读取 246152 行实例数据。
[严重错误] 拆分文件发生异常: [错误] CSV 缺少 'query_name' 列。
Traceback (most recent call last):
  File "/home/wangshuo/projects/PROXY/pythonProject/src/runner/Projection_Sampling_and_Weight_Estimation_Runner.py", line 283, in <module>
    run_pipeline(
  File "/home/wangshuo/projects/PROXY/pythonProject/src/runner/Projection_Sampling_and_Weight_Estimation_Runner.py", line 231, in run_pipeline
    split_results_by_query(safe_ins_csv_path, estimate_dir)
  File "/home/wangshuo/projects/PROXY/pythonProject/src/runner/Projection_Sampling_and_Weight_Estimation_Runner.py", line 73, in split_results_by_query
    raise e
  File "/home/wangshuo/projects/PROXY/pythonProject/src/runner/Projection_Sampling_and_Weight_Estimation_Runner.py", line 57, in split_results_by_query
    raise ValueError("[错误] CSV 缺少 'query_name' 列。")
ValueError: [错误] CSV 缺少 'query_name' 列。
