[*] Parler SUM...

=============== Evaluation: WO Baseline [dataset_three | SUM] ===============
[*] 读入 T_true 数据集: /home/wangshuo/projects/PROXY/datasets/parler/results/T_true_ML1_oracle2_probability_ML2_oracle2_probability_sum.json
[*] 共发现 246 个核心实例文件。

Evaluating WO (sum):   0%|          | 0/246 [00:00<?, ?it/s]
Evaluating WO (sum):   0%|          | 1/246 [00:01<04:31,  1.11s/it]
Evaluating WO (sum):   1%|          | 2/246 [00:01<02:06,  1.93it/s]
Evaluating WO (sum):   2%|▏         | 4/246 [00:01<01:14,  3.23it/s]
Evaluating WO (sum):   2%|▏         | 5/246 [00:01<01:08,  3.52it/s]
Evaluating WO (sum):   2%|▏         | 6/246 [00:02<01:11,  3.37it/s]
Evaluating WO (sum):   3%|▎         | 7/246 [00:02<00:57,  4.16it/s]
Evaluating WO (sum):   4%|▍         | 11/246 [00:02<00:36,  6.48it/s]
Evaluating WO (sum):   5%|▌         | 13/246 [00:02<00:29,  7.81it/s]
Evaluating WO (sum):   6%|▌         | 15/246 [00:03<00:29,  7.83it/s]
Evaluating WO (sum):   7%|▋         | 16/246 [00:03<00:29,  7.69it/s]
Evaluating WO (sum):   7%|▋         | 17/246 [00:03<00:39,  5.85it/s]
Evaluating WO (sum):   7%|▋         | 18/246 [00:03<00:40,  5.66it/s]
Evaluating WO (sum):   9%|▊         | 21/246 [00:03<00:25,  8.75it/s]
Evaluating WO (sum):   9%|▉         | 23/246 [00:04<00:25,  8.63it/s]
Evaluating WO (sum):  10%|█         | 25/246 [00:04<00:27,  8.04it/s]
Evaluating WO (sum):  12%|█▏        | 29/246 [00:04<00:20, 10.39it/s]
Evaluating WO (sum):  13%|█▎        | 31/246 [00:04<00:22,  9.45it/s]
Evaluating WO (sum):  13%|█▎        | 33/246 [00:05<00:25,  8.21it/s]
Evaluating WO (sum):  14%|█▍        | 34/246 [00:05<00:30,  6.88it/s]
Evaluating WO (sum):  15%|█▌        | 37/246 [00:05<00:23,  8.92it/s]
Evaluating WO (sum):  16%|█▌        | 39/246 [00:05<00:21,  9.69it/s]
Evaluating WO (sum):  17%|█▋        | 41/246 [00:06<00:23,  8.82it/s]
Evaluating WO (sum):  17%|█▋        | 43/246 [00:06<00:19, 10.39it/s]
Evaluating WO (sum):  18%|█▊        | 45/246 [00:06<00:22,  8.91it/s]
Evaluating WO (sum):  20%|█▉        | 49/246 [00:06<00:17, 11.28it/s]
Evaluating WO (sum):  21%|██        | 52/246 [00:07<00:19,  9.74it/s]
Evaluating WO (sum):  22%|██▏       | 54/246 [00:07<00:20,  9.23it/s]
Evaluating WO (sum):  23%|██▎       | 56/246 [00:07<00:19,  9.58it/s]
Evaluating WO (sum):  24%|██▎       | 58/246 [00:07<00:18, 10.18it/s]
Evaluating WO (sum):  24%|██▍       | 60/246 [00:08<00:20,  9.24it/s]
Evaluating WO (sum):  25%|██▌       | 62/246 [00:08<00:17, 10.30it/s]
Evaluating WO (sum):  26%|██▌       | 64/246 [00:08<00:22,  8.13it/s]
Evaluating WO (sum):  26%|██▋       | 65/246 [00:08<00:21,  8.24it/s]
Evaluating WO (sum):  27%|██▋       | 66/246 [00:08<00:21,  8.22it/s]
Evaluating WO (sum):  27%|██▋       | 67/246 [00:08<00:20,  8.53it/s]
Evaluating WO (sum):  28%|██▊       | 69/246 [00:09<00:20,  8.63it/s]
Evaluating WO (sum):  29%|██▉       | 72/246 [00:09<00:19,  8.80it/s]
Evaluating WO (sum):  30%|███       | 75/246 [00:09<00:18,  9.18it/s]
Evaluating WO (sum):  31%|███       | 76/246 [00:09<00:20,  8.20it/s]
Evaluating WO (sum):  32%|███▏      | 78/246 [00:10<00:18,  9.29it/s]
Evaluating WO (sum):  33%|███▎      | 80/246 [00:10<00:22,  7.49it/s]
Evaluating WO (sum):  33%|███▎      | 82/246 [00:10<00:25,  6.40it/s]
Evaluating WO (sum):  34%|███▎      | 83/246 [00:11<00:24,  6.69it/s]
Evaluating WO (sum):  34%|███▍      | 84/246 [00:11<00:25,  6.39it/s]
Evaluating WO (sum):  35%|███▍      | 86/246 [00:11<00:21,  7.41it/s]
Evaluating WO (sum):  36%|███▌      | 88/246 [00:11<00:17,  9.05it/s]
Evaluating WO (sum):  37%|███▋      | 90/246 [00:11<00:16,  9.74it/s]
Evaluating WO (sum):  37%|███▋      | 92/246 [00:11<00:14, 10.95it/s]
Evaluating WO (sum):  38%|███▊      | 94/246 [00:12<00:13, 10.90it/s]
Evaluating WO (sum):  39%|███▉      | 96/246 [00:12<00:13, 11.14it/s]
Evaluating WO (sum):  40%|████      | 99/246 [00:12<00:09, 14.71it/s]
Evaluating WO (sum):  41%|████      | 101/246 [00:12<00:13, 10.58it/s]
Evaluating WO (sum):  42%|████▏     | 103/246 [00:13<00:18,  7.71it/s]
Evaluating WO (sum):  43%|████▎     | 107/246 [00:13<00:11, 11.60it/s]
Evaluating WO (sum):  44%|████▍     | 109/246 [00:13<00:13, 10.20it/s]
Evaluating WO (sum):  45%|████▌     | 111/246 [00:13<00:14,  9.52it/s]
Evaluating WO (sum):  46%|████▌     | 113/246 [00:14<00:19,  6.92it/s]
Evaluating WO (sum):  47%|████▋     | 115/246 [00:14<00:15,  8.34it/s]
Evaluating WO (sum):  48%|████▊     | 118/246 [00:14<00:11, 11.28it/s]
Evaluating WO (sum):  49%|████▉     | 121/246 [00:14<00:09, 13.11it/s]
Evaluating WO (sum):  50%|█████     | 124/246 [00:14<00:07, 15.49it/s]
Evaluating WO (sum):  52%|█████▏    | 127/246 [00:15<00:14,  8.45it/s]
Evaluating WO (sum):  52%|█████▏    | 129/246 [00:16<00:18,  6.28it/s]
Evaluating WO (sum):  53%|█████▎    | 131/246 [00:17<00:35,  3.27it/s]
Evaluating WO (sum):  54%|█████▎    | 132/246 [00:17<00:31,  3.63it/s]
Evaluating WO (sum):  54%|█████▍    | 133/246 [00:17<00:28,  3.93it/s]
Evaluating WO (sum):  55%|█████▍    | 135/246 [00:18<00:23,  4.69it/s]
Evaluating WO (sum):  56%|█████▌    | 137/246 [00:18<00:28,  3.76it/s]
Evaluating WO (sum):  56%|█████▌    | 138/246 [00:19<00:27,  3.91it/s]
Evaluating WO (sum):  57%|█████▋    | 140/246 [00:19<00:20,  5.21it/s]
Evaluating WO (sum):  58%|█████▊    | 142/246 [00:19<00:25,  4.16it/s]
Evaluating WO (sum):  58%|█████▊    | 143/246 [00:20<00:24,  4.15it/s]
Evaluating WO (sum):  59%|█████▉    | 145/246 [00:20<00:17,  5.72it/s]
Evaluating WO (sum):  59%|█████▉    | 146/246 [00:20<00:16,  6.16it/s]
Evaluating WO (sum):  60%|█████▉    | 147/246 [00:20<00:16,  5.86it/s]
Evaluating WO (sum):  60%|██████    | 148/246 [00:20<00:15,  6.38it/s]
Evaluating WO (sum):  61%|██████    | 150/246 [00:20<00:13,  7.24it/s]
Evaluating WO (sum):  61%|██████▏   | 151/246 [00:21<00:13,  6.87it/s]
Evaluating WO (sum):  62%|██████▏   | 153/246 [00:21<00:16,  5.72it/s]
Evaluating WO (sum):  63%|██████▎   | 155/246 [00:21<00:14,  6.17it/s]
Evaluating WO (sum):  64%|██████▍   | 157/246 [00:22<00:14,  6.31it/s]
Evaluating WO (sum):  64%|██████▍   | 158/246 [00:22<00:16,  5.48it/s]
Evaluating WO (sum):  65%|██████▍   | 159/246 [00:22<00:21,  4.09it/s]
Evaluating WO (sum):  65%|██████▌   | 161/246 [00:22<00:15,  5.59it/s]
Evaluating WO (sum):  66%|██████▌   | 162/246 [00:23<00:16,  5.25it/s]
Evaluating WO (sum):  66%|██████▋   | 163/246 [00:23<00:24,  3.44it/s]
Evaluating WO (sum):  67%|██████▋   | 165/246 [00:24<00:21,  3.84it/s]
Evaluating WO (sum):  68%|██████▊   | 167/246 [00:24<00:16,  4.78it/s]
Evaluating WO (sum):  68%|██████▊   | 168/246 [00:24<00:15,  4.95it/s]
Evaluating WO (sum):  69%|██████▉   | 170/246 [00:24<00:12,  5.87it/s]
Evaluating WO (sum):  70%|██████▉   | 172/246 [00:25<00:10,  7.02it/s]
Evaluating WO (sum):  70%|███████   | 173/246 [00:25<00:12,  6.01it/s]
Evaluating WO (sum):  71%|███████   | 175/246 [00:25<00:11,  6.36it/s]
Evaluating WO (sum):  72%|███████▏  | 177/246 [00:25<00:08,  8.12it/s]
Evaluating WO (sum):  73%|███████▎  | 179/246 [00:25<00:08,  7.56it/s]
Evaluating WO (sum):  74%|███████▎  | 181/246 [00:26<00:07,  8.90it/s]
Evaluating WO (sum):  74%|███████▍  | 183/246 [00:26<00:09,  6.64it/s]
Evaluating WO (sum):  75%|███████▍  | 184/246 [00:26<00:10,  6.14it/s]
Evaluating WO (sum):  75%|███████▌  | 185/246 [00:27<00:10,  5.86it/s]
Evaluating WO (sum):  76%|███████▋  | 188/246 [00:27<00:06,  9.15it/s]
Evaluating WO (sum):  77%|███████▋  | 190/246 [00:27<00:06,  9.01it/s]
Evaluating WO (sum):  78%|███████▊  | 192/246 [00:27<00:06,  8.40it/s]
Evaluating WO (sum):  78%|███████▊  | 193/246 [00:27<00:07,  6.68it/s]
Evaluating WO (sum):  79%|███████▉  | 195/246 [00:28<00:07,  6.94it/s]
Evaluating WO (sum):  80%|███████▉  | 196/246 [00:28<00:07,  6.88it/s]
Evaluating WO (sum):  80%|████████  | 198/246 [00:28<00:09,  4.85it/s]
Evaluating WO (sum):  82%|████████▏ | 201/246 [00:29<00:06,  6.52it/s]
Evaluating WO (sum):  82%|████████▏ | 202/246 [00:29<00:06,  6.89it/s]
Evaluating WO (sum):  83%|████████▎ | 205/246 [00:29<00:04,  9.48it/s]
Evaluating WO (sum):  85%|████████▍ | 208/246 [00:29<00:03, 12.31it/s]
Evaluating WO (sum):  85%|████████▌ | 210/246 [00:29<00:03,  9.98it/s]
Evaluating WO (sum):  86%|████████▌ | 212/246 [00:30<00:04,  7.38it/s]
Evaluating WO (sum):  87%|████████▋ | 214/246 [00:30<00:05,  5.51it/s]
Evaluating WO (sum):  88%|████████▊ | 216/246 [00:31<00:05,  5.80it/s]
Evaluating WO (sum):  89%|████████▊ | 218/246 [00:31<00:04,  6.54it/s]
Evaluating WO (sum):  89%|████████▉ | 219/246 [00:31<00:04,  6.68it/s]
Evaluating WO (sum):  90%|█████████ | 222/246 [00:31<00:02,  9.52it/s]
Evaluating WO (sum):  91%|█████████ | 224/246 [00:32<00:02,  7.56it/s]
Evaluating WO (sum):  92%|█████████▏| 226/246 [00:32<00:02,  7.78it/s]
Evaluating WO (sum):  92%|█████████▏| 227/246 [00:32<00:02,  7.29it/s]
Evaluating WO (sum):  93%|█████████▎| 229/246 [00:32<00:02,  8.28it/s]
Evaluating WO (sum):  94%|█████████▍| 232/246 [00:32<00:01, 11.82it/s]
Evaluating WO (sum):  95%|█████████▌| 234/246 [00:33<00:01,  8.95it/s]
Evaluating WO (sum):  96%|█████████▌| 236/246 [00:33<00:01,  9.65it/s]
Evaluating WO (sum):  97%|█████████▋| 238/246 [00:33<00:00,  8.39it/s]
Evaluating WO (sum):  98%|█████████▊| 242/246 [00:34<00:00,  8.50it/s]
Evaluating WO (sum):  99%|█████████▉| 244/246 [00:34<00:00,  9.63it/s]
Evaluating WO (sum): 100%|██████████| 246/246 [00:36<00:00,  3.04it/s]
Evaluating WO (sum): 100%|██████████| 246/246 [00:36<00:00,  6.79it/s]

✅ [完成] 统计汇总已更新至: /home/wangshuo/projects/PROXY/datasets/parler/results/efficiency/WO_summary_sum.csv
📊 Weight Estimation Error (WEE) Floor (SUM): 0.0443 (4.43%)
=================================================================
