======================================================================
 🚀 FaSTest-Oracle 批量实验启动 | 总任务数: 2 | 并发模式: False
======================================================================

[任务启动] 数据集: parler | 模式: COUNT
🚀 正在运行: /home/wangshuo/projects/PROXY/cProject/build/Fastest -d parler --ROOT_LABEL 1 --SAMPLE_BUDGET 60000 --BASE_DIR /home/wangshuo/projects/PROXY/datasets --ESTIMATE_WITH_PREDICATE --POST_ORACLE_COL ML1_oracle2_probability --COMMENT_ORACLE_COL ML2_oracle2_probability --AGG_FUNC count --MULTI_PROXY_PROB ML1_proxy4b_probability --BUDGET_CURVE_IN /home/wangshuo/projects/PROXY/datasets/parler/results/efficiency/allocation_strategy_comparison_count.csv --FASTESTO_BUDGET_CURVE --FASTESTO_RUNS 5 --FASTESTO_BUDGET_CURVE_OUT /home/wangshuo/projects/PROXY/datasets/parler/results/efficiency/FastestO_budget_curve_count.csv --ORACLE_TABLE1 post --ORACLE_TABLE2 comment

[CLI] Root label set to 1
[CLI] Sample budget set to 60000
[CLI] Base Dir set to /home/wangshuo/projects/PROXY/datasets
[CLI] Mode: Estimate with Predicate enabled.
[CLI] Post Oracle Col: ML1_oracle2_probability
[CLI] Comment Oracle Col: ML2_oracle2_probability
[CLI] Multi Proxy Prob Dir Name: ML1_proxy4b_probability
[CLI] Budget curve input: /home/wangshuo/projects/PROXY/datasets/parler/results/efficiency/allocation_strategy_comparison_count.csv
[CLI] FastestO budget curve enabled.
[CLI] FastestO runs set to 5
[CLI] FastestO budget curve output: /home/wangshuo/projects/PROXY/datasets/parler/results/efficiency/FastestO_budget_curve_count.csv
[info] SAMPLE_BUDGET:60000
[Info] Cleared old estimate file: /home/wangshuo/projects/PROXY/datasets/parler/results/in_estimateW_result_count.txt
[Info] Cleared old FastestO curve file: /home/wangshuo/projects/PROXY/datasets/parler/results/efficiency/FastestO_budget_curve_count.csv
[info] args:0x7ffe2c6fd268
[info] summary_run1_path:/home/wangshuo/projects/PROXY/datasets/parler/results/result_summarys/ML1_proxy4b_probability/results_summary_run_1.csv
[Info] Reading core nodes configuration from: /home/wangshuo/projects/PROXY/datasets/parler/data_graph/core_nodes_config.json
[Info] Loaded core query-node configs for 246 queries.
[Info] Loaded predicate-label configs for 246 queries.
[infor] root label1
Constructing Candidate Space: 12 24
[info] Query Size:246
[Info] Initializing Oracle Manager from: /home/wangshuo/projects/PROXY/datasets/parler
[Info] Loaded ID Mapping size: 195812
[Info] Loading Oracle 1 from /home/wangshuo/projects/PROXY/datasets/parler/csv_data/post.csv col: ML1_oracle2_probability
[Info] Loading Oracle 2 from /home/wangshuo/projects/PROXY/datasets/parler/csv_data/comment.csv col: ML2_oracle2_probability
[Info] OracleManager Ready. Total vertices with probability: 154470
[Warning] Summary file not found: /home/wangshuo/projects/PROXY/datasets/parler/results/result_summarys/ML1_proxy4b_probability/results_summary_run_1.csv
[Warning] Budget curve file not found: /home/wangshuo/projects/PROXY/datasets/parler/results/efficiency/allocation_strategy_comparison_count.csv

Start Processing (Multi-Predicate) /home/wangshuo/projects/PROXY/datasets/parler/query_graph/query_cycle_4_0.graph
[Info] Using explicit query nodes for predicates: 1 
[Info] FOIS_nrs base budget not found, will rely strictly on Curve CSV.
[Info] Using user-specified root label 1 -> query node 1
  [FastestO Curve] run=1 frac=0.01 budget_n=500 est=391442
  [FastestO Curve] run=1 frac=0.05 budget_n=500 est=333829
  [FastestO Curve] run=1 frac=0.075 budget_n=500 est=359485
  [FastestO Curve] run=1 frac=0.1 budget_n=500 est=426043
  [FastestO Curve] run=1 frac=0.15 budget_n=500 est=333940
  [FastestO Curve] run=1 frac=0.2 budget_n=500 est=376539
  [FastestO Curve] run=1 frac=0.3 budget_n=500 est=399271
  [FastestO Curve] run=1 frac=0.4 budget_n=500 est=383728
  [FastestO Curve] run=1 frac=0.5 budget_n=500 est=394925
  [FastestO Curve] run=1 frac=0.6 budget_n=500 est=426437
  [FastestO Curve] run=1 frac=0.7 budget_n=500 est=385931
  [FastestO Curve] run=1 frac=0.8 budget_n=500 est=347201
  [FastestO Curve] run=1 frac=0.9 budget_n=500 est=387530
  [FastestO Curve] run=2 frac=0.01 budget_n=500 est=359202
  [FastestO Curve] run=2 frac=0.05 budget_n=500 est=384289
  [FastestO Curve] run=2 frac=0.075 budget_n=500 est=351270
  [FastestO Curve] run=2 frac=0.1 budget_n=500 est=427855
  [FastestO Curve] run=2 frac=0.15 budget_n=500 est=364410
  [FastestO Curve] run=2 frac=0.2 budget_n=500 est=344876
  [FastestO Curve] run=2 frac=0.3 budget_n=500 est=370144
  [FastestO Curve] run=2 frac=0.4 budget_n=500 est=303759
  [FastestO Curve] run=2 frac=0.5 budget_n=500 est=419909
  [FastestO Curve] run=2 frac=0.6 budget_n=500 est=383684
  [FastestO Curve] run=2 frac=0.7 budget_n=500 est=373453
  [FastestO Curve] run=2 frac=0.8 budget_n=500 est=363340
  [FastestO Curve] run=2 frac=0.9 budget_n=500 est=382043
  [FastestO Curve] run=3 frac=0.01 budget_n=500 est=427379
  [FastestO Curve] run=3 frac=0.05 budget_n=500 est=357363
  [FastestO Curve] run=3 frac=0.075 budget_n=500 est=431273
  [FastestO Curve] run=3 frac=0.1 budget_n=500 est=355044
  [FastestO Curve] run=3 frac=0.15 budget_n=500 est=362076
  [FastestO Curve] run=3 frac=0.2 budget_n=500 est=424127
  [FastestO Curve] run=3 frac=0.3 budget_n=500 est=384905
  [FastestO Curve] run=3 frac=0.4 budget_n=500 est=414288
  [FastestO Curve] run=3 frac=0.5 budget_n=500 est=451822
  [FastestO Curve] run=3 frac=0.6 budget_n=500 est=403541
  [FastestO Curve] run=3 frac=0.7 budget_n=500 est=388165
  [FastestO Curve] run=3 frac=0.8 budget_n=500 est=332572
  [FastestO Curve] run=3 frac=0.9 budget_n=500 est=338310
  [FastestO Curve] run=4 frac=0.01 budget_n=500 est=350471
  [FastestO Curve] run=4 frac=0.05 budget_n=500 est=306696
  [FastestO Curve] run=4 frac=0.075 budget_n=500 est=394376
  [FastestO Curve] run=4 frac=0.1 budget_n=500 est=378385
  [FastestO Curve] run=4 frac=0.15 budget_n=500 est=345756
  [FastestO Curve] run=4 frac=0.2 budget_n=500 est=413930
  [FastestO Curve] run=4 frac=0.3 budget_n=500 est=366390
  [FastestO Curve] run=4 frac=0.4 budget_n=500 est=335402
  [FastestO Curve] run=4 frac=0.5 budget_n=500 est=369080
  [FastestO Curve] run=4 frac=0.6 budget_n=500 est=373441
  [FastestO Curve] run=4 frac=0.7 budget_n=500 est=362399
  [FastestO Curve] run=4 frac=0.8 budget_n=500 est=401698
  [FastestO Curve] run=4 frac=0.9 budget_n=500 est=432474
  [FastestO Curve] run=5 frac=0.01 budget_n=500 est=401946
  [FastestO Curve] run=5 frac=0.05 budget_n=500 est=362988
  [FastestO Curve] run=5 frac=0.075 budget_n=500 est=348360
  [FastestO Curve] run=5 frac=0.1 budget_n=500 est=410385
  [FastestO Curve] run=5 frac=0.15 budget_n=500 est=341081
  [FastestO Curve] run=5 frac=0.2 budget_n=500 est=348054
  [FastestO Curve] run=5 frac=0.3 budget_n=500 est=381168
  [FastestO Curve] run=5 frac=0.4 budget_n=500 est=301256
  [FastestO Curve] run=5 frac=0.5 budget_n=500 est=443367
  [FastestO Curve] run=5 frac=0.6 budget_n=500 est=395685
  [FastestO Curve] run=5 frac=0.7 budget_n=500 est=353192
  [FastestO Curve] run=5 frac=0.8 budget_n=500 est=352537
  [FastestO Curve] run=5 frac=0.9 budget_n=500 est=378723
  [Result] #CandTree           : 4.206e+06
  [Result] #TreeTrials         : 1377
  [Result] #TreeSuccess        : 124
  [Result] #UniqueOracleNodes  : 500.0000
  [Result] Truth               : 4079965.0000
  [Result] Est                 : 378722.7451
  [Result] logQError           : -1.0323
  [Result] TreeCountTime       : 118.4132
  [Result] QueryTime           : 3.1357
/home/wangshuo/projects/PROXY/datasets/parler/query_graph/query_cycle_4_0.graph Finished!

Start Processing (Multi-Predicate) /home/wangshuo/projects/PROXY/datasets/parler/query_graph/query_cycle_4_1.graph
[Info] Using explicit query nodes for predicates: 1 
[Info] FOIS_nrs base budget not found, will rely strictly on Curve CSV.
[Info] Using user-specified root label 1 -> query node 1
  [FastestO Curve] run=1 frac=0.01 budget_n=500 est=362941
  [FastestO Curve] run=1 frac=0.05 budget_n=500 est=324238
  [FastestO Curve] run=1 frac=0.075 budget_n=500 est=420566
  [FastestO Curve] run=1 frac=0.1 budget_n=500 est=372774
  [FastestO Curve] run=1 frac=0.15 budget_n=500 est=429275
  [FastestO Curve] run=1 frac=0.2 budget_n=500 est=346766
  [FastestO Curve] run=1 frac=0.3 budget_n=500 est=387672
  [FastestO Curve] run=1 frac=0.4 budget_n=500 est=412884
  [FastestO Curve] run=1 frac=0.5 budget_n=500 est=363716
  [FastestO Curve] run=1 frac=0.6 budget_n=500 est=333027
  [FastestO Curve] run=1 frac=0.7 budget_n=500 est=404050
  [FastestO Curve] run=1 frac=0.8 budget_n=500 est=315889
  [FastestO Curve] run=1 frac=0.9 budget_n=500 est=382630
  [FastestO Curve] run=2 frac=0.01 budget_n=500 est=361711
  [FastestO Curve] run=2 frac=0.05 budget_n=500 est=377431
  [FastestO Curve] run=2 frac=0.075 budget_n=500 est=400539
  [FastestO Curve] run=2 frac=0.1 budget_n=500 est=428327
  [FastestO Curve] run=2 frac=0.15 budget_n=500 est=371354
  [FastestO Curve] run=2 frac=0.2 budget_n=500 est=374605
  [FastestO Curve] run=2 frac=0.3 budget_n=500 est=358117
  [FastestO Curve] run=2 frac=0.4 budget_n=500 est=327173
  [FastestO Curve] run=2 frac=0.5 budget_n=500 est=406174
  [FastestO Curve] run=2 frac=0.6 budget_n=500 est=338421
  [FastestO Curve] run=2 frac=0.7 budget_n=500 est=317648
  [FastestO Curve] run=2 frac=0.8 budget_n=500 est=336574
  [FastestO Curve] run=2 frac=0.9 budget_n=500 est=412502
  [FastestO Curve] run=3 frac=0.01 budget_n=500 est=397004
  [FastestO Curve] run=3 frac=0.05 budget_n=500 est=420868
  [FastestO Curve] run=3 frac=0.075 budget_n=500 est=393618
  [FastestO Curve] run=3 frac=0.1 budget_n=500 est=389642
  [FastestO Curve] run=3 frac=0.15 budget_n=500 est=361938
  [FastestO Curve] run=3 frac=0.2 budget_n=500 est=382050
  [FastestO Curve] run=3 frac=0.3 budget_n=500 est=405512
  [FastestO Curve] run=3 frac=0.4 budget_n=500 est=387885
  [FastestO Curve] run=3 frac=0.5 budget_n=500 est=363034
  [FastestO Curve] run=3 frac=0.6 budget_n=500 est=320288
  [FastestO Curve] run=3 frac=0.7 budget_n=500 est=364556
  [FastestO Curve] run=3 frac=0.8 budget_n=500 est=295439
  [FastestO Curve] run=3 frac=0.9 budget_n=500 est=351816
  [FastestO Curve] run=4 frac=0.01 budget_n=500 est=390187
  [FastestO Curve] run=4 frac=0.05 budget_n=500 est=359694
  [FastestO Curve] run=4 frac=0.075 budget_n=500 est=376962
  [FastestO Curve] run=4 frac=0.1 budget_n=500 est=342834
  [FastestO Curve] run=4 frac=0.15 budget_n=500 est=455185
  [FastestO Curve] run=4 frac=0.2 budget_n=500 est=375124
  [FastestO Curve] run=4 frac=0.3 budget_n=500 est=347645
  [FastestO Curve] run=4 frac=0.4 budget_n=500 est=363378
  [FastestO Curve] run=4 frac=0.5 budget_n=500 est=364168
  [FastestO Curve] run=4 frac=0.6 budget_n=500 est=309374
  [FastestO Curve] run=4 frac=0.7 budget_n=500 est=394581
  [FastestO Curve] run=4 frac=0.8 budget_n=500 est=380840
  [FastestO Curve] run=4 frac=0.9 budget_n=500 est=370821
  [FastestO Curve] run=5 frac=0.01 budget_n=500 est=419633
  [FastestO Curve] run=5 frac=0.05 budget_n=500 est=355144
  [FastestO Curve] run=5 frac=0.075 budget_n=500 est=394280
  [FastestO Curve] run=5 frac=0.1 budget_n=500 est=406607
  [FastestO Curve] run=5 frac=0.15 budget_n=500 est=404278
  [FastestO Curve] run=5 frac=0.2 budget_n=500 est=408531
  [FastestO Curve] run=5 frac=0.3 budget_n=500 est=327503
  [FastestO Curve] run=5 frac=0.4 budget_n=500 est=328726
  [FastestO Curve] run=5 frac=0.5 budget_n=500 est=337491
  [FastestO Curve] run=5 frac=0.6 budget_n=500 est=338873
  [FastestO Curve] run=5 frac=0.7 budget_n=500 est=376142
  [FastestO Curve] run=5 frac=0.8 budget_n=500 est=362852
  [FastestO Curve] run=5 frac=0.9 budget_n=500 est=349373
  [Result] #CandTree           : 4.206e+06
  [Result] #TreeTrials         : 1276
  [Result] #TreeSuccess        : 106
  [Result] #UniqueOracleNodes  : 500.0000
  [Result] Truth               : 4079965.0000
  [Result] Est                 : 349372.5940
  [Result] logQError           : -1.0674
  [Result] TreeCountTime       : 123.7453
  [Result] QueryTime           : 2.8944
/home/wangshuo/projects/PROXY/datasets/parler/query_graph/query_cycle_4_1.graph Finished!

Start Processing (Multi-Predicate) /home/wangshuo/projects/PROXY/datasets/parler/query_graph/query_cycle_4_10.graph
[Info] Using explicit query nodes for predicates: 0 
[Info] FOIS_nrs base budget not found, will rely strictly on Curve CSV.
[Info] Using user-specified root label 1 -> query node 0
  [FastestO Curve] run=1 frac=0.01 budget_n=500 est=81259.3
  [FastestO Curve] run=1 frac=0.05 budget_n=500 est=76429.7
  [FastestO Curve] run=1 frac=0.075 budget_n=500 est=96462.8
  [FastestO Curve] run=1 frac=0.1 budget_n=500 est=87480.1
  [FastestO Curve] run=1 frac=0.15 budget_n=500 est=91988.8
  [FastestO Curve] run=1 frac=0.2 budget_n=500 est=88649.1
  [FastestO Curve] run=1 frac=0.3 budget_n=500 est=89419.7
  [FastestO Curve] run=1 frac=0.4 budget_n=500 est=85622.5
  [FastestO Curve] run=1 frac=0.5 budget_n=500 est=88168.4
  [FastestO Curve] run=1 frac=0.6 budget_n=500 est=92697
  [FastestO Curve] run=1 frac=0.7 budget_n=500 est=85296.9
  [FastestO Curve] run=1 frac=0.8 budget_n=500 est=92139.7
  [FastestO Curve] run=1 frac=0.9 budget_n=500 est=89927.3
  [FastestO Curve] run=2 frac=0.01 budget_n=500 est=94800.9
  [FastestO Curve] run=2 frac=0.05 budget_n=500 est=88106.9
  [FastestO Curve] run=2 frac=0.075 budget_n=500 est=101321
  [FastestO Curve] run=2 frac=0.1 budget_n=500 est=87229.6
  [FastestO Curve] run=2 frac=0.15 budget_n=500 est=97331.6
  [FastestO Curve] run=2 frac=0.2 budget_n=500 est=105822
  [FastestO Curve] run=2 frac=0.3 budget_n=500 est=105315
  [FastestO Curve] run=2 frac=0.4 budget_n=500 est=91921.9
  [FastestO Curve] run=2 frac=0.5 budget_n=500 est=88513.6
  [FastestO Curve] run=2 frac=0.6 budget_n=500 est=88635.3
  [FastestO Curve] run=2 frac=0.7 budget_n=500 est=102154
  [FastestO Curve] run=2 frac=0.8 budget_n=500 est=75112.2
  [FastestO Curve] run=2 frac=0.9 budget_n=500 est=83393.9
  [FastestO Curve] run=3 frac=0.01 budget_n=500 est=112084
  [FastestO Curve] run=3 frac=0.05 budget_n=500 est=98923.1
  [FastestO Curve] run=3 frac=0.075 budget_n=500 est=86440.8
  [FastestO Curve] run=3 frac=0.1 budget_n=500 est=85066.4
  [FastestO Curve] run=3 frac=0.15 budget_n=500 est=83250.6
  [FastestO Curve] run=3 frac=0.2 budget_n=500 est=87300.7
  [FastestO Curve] run=3 frac=0.3 budget_n=500 est=91993.7
  [FastestO Curve] run=3 frac=0.4 budget_n=500 est=99393.6
  [FastestO Curve] run=3 frac=0.5 budget_n=500 est=106375
  [FastestO Curve] run=3 frac=0.6 budget_n=500 est=84970.1
  [FastestO Curve] run=3 frac=0.7 budget_n=500 est=98117.2
  [FastestO Curve] run=3 frac=0.8 budget_n=500 est=96831.6
  [FastestO Curve] run=3 frac=0.9 budget_n=500 est=92818.2
  [FastestO Curve] run=4 frac=0.01 budget_n=500 est=96122
  [FastestO Curve] run=4 frac=0.05 budget_n=500 est=106558
  [FastestO Curve] run=4 frac=0.075 budget_n=500 est=105217
  [FastestO Curve] run=4 frac=0.1 budget_n=500 est=95397.6
  [FastestO Curve] run=4 frac=0.15 budget_n=500 est=82162.9
  [FastestO Curve] run=4 frac=0.2 budget_n=500 est=96770
  [FastestO Curve] run=4 frac=0.3 budget_n=500 est=91303.5
  [FastestO Curve] run=4 frac=0.4 budget_n=500 est=78732.1
  [FastestO Curve] run=4 frac=0.5 budget_n=500 est=74058.9
  [FastestO Curve] run=4 frac=0.6 budget_n=500 est=96306.7
  [FastestO Curve] run=4 frac=0.7 budget_n=500 est=99754.4
  [FastestO Curve] run=4 frac=0.8 budget_n=500 est=83081.2
  [FastestO Curve] run=4 frac=0.9 budget_n=500 est=87635.8
  [FastestO Curve] run=5 frac=0.01 budget_n=500 est=92491.2
  [FastestO Curve] run=5 frac=0.05 budget_n=500 est=104237
  [FastestO Curve] run=5 frac=0.075 budget_n=500 est=90481.8
  [FastestO Curve] run=5 frac=0.1 budget_n=500 est=86466.2
  [FastestO Curve] run=5 frac=0.15 budget_n=500 est=80805
  [FastestO Curve] run=5 frac=0.2 budget_n=500 est=95355.3
  [FastestO Curve] run=5 frac=0.3 budget_n=500 est=97969.1
  [FastestO Curve] run=5 frac=0.4 budget_n=500 est=96239
  [FastestO Curve] run=5 frac=0.5 budget_n=500 est=87486.6
  [FastestO Curve] run=5 frac=0.6 budget_n=500 est=87410.2
  [FastestO Curve] run=5 frac=0.7 budget_n=500 est=93670.6
  [FastestO Curve] run=5 frac=0.8 budget_n=500 est=88680.5
  [FastestO Curve] run=5 frac=0.9 budget_n=500 est=88623.7
  [Result] #CandTree           : 1.307e+06
  [Result] #TreeTrials         : 1563
  [Result] #TreeSuccess        : 106
  [Result] #UniqueOracleNodes  : 500.0000
  [Result] Truth               : 1239838.0000
  [Result] Est                 : 88623.7313
  [Result] logQError           : -1.1458
  [Result] TreeCountTime       : 64.2383
  [Result] QueryTime           : 2.4733
/home/wangshuo/projects/PROXY/datasets/parler/query_graph/query_cycle_4_10.graph Finished!

Start Processing (Multi-Predicate) /home/wangshuo/projects/PROXY/datasets/parler/query_graph/query_cycle_4_11.graph
[Info] Using explicit query nodes for predicates: 1 
[Info] FOIS_nrs base budget not found, will rely strictly on Curve CSV.
[Info] Using user-specified root label 1 -> query node 1
  [FastestO Curve] run=1 frac=0.01 budget_n=500 est=11972.6
  [FastestO Curve] run=1 frac=0.05 budget_n=500 est=12287.7
  [FastestO Curve] run=1 frac=0.075 budget_n=500 est=12845.4
  [FastestO Curve] run=1 frac=0.1 budget_n=500 est=7844.15
  [FastestO Curve] run=1 frac=0.15 budget_n=500 est=9374.58
  [FastestO Curve] run=1 frac=0.2 budget_n=500 est=10302.4
  [FastestO Curve] run=1 frac=0.3 budget_n=500 est=12150.7
  [FastestO Curve] run=1 frac=0.4 budget_n=500 est=11886.3
  [FastestO Curve] run=1 frac=0.5 budget_n=500 est=12735.4
  [FastestO Curve] run=1 frac=0.6 budget_n=500 est=9763.78
  [FastestO Curve] run=1 frac=0.7 budget_n=500 est=10773.6
  [FastestO Curve] run=1 frac=0.8 budget_n=500 est=12105.7
  [FastestO Curve] run=1 frac=0.9 budget_n=500 est=13358
  [FastestO Curve] run=2 frac=0.01 budget_n=500 est=11886.3
  [FastestO Curve] run=2 frac=0.05 budget_n=500 est=9672.7
  [FastestO Curve] run=2 frac=0.075 budget_n=500 est=12640.1
  [FastestO Curve] run=2 frac=0.1 budget_n=500 est=12711.4
  [FastestO Curve] run=2 frac=0.15 budget_n=500 est=10207.5
  [FastestO Curve] run=2 frac=0.2 budget_n=500 est=15388.2
  [FastestO Curve] run=2 frac=0.3 budget_n=500 est=12173.3
  [FastestO Curve] run=2 frac=0.4 budget_n=500 est=6331.91
  [FastestO Curve] run=2 frac=0.5 budget_n=500 est=13012.8
  [FastestO Curve] run=2 frac=0.6 budget_n=500 est=12663.8
  [FastestO Curve] run=2 frac=0.7 budget_n=500 est=12218.8
  [FastestO Curve] run=2 frac=0.8 budget_n=500 est=8395.38
  [FastestO Curve] run=2 frac=0.9 budget_n=500 est=9654.69
  [FastestO Curve] run=3 frac=0.01 budget_n=500 est=12892.8
  [FastestO Curve] run=3 frac=0.05 budget_n=500 est=7960.79
  [FastestO Curve] run=3 frac=0.075 budget_n=500 est=12264.7
  [FastestO Curve] run=3 frac=0.1 budget_n=500 est=8931.58
  [FastestO Curve] run=3 frac=0.15 budget_n=500 est=9800.7
  [FastestO Curve] run=3 frac=0.2 budget_n=500 est=10435.9
  [FastestO Curve] run=3 frac=0.3 budget_n=500 est=11819.6
  [FastestO Curve] run=3 frac=0.4 budget_n=500 est=11559.8
  [FastestO Curve] run=3 frac=0.5 budget_n=500 est=13135.1
  [FastestO Curve] run=3 frac=0.6 budget_n=500 est=12940.5
  [FastestO Curve] run=3 frac=0.7 budget_n=500 est=9999.97
  [FastestO Curve] run=3 frac=0.8 budget_n=500 est=8749.97
  [FastestO Curve] run=3 frac=0.9 budget_n=500 est=10914
  [FastestO Curve] run=4 frac=0.01 budget_n=500 est=12196
  [FastestO Curve] run=4 frac=0.05 budget_n=500 est=9690.78
  [FastestO Curve] run=4 frac=0.075 budget_n=500 est=10416.6
  [FastestO Curve] run=4 frac=0.1 budget_n=500 est=12196
  [FastestO Curve] run=4 frac=0.15 budget_n=500 est=13382.8
  [FastestO Curve] run=4 frac=0.2 budget_n=500 est=12357.4
  [FastestO Curve] run=4 frac=0.3 budget_n=500 est=10304.7
  [FastestO Curve] run=4 frac=0.4 budget_n=500 est=10093.3
  [FastestO Curve] run=4 frac=0.5 budget_n=500 est=11461.8
  [FastestO Curve] run=4 frac=0.6 budget_n=500 est=8591.17
  [FastestO Curve] run=4 frac=0.7 budget_n=500 est=9782.2
  [FastestO Curve] run=4 frac=0.8 budget_n=500 est=11864
  [FastestO Curve] run=4 frac=0.9 budget_n=500 est=7136.07
  [FastestO Curve] run=5 frac=0.01 budget_n=500 est=11908.8
  [FastestO Curve] run=5 frac=0.05 budget_n=500 est=13259.8
  [FastestO Curve] run=5 frac=0.075 budget_n=500 est=9690.78
  [FastestO Curve] run=5 frac=0.1 budget_n=500 est=13209.6
  [FastestO Curve] run=5 frac=0.15 budget_n=500 est=13211.2
  [FastestO Curve] run=5 frac=0.2 budget_n=500 est=12892.8
  [FastestO Curve] run=5 frac=0.3 budget_n=500 est=16401.5
  [FastestO Curve] run=5 frac=0.4 budget_n=500 est=16040.8
  [FastestO Curve] run=5 frac=0.5 budget_n=500 est=11953.9
  [FastestO Curve] run=5 frac=0.6 budget_n=500 est=14245.6
  [FastestO Curve] run=5 frac=0.7 budget_n=500 est=8798.77
  [FastestO Curve] run=5 frac=0.8 budget_n=500 est=10513.8
  [FastestO Curve] run=5 frac=0.9 budget_n=500 est=13407.6
  [Result] #CandTree           : 2.254e+05
  [Result] #TreeTrials         : 538
  [Result] #TreeSuccess        : 32
  [Result] #UniqueOracleNodes  : 500.0000
  [Result] Truth               : 225416.0000
  [Result] Est                 : 13407.6431
  [Result] logQError           : -1.2256
  [Result] TreeCountTime       : 26.6025
  [Result] QueryTime           : 1.1504
/home/wangshuo/projects/PROXY/datasets/parler/query_graph/query_cycle_4_11.graph Finished!

Start Processing (Multi-Predicate) /home/wangshuo/projects/PROXY/datasets/parler/query_graph/query_cycle_4_12.graph
[Info] Using explicit query nodes for predicates: 1 
[Info] FOIS_nrs base budget not found, will rely strictly on Curve CSV.
[Info] Using user-specified root label 1 -> query node 1
  [FastestO Curve] run=1 frac=0.01 budget_n=500 est=12178.6
  [FastestO Curve] run=1 frac=0.05 budget_n=500 est=15057.4
  [FastestO Curve] run=1 frac=0.075 budget_n=500 est=12900.9
  [FastestO Curve] run=1 frac=0.1 budget_n=500 est=14405.1
  [FastestO Curve] run=1 frac=0.15 budget_n=500 est=16108
  [FastestO Curve] run=1 frac=0.2 budget_n=500 est=12440.4
  [FastestO Curve] run=1 frac=0.3 budget_n=500 est=12552.8
  [FastestO Curve] run=1 frac=0.4 budget_n=500 est=13007.2
  [FastestO Curve] run=1 frac=0.5 budget_n=500 est=12221.5
  [FastestO Curve] run=1 frac=0.6 budget_n=500 est=14803.5
  [FastestO Curve] run=1 frac=0.7 budget_n=500 est=12039.9
  [FastestO Curve] run=1 frac=0.8 budget_n=500 est=12699.8
  [FastestO Curve] run=1 frac=0.9 budget_n=500 est=10295.2
  [FastestO Curve] run=2 frac=0.01 budget_n=500 est=9588.18
  [FastestO Curve] run=2 frac=0.05 budget_n=500 est=11892.1
  [FastestO Curve] run=2 frac=0.075 budget_n=500 est=12873.7
  [FastestO Curve] run=2 frac=0.1 budget_n=500 est=12254.5
  [FastestO Curve] run=2 frac=0.15 budget_n=500 est=10893.2
  [FastestO Curve] run=2 frac=0.2 budget_n=500 est=11010.6
  [FastestO Curve] run=2 frac=0.3 budget_n=500 est=12967.8
  [FastestO Curve] run=2 frac=0.4 budget_n=500 est=11891
  [FastestO Curve] run=2 frac=0.5 budget_n=500 est=12761.3
  [FastestO Curve] run=2 frac=0.6 budget_n=500 est=14158.7
  [FastestO Curve] run=2 frac=0.7 budget_n=500 est=10794.2
  [FastestO Curve] run=2 frac=0.8 budget_n=500 est=10604.5
  [FastestO Curve] run=2 frac=0.9 budget_n=500 est=14993.1
  [FastestO Curve] run=3 frac=0.01 budget_n=500 est=10414.3
  [FastestO Curve] run=3 frac=0.05 budget_n=500 est=13998.3
  [FastestO Curve] run=3 frac=0.075 budget_n=500 est=14405.9
  [FastestO Curve] run=3 frac=0.1 budget_n=500 est=12463.1
  [FastestO Curve] run=3 frac=0.15 budget_n=500 est=11956.2
  [FastestO Curve] run=3 frac=0.2 budget_n=500 est=12864.2
  [FastestO Curve] run=3 frac=0.3 budget_n=500 est=13580.1
  [FastestO Curve] run=3 frac=0.4 budget_n=500 est=12233.4
  [FastestO Curve] run=3 frac=0.5 budget_n=500 est=11243.1
  [FastestO Curve] run=3 frac=0.6 budget_n=500 est=12942.3
  [FastestO Curve] run=3 frac=0.7 budget_n=500 est=13972.2
  [FastestO Curve] run=3 frac=0.8 budget_n=500 est=10233.3
  [FastestO Curve] run=3 frac=0.9 budget_n=500 est=11180.8
  [FastestO Curve] run=4 frac=0.01 budget_n=500 est=11037.3
  [FastestO Curve] run=4 frac=0.05 budget_n=500 est=9962.59
  [FastestO Curve] run=4 frac=0.075 budget_n=500 est=9643.88
  [FastestO Curve] run=4 frac=0.1 budget_n=500 est=12541.9
  [FastestO Curve] run=4 frac=0.15 budget_n=500 est=10325.7
  [FastestO Curve] run=4 frac=0.2 budget_n=500 est=9344.97
  [FastestO Curve] run=4 frac=0.3 budget_n=500 est=9667.4
  [FastestO Curve] run=4 frac=0.4 budget_n=500 est=11299.6
  [FastestO Curve] run=4 frac=0.5 budget_n=500 est=13221.5
  [FastestO Curve] run=4 frac=0.6 budget_n=500 est=13671.4
  [FastestO Curve] run=4 frac=0.7 budget_n=500 est=14096
  [FastestO Curve] run=4 frac=0.8 budget_n=500 est=14410
  [FastestO Curve] run=4 frac=0.9 budget_n=500 est=11968.6
  [FastestO Curve] run=5 frac=0.01 budget_n=500 est=13835.9
  [FastestO Curve] run=5 frac=0.05 budget_n=500 est=12591
  [FastestO Curve] run=5 frac=0.075 budget_n=500 est=11925.4
  [FastestO Curve] run=5 frac=0.1 budget_n=500 est=12701.7
  [FastestO Curve] run=5 frac=0.15 budget_n=500 est=12272.1
  [FastestO Curve] run=5 frac=0.2 budget_n=500 est=13791
  [FastestO Curve] run=5 frac=0.3 budget_n=500 est=10290.5
  [FastestO Curve] run=5 frac=0.4 budget_n=500 est=11594.6
  [FastestO Curve] run=5 frac=0.5 budget_n=500 est=13252.3
  [FastestO Curve] run=5 frac=0.6 budget_n=500 est=15908.4
  [FastestO Curve] run=5 frac=0.7 budget_n=500 est=9835.32
  [FastestO Curve] run=5 frac=0.8 budget_n=500 est=13877.1
  [FastestO Curve] run=5 frac=0.9 budget_n=500 est=12910.4
  [Result] #CandTree           : 8.701e+05
  [Result] #TreeTrials         : 3774
  [Result] #TreeSuccess        : 56
  [Result] #UniqueOracleNodes  : 500.0000
  [Result] Truth               : 219864.0000
  [Result] Est                 : 12910.3593
  [Result] logQError           : -1.2312
  [Result] TreeCountTime       : 39.0699
  [Result] QueryTime           : 5.3773
/home/wangshuo/projects/PROXY/datasets/parler/query_graph/query_cycle_4_12.graph Finished!

Start Processing (Multi-Predicate) /home/wangshuo/projects/PROXY/datasets/parler/query_graph/query_cycle_4_13.graph
[Info] Using explicit query nodes for predicates: 2 
[Info] FOIS_nrs base budget not found, will rely strictly on Curve CSV.
[Info] Using user-specified root label 1 -> query node 2
  [FastestO Curve] run=1 frac=0.01 budget_n=500 est=285644
  [FastestO Curve] run=1 frac=0.05 budget_n=500 est=313700
  [FastestO Curve] run=1 frac=0.075 budget_n=500 est=266774
  [FastestO Curve] run=1 frac=0.1 budget_n=500 est=254766
  [FastestO Curve] run=1 frac=0.15 budget_n=500 est=302211
  [FastestO Curve] run=1 frac=0.2 budget_n=500 est=265345
  [FastestO Curve] run=1 frac=0.3 budget_n=500 est=293008
  [FastestO Curve] run=1 frac=0.4 budget_n=500 est=290249
  [FastestO Curve] run=1 frac=0.5 budget_n=500 est=297225
  [FastestO Curve] run=1 frac=0.6 budget_n=500 est=298551
  [FastestO Curve] run=1 frac=0.7 budget_n=500 est=274608
  [FastestO Curve] run=1 frac=0.8 budget_n=500 est=274229
  [FastestO Curve] run=1 frac=0.9 budget_n=500 est=279698
  [FastestO Curve] run=2 frac=0.01 budget_n=500 est=280385
  [FastestO Curve] run=2 frac=0.05 budget_n=500 est=285147
  [FastestO Curve] run=2 frac=0.075 budget_n=500 est=264431
  [FastestO Curve] run=2 frac=0.1 budget_n=500 est=274045
  [FastestO Curve] run=2 frac=0.15 budget_n=500 est=290128
  [FastestO Curve] run=2 frac=0.2 budget_n=500 est=309511
  [FastestO Curve] run=2 frac=0.3 budget_n=500 est=278146
  [FastestO Curve] run=2 frac=0.4 budget_n=500 est=278060
  [FastestO Curve] run=2 frac=0.5 budget_n=500 est=283008
  [FastestO Curve] run=2 frac=0.6 budget_n=500 est=339489
  [FastestO Curve] run=2 frac=0.7 budget_n=500 est=299404
  [FastestO Curve] run=2 frac=0.8 budget_n=500 est=296286
  [FastestO Curve] run=2 frac=0.9 budget_n=500 est=313601
  [FastestO Curve] run=3 frac=0.01 budget_n=500 est=270586
  [FastestO Curve] run=3 frac=0.05 budget_n=500 est=260352
  [FastestO Curve] run=3 frac=0.075 budget_n=500 est=303899
  [FastestO Curve] run=3 frac=0.1 budget_n=500 est=297090
  [FastestO Curve] run=3 frac=0.15 budget_n=500 est=273105
  [FastestO Curve] run=3 frac=0.2 budget_n=500 est=284314
  [FastestO Curve] run=3 frac=0.3 budget_n=500 est=294852
  [FastestO Curve] run=3 frac=0.4 budget_n=500 est=277298
  [FastestO Curve] run=3 frac=0.5 budget_n=500 est=273979
  [FastestO Curve] run=3 frac=0.6 budget_n=500 est=299404
  [FastestO Curve] run=3 frac=0.7 budget_n=500 est=292896
  [FastestO Curve] run=3 frac=0.8 budget_n=500 est=273546
  [FastestO Curve] run=3 frac=0.9 budget_n=500 est=293771
  [FastestO Curve] run=4 frac=0.01 budget_n=500 est=258433
  [FastestO Curve] run=4 frac=0.05 budget_n=500 est=288348
  [FastestO Curve] run=4 frac=0.075 budget_n=500 est=274827
  [FastestO Curve] run=4 frac=0.1 budget_n=500 est=309573
  [FastestO Curve] run=4 frac=0.15 budget_n=500 est=268030
  [FastestO Curve] run=4 frac=0.2 budget_n=500 est=291996
  [FastestO Curve] run=4 frac=0.3 budget_n=500 est=242983
  [FastestO Curve] run=4 frac=0.4 budget_n=500 est=273360
  [FastestO Curve] run=4 frac=0.5 budget_n=500 est=264995
  [FastestO Curve] run=4 frac=0.6 budget_n=500 est=290627
  [FastestO Curve] run=4 frac=0.7 budget_n=500 est=303139
  [FastestO Curve] run=4 frac=0.8 budget_n=500 est=265430
  [FastestO Curve] run=4 frac=0.9 budget_n=500 est=315043
  [FastestO Curve] run=5 frac=0.01 budget_n=500 est=332201
  [FastestO Curve] run=5 frac=0.05 budget_n=500 est=323444
  [FastestO Curve] run=5 frac=0.075 budget_n=500 est=325173
  [FastestO Curve] run=5 frac=0.1 budget_n=500 est=312553
  [FastestO Curve] run=5 frac=0.15 budget_n=500 est=266735
  [FastestO Curve] run=5 frac=0.2 budget_n=500 est=299404
  [FastestO Curve] run=5 frac=0.3 budget_n=500 est=292102
  [FastestO Curve] run=5 frac=0.4 budget_n=500 est=291758
  [FastestO Curve] run=5 frac=0.5 budget_n=500 est=297687
  [FastestO Curve] run=5 frac=0.6 budget_n=500 est=299404
  [FastestO Curve] run=5 frac=0.7 budget_n=500 est=309371
  [FastestO Curve] run=5 frac=0.8 budget_n=500 est=279762
  [FastestO Curve] run=5 frac=0.9 budget_n=500 est=273846
  [Result] #CandTree           : 2.994e+06
  [Result] #TreeTrials         : 1476
  [Result] #TreeSuccess        : 135
  [Result] #UniqueOracleNodes  : 500.0000
  [Result] Truth               : 2872354.0000
  [Result] Est                 : 273845.5793
  [Result] logQError           : -1.0207
  [Result] TreeCountTime       : 96.8538
  [Result] QueryTime           : 3.2944
/home/wangshuo/projects/PROXY/datasets/parler/query_graph/query_cycle_4_13.graph Finished!

Start Processing (Multi-Predicate) /home/wangshuo/projects/PROXY/datasets/parler/query_graph/query_cycle_4_14.graph
[Info] Using explicit query nodes for predicates: 2 
[Info] FOIS_nrs base budget not found, will rely strictly on Curve CSV.
[Info] Using user-specified root label 1 -> query node 2
  [FastestO Curve] run=1 frac=0.01 budget_n=500 est=296296
  [FastestO Curve] run=1 frac=0.05 budget_n=500 est=288881
  [FastestO Curve] run=1 frac=0.075 budget_n=500 est=256991
  [FastestO Curve] run=1 frac=0.1 budget_n=500 est=275049
  [FastestO Curve] run=1 frac=0.15 budget_n=500 est=274608
  [FastestO Curve] run=1 frac=0.2 budget_n=500 est=276799
  [FastestO Curve] run=1 frac=0.3 budget_n=500 est=286210
  [FastestO Curve] run=1 frac=0.4 budget_n=500 est=284152
  [FastestO Curve] run=1 frac=0.5 budget_n=500 est=287184
  [FastestO Curve] run=1 frac=0.6 budget_n=500 est=315163
  [FastestO Curve] run=1 frac=0.7 budget_n=500 est=288918
  [FastestO Curve] run=1 frac=0.8 budget_n=500 est=256928
  [FastestO Curve] run=1 frac=0.9 budget_n=500 est=298403
  [FastestO Curve] run=2 frac=0.01 budget_n=500 est=317292
  [FastestO Curve] run=2 frac=0.05 budget_n=500 est=298760
  [FastestO Curve] run=2 frac=0.075 budget_n=500 est=294557
  [FastestO Curve] run=2 frac=0.1 budget_n=500 est=324446
  [FastestO Curve] run=2 frac=0.15 budget_n=500 est=289424
  [FastestO Curve] run=2 frac=0.2 budget_n=500 est=255258
  [FastestO Curve] run=2 frac=0.3 budget_n=500 est=263703
  [FastestO Curve] run=2 frac=0.4 budget_n=500 est=300216
  [FastestO Curve] run=2 frac=0.5 budget_n=500 est=253659
  [FastestO Curve] run=2 frac=0.6 budget_n=500 est=291886
  [FastestO Curve] run=2 frac=0.7 budget_n=500 est=304440
  [FastestO Curve] run=2 frac=0.8 budget_n=500 est=294352
  [FastestO Curve] run=2 frac=0.9 budget_n=500 est=268221
  [FastestO Curve] run=3 frac=0.01 budget_n=500 est=297816
  [FastestO Curve] run=3 frac=0.05 budget_n=500 est=282376
  [FastestO Curve] run=3 frac=0.075 budget_n=500 est=308062
  [FastestO Curve] run=3 frac=0.1 budget_n=500 est=325309
  [FastestO Curve] run=3 frac=0.15 budget_n=500 est=271444
  [FastestO Curve] run=3 frac=0.2 budget_n=500 est=258433
  [FastestO Curve] run=3 frac=0.3 budget_n=500 est=268534
  [FastestO Curve] run=3 frac=0.4 budget_n=500 est=288315
  [FastestO Curve] run=3 frac=0.5 budget_n=500 est=259064
  [FastestO Curve] run=3 frac=0.6 budget_n=500 est=295911
  [FastestO Curve] run=3 frac=0.7 budget_n=500 est=255690
  [FastestO Curve] run=3 frac=0.8 budget_n=500 est=245516
  [FastestO Curve] run=3 frac=0.9 budget_n=500 est=287100
  [FastestO Curve] run=4 frac=0.01 budget_n=500 est=264766
  [FastestO Curve] run=4 frac=0.05 budget_n=500 est=275740
  [FastestO Curve] run=4 frac=0.075 budget_n=500 est=281792
  [FastestO Curve] run=4 frac=0.1 budget_n=500 est=304442
  [FastestO Curve] run=4 frac=0.15 budget_n=500 est=274877
  [FastestO Curve] run=4 frac=0.2 budget_n=500 est=298004
  [FastestO Curve] run=4 frac=0.3 budget_n=500 est=267325
  [FastestO Curve] run=4 frac=0.4 budget_n=500 est=266879
  [FastestO Curve] run=4 frac=0.5 budget_n=500 est=303333
  [FastestO Curve] run=4 frac=0.6 budget_n=500 est=308182
  [FastestO Curve] run=4 frac=0.7 budget_n=500 est=286685
  [FastestO Curve] run=4 frac=0.8 budget_n=500 est=261522
  [FastestO Curve] run=4 frac=0.9 budget_n=500 est=262852
  [FastestO Curve] run=5 frac=0.01 budget_n=500 est=277067
  [FastestO Curve] run=5 frac=0.05 budget_n=500 est=330349
  [FastestO Curve] run=5 frac=0.075 budget_n=500 est=266223
  [FastestO Curve] run=5 frac=0.1 budget_n=500 est=289930
  [FastestO Curve] run=5 frac=0.15 budget_n=500 est=281578
  [FastestO Curve] run=5 frac=0.2 budget_n=500 est=326913
  [FastestO Curve] run=5 frac=0.3 budget_n=500 est=298162
  [FastestO Curve] run=5 frac=0.4 budget_n=500 est=340134
  [FastestO Curve] run=5 frac=0.5 budget_n=500 est=280875
  [FastestO Curve] run=5 frac=0.6 budget_n=500 est=306925
  [FastestO Curve] run=5 frac=0.7 budget_n=500 est=291114
  [FastestO Curve] run=5 frac=0.8 budget_n=500 est=271823
  [FastestO Curve] run=5 frac=0.9 budget_n=500 est=252987
  [Result] #CandTree           : 2.994e+06
  [Result] #TreeTrials         : 1361
  [Result] #TreeSuccess        : 115
  [Result] #UniqueOracleNodes  : 500.0000
  [Result] Truth               : 2872354.0000
  [Result] Est                 : 252986.9030
  [Result] logQError           : -1.0551
  [Result] TreeCountTime       : 117.5251
  [Result] QueryTime           : 2.8326
/home/wangshuo/projects/PROXY/datasets/parler/query_graph/query_cycle_4_14.graph Finished!

Start Processing (Multi-Predicate) /home/wangshuo/projects/PROXY/datasets/parler/query_graph/query_cycle_4_2.graph
[Info] Using explicit query nodes for predicates: 1 
[Info] FOIS_nrs base budget not found, will rely strictly on Curve CSV.
[Info] Using user-specified root label 1 -> query node 1
  [FastestO Curve] run=1 frac=0.01 budget_n=500 est=329434
  [FastestO Curve] run=1 frac=0.05 budget_n=500 est=312609
  [FastestO Curve] run=1 frac=0.075 budget_n=500 est=336739
  [FastestO Curve] run=1 frac=0.1 budget_n=500 est=345402
  [FastestO Curve] run=1 frac=0.15 budget_n=500 est=282059
  [FastestO Curve] run=1 frac=0.2 budget_n=500 est=288915
  [FastestO Curve] run=1 frac=0.3 budget_n=500 est=310460
  [FastestO Curve] run=1 frac=0.4 budget_n=500 est=242125
  [FastestO Curve] run=1 frac=0.5 budget_n=500 est=292704
  [FastestO Curve] run=1 frac=0.6 budget_n=500 est=299154
  [FastestO Curve] run=1 frac=0.7 budget_n=500 est=329434
  [FastestO Curve] run=1 frac=0.8 budget_n=500 est=347492
  [FastestO Curve] run=1 frac=0.9 budget_n=500 est=263624
  [FastestO Curve] run=2 frac=0.01 budget_n=500 est=337316
  [FastestO Curve] run=2 frac=0.05 budget_n=500 est=265415
  [FastestO Curve] run=2 frac=0.075 budget_n=500 est=250846
  [FastestO Curve] run=2 frac=0.1 budget_n=500 est=379293
  [FastestO Curve] run=2 frac=0.15 budget_n=500 est=316220
  [FastestO Curve] run=2 frac=0.2 budget_n=500 est=189520
  [FastestO Curve] run=2 frac=0.3 budget_n=500 est=201715
  [FastestO Curve] run=2 frac=0.4 budget_n=500 est=301304
  [FastestO Curve] run=2 frac=0.5 budget_n=500 est=244554
  [FastestO Curve] run=2 frac=0.6 budget_n=500 est=238918
  [FastestO Curve] run=2 frac=0.7 budget_n=500 est=289136
  [FastestO Curve] run=2 frac=0.8 budget_n=500 est=346909
  [FastestO Curve] run=2 frac=0.9 budget_n=500 est=294236
  [FastestO Curve] run=3 frac=0.01 budget_n=500 est=301711
  [FastestO Curve] run=3 frac=0.05 budget_n=500 est=267172
  [FastestO Curve] run=3 frac=0.075 budget_n=500 est=316743
  [FastestO Curve] run=3 frac=0.1 budget_n=500 est=341311
  [FastestO Curve] run=3 frac=0.15 budget_n=500 est=280605
  [FastestO Curve] run=3 frac=0.2 budget_n=500 est=264487
  [FastestO Curve] run=3 frac=0.3 budget_n=500 est=382563
  [FastestO Curve] run=3 frac=0.4 budget_n=500 est=290606
  [FastestO Curve] run=3 frac=0.5 budget_n=500 est=298101
  [FastestO Curve] run=3 frac=0.6 budget_n=500 est=234552
  [FastestO Curve] run=3 frac=0.7 budget_n=500 est=260984
  [FastestO Curve] run=3 frac=0.8 budget_n=500 est=304837
  [FastestO Curve] run=3 frac=0.9 budget_n=500 est=335632
  [FastestO Curve] run=4 frac=0.01 budget_n=500 est=227235
  [FastestO Curve] run=4 frac=0.05 budget_n=500 est=251306
  [FastestO Curve] run=4 frac=0.075 budget_n=500 est=326156
  [FastestO Curve] run=4 frac=0.1 budget_n=500 est=326455
  [FastestO Curve] run=4 frac=0.15 budget_n=500 est=292092
  [FastestO Curve] run=4 frac=0.2 budget_n=500 est=284470
  [FastestO Curve] run=4 frac=0.3 budget_n=500 est=299662
  [FastestO Curve] run=4 frac=0.4 budget_n=500 est=310862
  [FastestO Curve] run=4 frac=0.5 budget_n=500 est=351829
  [FastestO Curve] run=4 frac=0.6 budget_n=500 est=349506
  [FastestO Curve] run=4 frac=0.7 budget_n=500 est=329434
  [FastestO Curve] run=4 frac=0.8 budget_n=500 est=231955
  [FastestO Curve] run=4 frac=0.9 budget_n=500 est=300461
  [FastestO Curve] run=5 frac=0.01 budget_n=500 est=317864
  [FastestO Curve] run=5 frac=0.05 budget_n=500 est=324246
  [FastestO Curve] run=5 frac=0.075 budget_n=500 est=290427
  [FastestO Curve] run=5 frac=0.1 budget_n=500 est=323474
  [FastestO Curve] run=5 frac=0.15 budget_n=500 est=279220
  [FastestO Curve] run=5 frac=0.2 budget_n=500 est=271034
  [FastestO Curve] run=5 frac=0.3 budget_n=500 est=214044
  [FastestO Curve] run=5 frac=0.4 budget_n=500 est=329987
  [FastestO Curve] run=5 frac=0.5 budget_n=500 est=314119
  [FastestO Curve] run=5 frac=0.6 budget_n=500 est=338393
  [FastestO Curve] run=5 frac=0.7 budget_n=500 est=263250
  [FastestO Curve] run=5 frac=0.8 budget_n=500 est=297640
  [FastestO Curve] run=5 frac=0.9 budget_n=500 est=233776
  [Result] #CandTree           : 5.043e+06
  [Result] #TreeTrials         : 604
  [Result] #TreeSuccess        : 28
  [Result] #UniqueOracleNodes  : 500.0000
  [Result] Truth               : 4935318.0000
  [Result] Est                 : 233775.7086
  [Result] logQError           : -1.3245
  [Result] TreeCountTime       : 118.2082
  [Result] QueryTime           : 1.8360
/home/wangshuo/projects/PROXY/datasets/parler/query_graph/query_cycle_4_2.graph Finished!

Start Processing (Multi-Predicate) /home/wangshuo/projects/PROXY/datasets/parler/query_graph/query_cycle_4_3.graph
[Info] Using explicit query nodes for predicates: 0 
[Info] FOIS_nrs base budget not found, will rely strictly on Curve CSV.
[Info] Using user-specified root label 1 -> query node 0
  [FastestO Curve] run=1 frac=0.01 budget_n=500 est=2711.12
  [FastestO Curve] run=1 frac=0.05 budget_n=500 est=2579.23
  [FastestO Curve] run=1 frac=0.075 budget_n=500 est=2337.05
  [FastestO Curve] run=1 frac=0.1 budget_n=500 est=2467.53
  [FastestO Curve] run=1 frac=0.15 budget_n=500 est=2502.58
  [FastestO Curve] run=1 frac=0.2 budget_n=500 est=2807.46
  [FastestO Curve] run=1 frac=0.3 budget_n=500 est=2298.17
  [FastestO Curve] run=1 frac=0.4 budget_n=500 est=2120.08
  [FastestO Curve] run=1 frac=0.5 budget_n=500 est=3008.26
  [FastestO Curve] run=1 frac=0.6 budget_n=500 est=1980.17
  [FastestO Curve] run=1 frac=0.7 budget_n=500 est=2579.23
  [FastestO Curve] run=1 frac=0.8 budget_n=500 est=1585.33
  [FastestO Curve] run=1 frac=0.9 budget_n=500 est=2561.26
  [FastestO Curve] run=2 frac=0.01 budget_n=500 est=2555.14
  [FastestO Curve] run=2 frac=0.05 budget_n=500 est=2791.08
  [FastestO Curve] run=2 frac=0.075 budget_n=500 est=2173.19
  [FastestO Curve] run=2 frac=0.1 budget_n=500 est=1836.4
  [FastestO Curve] run=2 frac=0.15 budget_n=500 est=2459.58
  [FastestO Curve] run=2 frac=0.2 budget_n=500 est=2176.06
  [FastestO Curve] run=2 frac=0.3 budget_n=500 est=1994.39
  [FastestO Curve] run=2 frac=0.4 budget_n=500 est=2338.88
  [FastestO Curve] run=2 frac=0.5 budget_n=500 est=2148.76
  [FastestO Curve] run=2 frac=0.6 budget_n=500 est=2478.74
  [FastestO Curve] run=2 frac=0.7 budget_n=500 est=2503.62
  [FastestO Curve] run=2 frac=0.8 budget_n=500 est=2820.9
  [FastestO Curve] run=2 frac=0.9 budget_n=500 est=2754.16
  [FastestO Curve] run=3 frac=0.01 budget_n=500 est=2577.45
  [FastestO Curve] run=3 frac=0.05 budget_n=500 est=2459.14
  [FastestO Curve] run=3 frac=0.075 budget_n=500 est=3743.28
  [FastestO Curve] run=3 frac=0.1 budget_n=500 est=2354.3
  [FastestO Curve] run=3 frac=0.15 budget_n=500 est=2467.27
  [FastestO Curve] run=3 frac=0.2 budget_n=500 est=3424.58
  [FastestO Curve] run=3 frac=0.3 budget_n=500 est=2490.89
  [FastestO Curve] run=3 frac=0.4 budget_n=500 est=1675.05
  [FastestO Curve] run=3 frac=0.5 budget_n=500 est=2565.51
  [FastestO Curve] run=3 frac=0.6 budget_n=500 est=2244.66
  [FastestO Curve] run=3 frac=0.7 budget_n=500 est=2951.6
  [FastestO Curve] run=3 frac=0.8 budget_n=500 est=2128.98
  [FastestO Curve] run=3 frac=0.9 budget_n=500 est=2316.58
  [FastestO Curve] run=4 frac=0.01 budget_n=500 est=2913.86
  [FastestO Curve] run=4 frac=0.05 budget_n=500 est=2201.93
  [FastestO Curve] run=4 frac=0.075 budget_n=500 est=2247
  [FastestO Curve] run=4 frac=0.1 budget_n=500 est=2158.96
  [FastestO Curve] run=4 frac=0.15 budget_n=500 est=2188.05
  [FastestO Curve] run=4 frac=0.2 budget_n=500 est=2512.24
  [FastestO Curve] run=4 frac=0.3 budget_n=500 est=2753.3
  [FastestO Curve] run=4 frac=0.4 budget_n=500 est=2712.89
  [FastestO Curve] run=4 frac=0.5 budget_n=500 est=2411.48
  [FastestO Curve] run=4 frac=0.6 budget_n=500 est=1685.11
  [FastestO Curve] run=4 frac=0.7 budget_n=500 est=3238
  [FastestO Curve] run=4 frac=0.8 budget_n=500 est=3100.44
  [FastestO Curve] run=4 frac=0.9 budget_n=500 est=2427.55
  [FastestO Curve] run=5 frac=0.01 budget_n=500 est=2884.33
  [FastestO Curve] run=5 frac=0.05 budget_n=500 est=2376.08
  [FastestO Curve] run=5 frac=0.075 budget_n=500 est=2475.45
  [FastestO Curve] run=5 frac=0.1 budget_n=500 est=2329.02
  [FastestO Curve] run=5 frac=0.15 budget_n=500 est=2742.61
  [FastestO Curve] run=5 frac=0.2 budget_n=500 est=2999.7
  [FastestO Curve] run=5 frac=0.3 budget_n=500 est=2238.47
  [FastestO Curve] run=5 frac=0.4 budget_n=500 est=3134.41
  [FastestO Curve] run=5 frac=0.5 budget_n=500 est=2164.51
  [FastestO Curve] run=5 frac=0.6 budget_n=500 est=2137.96
  [FastestO Curve] run=5 frac=0.7 budget_n=500 est=2983.36
  [FastestO Curve] run=5 frac=0.8 budget_n=500 est=2663.56
  [FastestO Curve] run=5 frac=0.9 budget_n=500 est=2763.3
  [Result] #CandTree           : 8.676e+04
  [Result] #TreeTrials         : 1507
  [Result] #TreeSuccess        : 48
  [Result] #UniqueOracleNodes  : 500.0000
  [Result] Truth               : 73996.0000
  [Result] Est                 : 2763.2966
  [Result] logQError           : -1.4278
  [Result] TreeCountTime       : 49.3985
  [Result] QueryTime           : 2.0745
/home/wangshuo/projects/PROXY/datasets/parler/query_graph/query_cycle_4_3.graph Finished!

Start Processing (Multi-Predicate) /home/wangshuo/projects/PROXY/datasets/parler/query_graph/query_cycle_4_4.graph
[Info] Using explicit query nodes for predicates: 1 
[Info] FOIS_nrs base budget not found, will rely strictly on Curve CSV.
[Info] Using user-specified root label 1 -> query node 1
  [FastestO Curve] run=1 frac=0.01 budget_n=500 est=3424.5
  [FastestO Curve] run=1 frac=0.05 budget_n=500 est=2615.81
  [FastestO Curve] run=1 frac=0.075 budget_n=500 est=2862.3
  [FastestO Curve] run=1 frac=0.1 budget_n=500 est=2492.47
  [FastestO Curve] run=1 frac=0.15 budget_n=500 est=2932.11
  [FastestO Curve] run=1 frac=0.2 budget_n=500 est=2083.19
  [FastestO Curve] run=1 frac=0.3 budget_n=500 est=2324.59
  [FastestO Curve] run=1 frac=0.4 budget_n=500 est=2573.84
  [FastestO Curve] run=1 frac=0.5 budget_n=500 est=2046.52
  [FastestO Curve] run=1 frac=0.6 budget_n=500 est=2807.55
  [FastestO Curve] run=1 frac=0.7 budget_n=500 est=2990.97
  [FastestO Curve] run=1 frac=0.8 budget_n=500 est=2299.69
  [FastestO Curve] run=1 frac=0.9 budget_n=500 est=2477.78
  [FastestO Curve] run=2 frac=0.01 budget_n=500 est=2684.26
  [FastestO Curve] run=2 frac=0.05 budget_n=500 est=2708.14
  [FastestO Curve] run=2 frac=0.075 budget_n=500 est=2354.34
  [FastestO Curve] run=2 frac=0.1 budget_n=500 est=3029.02
  [FastestO Curve] run=2 frac=0.15 budget_n=500 est=2841.96
  [FastestO Curve] run=2 frac=0.2 budget_n=500 est=2057.68
  [FastestO Curve] run=2 frac=0.3 budget_n=500 est=2473.42
  [FastestO Curve] run=2 frac=0.4 budget_n=500 est=2644.55
  [FastestO Curve] run=2 frac=0.5 budget_n=500 est=2946.64
  [FastestO Curve] run=2 frac=0.6 budget_n=500 est=3605.57
  [FastestO Curve] run=2 frac=0.7 budget_n=500 est=2452.2
  [FastestO Curve] run=2 frac=0.8 budget_n=500 est=1990.35
  [FastestO Curve] run=2 frac=0.9 budget_n=500 est=3316.77
  [FastestO Curve] run=3 frac=0.01 budget_n=500 est=2826.9
  [FastestO Curve] run=3 frac=0.05 budget_n=500 est=2691.38
  [FastestO Curve] run=3 frac=0.075 budget_n=500 est=3071.74
  [FastestO Curve] run=3 frac=0.1 budget_n=500 est=2848.54
  [FastestO Curve] run=3 frac=0.15 budget_n=500 est=2061.43
  [FastestO Curve] run=3 frac=0.2 budget_n=500 est=2662.39
  [FastestO Curve] run=3 frac=0.3 budget_n=500 est=2869.49
  [FastestO Curve] run=3 frac=0.4 budget_n=500 est=2797.75
  [FastestO Curve] run=3 frac=0.5 budget_n=500 est=2559.02
  [FastestO Curve] run=3 frac=0.6 budget_n=500 est=3471.98
  [FastestO Curve] run=3 frac=0.7 budget_n=500 est=3201
  [FastestO Curve] run=3 frac=0.8 budget_n=500 est=2540.51
  [FastestO Curve] run=3 frac=0.9 budget_n=500 est=3066.25
  [FastestO Curve] run=4 frac=0.01 budget_n=500 est=2113.27
  [FastestO Curve] run=4 frac=0.05 budget_n=500 est=2519.94
  [FastestO Curve] run=4 frac=0.075 budget_n=500 est=2812.61
  [FastestO Curve] run=4 frac=0.1 budget_n=500 est=2888.13
  [FastestO Curve] run=4 frac=0.15 budget_n=500 est=3579.63
  [FastestO Curve] run=4 frac=0.2 budget_n=500 est=2443.43
  [FastestO Curve] run=4 frac=0.3 budget_n=500 est=2395.04
  [FastestO Curve] run=4 frac=0.4 budget_n=500 est=3077.24
  [FastestO Curve] run=4 frac=0.5 budget_n=500 est=2659.16
  [FastestO Curve] run=4 frac=0.6 budget_n=500 est=2010.17
  [FastestO Curve] run=4 frac=0.7 budget_n=500 est=3064.79
  [FastestO Curve] run=4 frac=0.8 budget_n=500 est=2587.68
  [FastestO Curve] run=4 frac=0.9 budget_n=500 est=2549.73
  [FastestO Curve] run=5 frac=0.01 budget_n=500 est=2262.32
  [FastestO Curve] run=5 frac=0.05 budget_n=500 est=2638.7
  [FastestO Curve] run=5 frac=0.075 budget_n=500 est=2737.37
  [FastestO Curve] run=5 frac=0.1 budget_n=500 est=2727.55
  [FastestO Curve] run=5 frac=0.15 budget_n=500 est=2657.62
  [FastestO Curve] run=5 frac=0.2 budget_n=500 est=2767.23
  [FastestO Curve] run=5 frac=0.3 budget_n=500 est=3171.64
  [FastestO Curve] run=5 frac=0.4 budget_n=500 est=1975.95
  [FastestO Curve] run=5 frac=0.5 budget_n=500 est=3281.17
  [FastestO Curve] run=5 frac=0.6 budget_n=500 est=2941.22
  [FastestO Curve] run=5 frac=0.7 budget_n=500 est=2817.69
  [FastestO Curve] run=5 frac=0.8 budget_n=500 est=1623.1
  [FastestO Curve] run=5 frac=0.9 budget_n=500 est=2953.24
  [Result] #CandTree           : 3.902e+04
  [Result] #TreeTrials         : 555
  [Result] #TreeSuccess        : 42
  [Result] #UniqueOracleNodes  : 500.0000
  [Result] Truth               : 39025.0000
  [Result] Est                 : 2953.2432
  [Result] logQError           : -1.1210
  [Result] TreeCountTime       : 38.1000
  [Result] QueryTime           : 1.6993
/home/wangshuo/projects/PROXY/datasets/parler/query_graph/query_cycle_4_4.graph Finished!

Start Processing (Multi-Predicate) /home/wangshuo/projects/PROXY/datasets/parler/query_graph/query_cycle_4_5.graph
[Info] Using explicit query nodes for predicates: 1 
[Info] FOIS_nrs base budget not found, will rely strictly on Curve CSV.
[Info] Using user-specified root label 1 -> query node 1
  [FastestO Curve] run=1 frac=0.01 budget_n=500 est=369196
  [FastestO Curve] run=1 frac=0.05 budget_n=500 est=321526
  [FastestO Curve] run=1 frac=0.075 budget_n=500 est=265866
  [FastestO Curve] run=1 frac=0.1 budget_n=500 est=272811
  [FastestO Curve] run=1 frac=0.15 budget_n=500 est=251724
  [FastestO Curve] run=1 frac=0.2 budget_n=500 est=211886
  [FastestO Curve] run=1 frac=0.3 budget_n=500 est=266731
  [FastestO Curve] run=1 frac=0.4 budget_n=500 est=286240
  [FastestO Curve] run=1 frac=0.5 budget_n=500 est=354775
  [FastestO Curve] run=1 frac=0.6 budget_n=500 est=323373
  [FastestO Curve] run=1 frac=0.7 budget_n=500 est=278752
  [FastestO Curve] run=1 frac=0.8 budget_n=500 est=186146
  [FastestO Curve] run=1 frac=0.9 budget_n=500 est=285287
  [FastestO Curve] run=2 frac=0.01 budget_n=500 est=255023
  [FastestO Curve] run=2 frac=0.05 budget_n=500 est=242613
  [FastestO Curve] run=2 frac=0.075 budget_n=500 est=290606
  [FastestO Curve] run=2 frac=0.1 budget_n=500 est=357882
  [FastestO Curve] run=2 frac=0.15 budget_n=500 est=319497
  [FastestO Curve] run=2 frac=0.2 budget_n=500 est=233776
  [FastestO Curve] run=2 frac=0.3 budget_n=500 est=242125
  [FastestO Curve] run=2 frac=0.4 budget_n=500 est=216361
  [FastestO Curve] run=2 frac=0.5 budget_n=500 est=393590
  [FastestO Curve] run=2 frac=0.6 budget_n=500 est=205664
  [FastestO Curve] run=2 frac=0.7 budget_n=500 est=259683
  [FastestO Curve] run=2 frac=0.8 budget_n=500 est=259052
  [FastestO Curve] run=2 frac=0.9 budget_n=500 est=288164
  [FastestO Curve] run=3 frac=0.01 budget_n=500 est=227308
  [FastestO Curve] run=3 frac=0.05 budget_n=500 est=264111
  [FastestO Curve] run=3 frac=0.075 budget_n=500 est=304880
  [FastestO Curve] run=3 frac=0.1 budget_n=500 est=366149
  [FastestO Curve] run=3 frac=0.15 budget_n=500 est=294601
  [FastestO Curve] run=3 frac=0.2 budget_n=500 est=379660
  [FastestO Curve] run=3 frac=0.3 budget_n=500 est=336192
  [FastestO Curve] run=3 frac=0.4 budget_n=500 est=340160
  [FastestO Curve] run=3 frac=0.5 budget_n=500 est=370428
  [FastestO Curve] run=3 frac=0.6 budget_n=500 est=198084
  [FastestO Curve] run=3 frac=0.7 budget_n=500 est=275066
  [FastestO Curve] run=3 frac=0.8 budget_n=500 est=288872
  [FastestO Curve] run=3 frac=0.9 budget_n=500 est=381394
  [FastestO Curve] run=4 frac=0.01 budget_n=500 est=271724
  [FastestO Curve] run=4 frac=0.05 budget_n=500 est=320313
  [FastestO Curve] run=4 frac=0.075 budget_n=500 est=317267
  [FastestO Curve] run=4 frac=0.1 budget_n=500 est=299083
  [FastestO Curve] run=4 frac=0.15 budget_n=500 est=240928
  [FastestO Curve] run=4 frac=0.2 budget_n=500 est=319382
  [FastestO Curve] run=4 frac=0.3 budget_n=500 est=262738
  [FastestO Curve] run=4 frac=0.4 budget_n=500 est=253836
  [FastestO Curve] run=4 frac=0.5 budget_n=500 est=337881
  [FastestO Curve] run=4 frac=0.6 budget_n=500 est=205832
  [FastestO Curve] run=4 frac=0.7 budget_n=500 est=365546
  [FastestO Curve] run=4 frac=0.8 budget_n=500 est=340160
  [FastestO Curve] run=4 frac=0.9 budget_n=500 est=264965
  [FastestO Curve] run=5 frac=0.01 budget_n=500 est=285763
  [FastestO Curve] run=5 frac=0.05 budget_n=500 est=365672
  [FastestO Curve] run=5 frac=0.075 budget_n=500 est=273259
  [FastestO Curve] run=5 frac=0.1 budget_n=500 est=211886
  [FastestO Curve] run=5 frac=0.15 budget_n=500 est=362673
  [FastestO Curve] run=5 frac=0.2 budget_n=500 est=340735
  [FastestO Curve] run=5 frac=0.3 budget_n=500 est=344023
  [FastestO Curve] run=5 frac=0.4 budget_n=500 est=214408
  [FastestO Curve] run=5 frac=0.5 budget_n=500 est=259683
  [FastestO Curve] run=5 frac=0.6 budget_n=500 est=283501
  [FastestO Curve] run=5 frac=0.7 budget_n=500 est=254691
  [FastestO Curve] run=5 frac=0.8 budget_n=500 est=223773
  [FastestO Curve] run=5 frac=0.9 budget_n=500 est=350809
  [Result] #CandTree           : 5.043e+06
  [Result] #TreeTrials         : 575
  [Result] #TreeSuccess        : 40
  [Result] #UniqueOracleNodes  : 500.0000
  [Result] Truth               : 4935318.0000
  [Result] Est                 : 350808.7652
  [Result] logQError           : -1.1482
  [Result] TreeCountTime       : 96.4046
  [Result] QueryTime           : 1.5849
/home/wangshuo/projects/PROXY/datasets/parler/query_graph/query_cycle_4_5.graph Finished!

Start Processing (Multi-Predicate) /home/wangshuo/projects/PROXY/datasets/parler/query_graph/query_cycle_4_6.graph
[Info] Using explicit query nodes for predicates: 1 
[Info] FOIS_nrs base budget not found, will rely strictly on Curve CSV.
[Info] Using user-specified root label 1 -> query node 1
  [FastestO Curve] run=1 frac=0.01 budget_n=500 est=2721.01
  [FastestO Curve] run=1 frac=0.05 budget_n=500 est=2350.05
  [FastestO Curve] run=1 frac=0.075 budget_n=500 est=3339.04
  [FastestO Curve] run=1 frac=0.1 budget_n=500 est=2847.02
  [FastestO Curve] run=1 frac=0.15 budget_n=500 est=2338.83
  [FastestO Curve] run=1 frac=0.2 budget_n=500 est=3110.69
  [FastestO Curve] run=1 frac=0.3 budget_n=500 est=3228.17
  [FastestO Curve] run=1 frac=0.4 budget_n=500 est=2382.14
  [FastestO Curve] run=1 frac=0.5 budget_n=500 est=3240.59
  [FastestO Curve] run=1 frac=0.6 budget_n=500 est=2797.75
  [FastestO Curve] run=1 frac=0.7 budget_n=500 est=3110.69
  [FastestO Curve] run=1 frac=0.8 budget_n=500 est=2717.81
  [FastestO Curve] run=1 frac=0.9 budget_n=500 est=2540.51
  [FastestO Curve] run=2 frac=0.01 budget_n=500 est=2762.21
  [FastestO Curve] run=2 frac=0.05 budget_n=500 est=2839.51
  [FastestO Curve] run=2 frac=0.075 budget_n=500 est=2263.31
  [FastestO Curve] run=2 frac=0.1 budget_n=500 est=3012.7
  [FastestO Curve] run=2 frac=0.15 budget_n=500 est=2569.26
  [FastestO Curve] run=2 frac=0.2 budget_n=500 est=2383.73
  [FastestO Curve] run=2 frac=0.3 budget_n=500 est=2742.3
  [FastestO Curve] run=2 frac=0.4 budget_n=500 est=2535.92
  [FastestO Curve] run=2 frac=0.5 budget_n=500 est=3211.36
  [FastestO Curve] run=2 frac=0.6 budget_n=500 est=2384.86
  [FastestO Curve] run=2 frac=0.7 budget_n=500 est=2667.18
  [FastestO Curve] run=2 frac=0.8 budget_n=500 est=1997.62
  [FastestO Curve] run=2 frac=0.9 budget_n=500 est=2762.83
  [FastestO Curve] run=3 frac=0.01 budget_n=500 est=2581.99
  [FastestO Curve] run=3 frac=0.05 budget_n=500 est=2495.38
  [FastestO Curve] run=3 frac=0.075 budget_n=500 est=2413.21
  [FastestO Curve] run=3 frac=0.1 budget_n=500 est=3033.75
  [FastestO Curve] run=3 frac=0.15 budget_n=500 est=2975.31
  [FastestO Curve] run=3 frac=0.2 budget_n=500 est=2448.06
  [FastestO Curve] run=3 frac=0.3 budget_n=500 est=2862.3
  [FastestO Curve] run=3 frac=0.4 budget_n=500 est=2985.9
  [FastestO Curve] run=3 frac=0.5 budget_n=500 est=2474.41
  [FastestO Curve] run=3 frac=0.6 budget_n=500 est=1821.63
  [FastestO Curve] run=3 frac=0.7 budget_n=500 est=2564.7
  [FastestO Curve] run=3 frac=0.8 budget_n=500 est=2638.7
  [FastestO Curve] run=3 frac=0.9 budget_n=500 est=3340.94
  [FastestO Curve] run=4 frac=0.01 budget_n=500 est=1748.43
  [FastestO Curve] run=4 frac=0.05 budget_n=500 est=2545.11
  [FastestO Curve] run=4 frac=0.075 budget_n=500 est=2921.66
  [FastestO Curve] run=4 frac=0.1 budget_n=500 est=2295.59
  [FastestO Curve] run=4 frac=0.15 budget_n=500 est=2867.43
  [FastestO Curve] run=4 frac=0.2 budget_n=500 est=2693.76
  [FastestO Curve] run=4 frac=0.3 budget_n=500 est=3496.86
  [FastestO Curve] run=4 frac=0.4 budget_n=500 est=2035.48
  [FastestO Curve] run=4 frac=0.5 budget_n=500 est=3298.88
  [FastestO Curve] run=4 frac=0.6 budget_n=500 est=3090.38
  [FastestO Curve] run=4 frac=0.7 budget_n=500 est=2291.38
  [FastestO Curve] run=4 frac=0.8 budget_n=500 est=2862.3
  [FastestO Curve] run=4 frac=0.9 budget_n=500 est=2634.01
  [FastestO Curve] run=5 frac=0.01 budget_n=500 est=3547.73
  [FastestO Curve] run=5 frac=0.05 budget_n=500 est=2811.99
  [FastestO Curve] run=5 frac=0.075 budget_n=500 est=2175.85
  [FastestO Curve] run=5 frac=0.1 budget_n=500 est=2563.69
  [FastestO Curve] run=5 frac=0.15 budget_n=500 est=2124.77
  [FastestO Curve] run=5 frac=0.2 budget_n=500 est=2333.02
  [FastestO Curve] run=5 frac=0.3 budget_n=500 est=2474.41
  [FastestO Curve] run=5 frac=0.4 budget_n=500 est=2620.55
  [FastestO Curve] run=5 frac=0.5 budget_n=500 est=2307.93
  [FastestO Curve] run=5 frac=0.6 budget_n=500 est=2624.69
  [FastestO Curve] run=5 frac=0.7 budget_n=500 est=3099.46
  [FastestO Curve] run=5 frac=0.8 budget_n=500 est=2808.07
  [FastestO Curve] run=5 frac=0.9 budget_n=500 est=3187.16
  [Result] #CandTree           : 3.902e+04
  [Result] #TreeTrials         : 551
  [Result] #TreeSuccess        : 45
  [Result] #UniqueOracleNodes  : 500.0000
  [Result] Truth               : 39025.0000
  [Result] Est                 : 3187.1597
  [Result] logQError           : -1.0879
  [Result] TreeCountTime       : 66.6958
  [Result] QueryTime           : 1.4875
/home/wangshuo/projects/PROXY/datasets/parler/query_graph/query_cycle_4_6.graph Finished!

Start Processing (Multi-Predicate) /home/wangshuo/projects/PROXY/datasets/parler/query_graph/query_cycle_4_7.graph
[Info] Using explicit query nodes for predicates: 1 
[Info] FOIS_nrs base budget not found, will rely strictly on Curve CSV.
[Info] Using user-specified root label 1 -> query node 1
  [FastestO Curve] run=1 frac=0.01 budget_n=500 est=57985.9
  [FastestO Curve] run=1 frac=0.05 budget_n=500 est=63540.1
  [FastestO Curve] run=1 frac=0.075 budget_n=500 est=74531.4
  [FastestO Curve] run=1 frac=0.1 budget_n=500 est=65798.2
  [FastestO Curve] run=1 frac=0.15 budget_n=500 est=75183.2
  [FastestO Curve] run=1 frac=0.2 budget_n=500 est=67415.2
  [FastestO Curve] run=1 frac=0.3 budget_n=500 est=72451.8
  [FastestO Curve] run=1 frac=0.4 budget_n=500 est=74794.5
  [FastestO Curve] run=1 frac=0.5 budget_n=500 est=79045.6
  [FastestO Curve] run=1 frac=0.6 budget_n=500 est=71303.2
  [FastestO Curve] run=1 frac=0.7 budget_n=500 est=60273.8
  [FastestO Curve] run=1 frac=0.8 budget_n=500 est=71431
  [FastestO Curve] run=1 frac=0.9 budget_n=500 est=70545.8
  [FastestO Curve] run=2 frac=0.01 budget_n=500 est=68399.8
  [FastestO Curve] run=2 frac=0.05 budget_n=500 est=80102.9
  [FastestO Curve] run=2 frac=0.075 budget_n=500 est=72734.8
  [FastestO Curve] run=2 frac=0.1 budget_n=500 est=64721.5
  [FastestO Curve] run=2 frac=0.15 budget_n=500 est=74684.4
  [FastestO Curve] run=2 frac=0.2 budget_n=500 est=71835.2
  [FastestO Curve] run=2 frac=0.3 budget_n=500 est=69259
  [FastestO Curve] run=2 frac=0.4 budget_n=500 est=57712.3
  [FastestO Curve] run=2 frac=0.5 budget_n=500 est=72953.4
  [FastestO Curve] run=2 frac=0.6 budget_n=500 est=75255.8
  [FastestO Curve] run=2 frac=0.7 budget_n=500 est=69792.5
  [FastestO Curve] run=2 frac=0.8 budget_n=500 est=71970
  [FastestO Curve] run=2 frac=0.9 budget_n=500 est=73187.2
  [FastestO Curve] run=3 frac=0.01 budget_n=500 est=69845.2
  [FastestO Curve] run=3 frac=0.05 budget_n=500 est=72057.8
  [FastestO Curve] run=3 frac=0.075 budget_n=500 est=75720.3
  [FastestO Curve] run=3 frac=0.1 budget_n=500 est=78677.8
  [FastestO Curve] run=3 frac=0.15 budget_n=500 est=66089.8
  [FastestO Curve] run=3 frac=0.2 budget_n=500 est=68736.9
  [FastestO Curve] run=3 frac=0.3 budget_n=500 est=64058.3
  [FastestO Curve] run=3 frac=0.4 budget_n=500 est=76032.8
  [FastestO Curve] run=3 frac=0.5 budget_n=500 est=79551.8
  [FastestO Curve] run=3 frac=0.6 budget_n=500 est=77174.5
  [FastestO Curve] run=3 frac=0.7 budget_n=500 est=67785.3
  [FastestO Curve] run=3 frac=0.8 budget_n=500 est=69640.5
  [FastestO Curve] run=3 frac=0.9 budget_n=500 est=70317.1
  [FastestO Curve] run=4 frac=0.01 budget_n=500 est=77481.3
  [FastestO Curve] run=4 frac=0.05 budget_n=500 est=68414.1
  [FastestO Curve] run=4 frac=0.075 budget_n=500 est=73152.9
  [FastestO Curve] run=4 frac=0.1 budget_n=500 est=81190.1
  [FastestO Curve] run=4 frac=0.15 budget_n=500 est=70982.3
  [FastestO Curve] run=4 frac=0.2 budget_n=500 est=65655.9
  [FastestO Curve] run=4 frac=0.3 budget_n=500 est=72029.7
  [FastestO Curve] run=4 frac=0.4 budget_n=500 est=76364.1
  [FastestO Curve] run=4 frac=0.5 budget_n=500 est=66138.6
  [FastestO Curve] run=4 frac=0.6 budget_n=500 est=64203.7
  [FastestO Curve] run=4 frac=0.7 budget_n=500 est=63597.9
  [FastestO Curve] run=4 frac=0.8 budget_n=500 est=61256.7
  [FastestO Curve] run=4 frac=0.9 budget_n=500 est=65331.9
  [FastestO Curve] run=5 frac=0.01 budget_n=500 est=64482.5
  [FastestO Curve] run=5 frac=0.05 budget_n=500 est=61118.2
  [FastestO Curve] run=5 frac=0.075 budget_n=500 est=64650.1
  [FastestO Curve] run=5 frac=0.1 budget_n=500 est=64425.7
  [FastestO Curve] run=5 frac=0.15 budget_n=500 est=71479.8
  [FastestO Curve] run=5 frac=0.2 budget_n=500 est=71999.2
  [FastestO Curve] run=5 frac=0.3 budget_n=500 est=67829.3
  [FastestO Curve] run=5 frac=0.4 budget_n=500 est=72005.7
  [FastestO Curve] run=5 frac=0.5 budget_n=500 est=71884.9
  [FastestO Curve] run=5 frac=0.6 budget_n=500 est=67830.9
  [FastestO Curve] run=5 frac=0.7 budget_n=500 est=77303.3
  [FastestO Curve] run=5 frac=0.8 budget_n=500 est=60653
  [FastestO Curve] run=5 frac=0.9 budget_n=500 est=59370.7
  [Result] #CandTree           : 7.648e+05
  [Result] #TreeTrials         : 1314
  [Result] #TreeSuccess        : 102
  [Result] #UniqueOracleNodes  : 500.0000
  [Result] Truth               : 764834.0000
  [Result] Est                 : 59370.6758
  [Result] logQError           : -1.1100
  [Result] TreeCountTime       : 39.6926
  [Result] QueryTime           : 2.6762
/home/wangshuo/projects/PROXY/datasets/parler/query_graph/query_cycle_4_7.graph Finished!

Start Processing (Multi-Predicate) /home/wangshuo/projects/PROXY/datasets/parler/query_graph/query_cycle_4_8.graph
[Info] Using explicit query nodes for predicates: 0 
[Info] FOIS_nrs base budget not found, will rely strictly on Curve CSV.
[Info] Using user-specified root label 1 -> query node 0
  [FastestO Curve] run=1 frac=0.01 budget_n=500 est=97114.2
  [FastestO Curve] run=1 frac=0.05 budget_n=500 est=84865.7
  [FastestO Curve] run=1 frac=0.075 budget_n=500 est=100201
  [FastestO Curve] run=1 frac=0.1 budget_n=500 est=83255.3
  [FastestO Curve] run=1 frac=0.15 budget_n=500 est=91992.2
  [FastestO Curve] run=1 frac=0.2 budget_n=500 est=86434.2
  [FastestO Curve] run=1 frac=0.3 budget_n=500 est=96110.7
  [FastestO Curve] run=1 frac=0.4 budget_n=500 est=82917.6
  [FastestO Curve] run=1 frac=0.5 budget_n=500 est=96798.7
  [FastestO Curve] run=1 frac=0.6 budget_n=500 est=92026.9
  [FastestO Curve] run=1 frac=0.7 budget_n=500 est=77541.7
  [FastestO Curve] run=1 frac=0.8 budget_n=500 est=90353.7
  [FastestO Curve] run=1 frac=0.9 budget_n=500 est=89079.7
  [FastestO Curve] run=2 frac=0.01 budget_n=500 est=97732.8
  [FastestO Curve] run=2 frac=0.05 budget_n=500 est=88582.1
  [FastestO Curve] run=2 frac=0.075 budget_n=500 est=107156
  [FastestO Curve] run=2 frac=0.1 budget_n=500 est=95053.7
  [FastestO Curve] run=2 frac=0.15 budget_n=500 est=92364.2
  [FastestO Curve] run=2 frac=0.2 budget_n=500 est=95249.1
  [FastestO Curve] run=2 frac=0.3 budget_n=500 est=95982.8
  [FastestO Curve] run=2 frac=0.4 budget_n=500 est=93400.1
  [FastestO Curve] run=2 frac=0.5 budget_n=500 est=95476.4
  [FastestO Curve] run=2 frac=0.6 budget_n=500 est=97687.3
  [FastestO Curve] run=2 frac=0.7 budget_n=500 est=99533.8
  [FastestO Curve] run=2 frac=0.8 budget_n=500 est=103726
  [FastestO Curve] run=2 frac=0.9 budget_n=500 est=89760.4
  [FastestO Curve] run=3 frac=0.01 budget_n=500 est=91231.5
  [FastestO Curve] run=3 frac=0.05 budget_n=500 est=98242.6
  [FastestO Curve] run=3 frac=0.075 budget_n=500 est=87663.6
  [FastestO Curve] run=3 frac=0.1 budget_n=500 est=107396
  [FastestO Curve] run=3 frac=0.15 budget_n=500 est=95327.6
  [FastestO Curve] run=3 frac=0.2 budget_n=500 est=99959.1
  [FastestO Curve] run=3 frac=0.3 budget_n=500 est=91170.8
  [FastestO Curve] run=3 frac=0.4 budget_n=500 est=87949
  [FastestO Curve] run=3 frac=0.5 budget_n=500 est=106099
  [FastestO Curve] run=3 frac=0.6 budget_n=500 est=101165
  [FastestO Curve] run=3 frac=0.7 budget_n=500 est=104437
  [FastestO Curve] run=3 frac=0.8 budget_n=500 est=98472.8
  [FastestO Curve] run=3 frac=0.9 budget_n=500 est=87698.2
  [FastestO Curve] run=4 frac=0.01 budget_n=500 est=96356.3
  [FastestO Curve] run=4 frac=0.05 budget_n=500 est=91763.6
  [FastestO Curve] run=4 frac=0.075 budget_n=500 est=92364.2
  [FastestO Curve] run=4 frac=0.1 budget_n=500 est=98466.6
  [FastestO Curve] run=4 frac=0.15 budget_n=500 est=106509
  [FastestO Curve] run=4 frac=0.2 budget_n=500 est=86520.2
  [FastestO Curve] run=4 frac=0.3 budget_n=500 est=97279.1
  [FastestO Curve] run=4 frac=0.4 budget_n=500 est=96049.7
  [FastestO Curve] run=4 frac=0.5 budget_n=500 est=92920.2
  [FastestO Curve] run=4 frac=0.6 budget_n=500 est=93687.7
  [FastestO Curve] run=4 frac=0.7 budget_n=500 est=105477
  [FastestO Curve] run=4 frac=0.8 budget_n=500 est=97568.8
  [FastestO Curve] run=4 frac=0.9 budget_n=500 est=112099
  [FastestO Curve] run=5 frac=0.01 budget_n=500 est=92331.5
  [FastestO Curve] run=5 frac=0.05 budget_n=500 est=81061.5
  [FastestO Curve] run=5 frac=0.075 budget_n=500 est=95745.9
  [FastestO Curve] run=5 frac=0.1 budget_n=500 est=89407.2
  [FastestO Curve] run=5 frac=0.15 budget_n=500 est=101196
  [FastestO Curve] run=5 frac=0.2 budget_n=500 est=85107.2
  [FastestO Curve] run=5 frac=0.3 budget_n=500 est=94859.3
  [FastestO Curve] run=5 frac=0.4 budget_n=500 est=91450.7
  [FastestO Curve] run=5 frac=0.5 budget_n=500 est=95918.1
  [FastestO Curve] run=5 frac=0.6 budget_n=500 est=103992
  [FastestO Curve] run=5 frac=0.7 budget_n=500 est=96028.1
  [FastestO Curve] run=5 frac=0.8 budget_n=500 est=79991.8
  [FastestO Curve] run=5 frac=0.9 budget_n=500 est=107721
  [Result] #CandTree           : 1.307e+06
  [Result] #TreeTrials         : 1480
  [Result] #TreeSuccess        : 122
  [Result] #UniqueOracleNodes  : 500.0000
  [Result] Truth               : 1239838.0000
  [Result] Est                 : 107721.2189
  [Result] logQError           : -1.0611
  [Result] TreeCountTime       : 38.4269
  [Result] QueryTime           : 3.3350
/home/wangshuo/projects/PROXY/datasets/parler/query_graph/query_cycle_4_8.graph Finished!

Start Processing (Multi-Predicate) /home/wangshuo/projects/PROXY/datasets/parler/query_graph/query_cycle_4_9.graph
[Info] Using explicit query nodes for predicates: 1 
[Info] FOIS_nrs base budget not found, will rely strictly on Curve CSV.
[Info] Using user-specified root label 1 -> query node 1
  [FastestO Curve] run=1 frac=0.01 budget_n=500 est=1037.99
  [FastestO Curve] run=1 frac=0.05 budget_n=500 est=890.364
  [FastestO Curve] run=1 frac=0.075 budget_n=500 est=945.218
  [FastestO Curve] run=1 frac=0.1 budget_n=500 est=803.499
  [FastestO Curve] run=1 frac=0.15 budget_n=500 est=759.918
  [FastestO Curve] run=1 frac=0.2 budget_n=500 est=1040.64
  [FastestO Curve] run=1 frac=0.3 budget_n=500 est=932.314
  [FastestO Curve] run=1 frac=0.4 budget_n=500 est=803.499
  [FastestO Curve] run=1 frac=0.5 budget_n=500 est=997.28
  [FastestO Curve] run=1 frac=0.6 budget_n=500 est=735.894
  [FastestO Curve] run=1 frac=0.7 budget_n=500 est=870.175
  [FastestO Curve] run=1 frac=0.8 budget_n=500 est=1069.45
  [FastestO Curve] run=1 frac=0.9 budget_n=500 est=843.306
  [FastestO Curve] run=2 frac=0.01 budget_n=500 est=834.135
  [FastestO Curve] run=2 frac=0.05 budget_n=500 est=763.855
  [FastestO Curve] run=2 frac=0.075 budget_n=500 est=1023.36
  [FastestO Curve] run=2 frac=0.1 budget_n=500 est=1048.67
  [FastestO Curve] run=2 frac=0.15 budget_n=500 est=844.113
  [FastestO Curve] run=2 frac=0.2 budget_n=500 est=962.763
  [FastestO Curve] run=2 frac=0.3 budget_n=500 est=886.405
  [FastestO Curve] run=2 frac=0.4 budget_n=500 est=963.556
  [FastestO Curve] run=2 frac=0.5 budget_n=500 est=767.757
  [FastestO Curve] run=2 frac=0.6 budget_n=500 est=734.671
  [FastestO Curve] run=2 frac=0.7 budget_n=500 est=1117.53
  [FastestO Curve] run=2 frac=0.8 budget_n=500 est=1132.1
  [FastestO Curve] run=2 frac=0.9 budget_n=500 est=896.35
  [FastestO Curve] run=3 frac=0.01 budget_n=500 est=703.135
  [FastestO Curve] run=3 frac=0.05 budget_n=500 est=873.02
  [FastestO Curve] run=3 frac=0.075 budget_n=500 est=688.137
  [FastestO Curve] run=3 frac=0.1 budget_n=500 est=1010.54
  [FastestO Curve] run=3 frac=0.15 budget_n=500 est=1196.39
  [FastestO Curve] run=3 frac=0.2 budget_n=500 est=813
  [FastestO Curve] run=3 frac=0.3 budget_n=500 est=881.534
  [FastestO Curve] run=3 frac=0.4 budget_n=500 est=884.898
  [FastestO Curve] run=3 frac=0.5 budget_n=500 est=907.02
  [FastestO Curve] run=3 frac=0.6 budget_n=500 est=688.026
  [FastestO Curve] run=3 frac=0.7 budget_n=500 est=837.037
  [FastestO Curve] run=3 frac=0.8 budget_n=500 est=871.451
  [FastestO Curve] run=3 frac=0.9 budget_n=500 est=1049.03
  [FastestO Curve] run=4 frac=0.01 budget_n=500 est=975.046
  [FastestO Curve] run=4 frac=0.05 budget_n=500 est=1029.89
  [FastestO Curve] run=4 frac=0.075 budget_n=500 est=1005.66
  [FastestO Curve] run=4 frac=0.1 budget_n=500 est=938.722
  [FastestO Curve] run=4 frac=0.15 budget_n=500 est=791.605
  [FastestO Curve] run=4 frac=0.2 budget_n=500 est=652.505
  [FastestO Curve] run=4 frac=0.3 budget_n=500 est=902.416
  [FastestO Curve] run=4 frac=0.4 budget_n=500 est=918.463
  [FastestO Curve] run=4 frac=0.5 budget_n=500 est=965.18
  [FastestO Curve] run=4 frac=0.6 budget_n=500 est=757.748
  [FastestO Curve] run=4 frac=0.7 budget_n=500 est=1085.89
  [FastestO Curve] run=4 frac=0.8 budget_n=500 est=1078.61
  [FastestO Curve] run=4 frac=0.9 budget_n=500 est=791.605
  [FastestO Curve] run=5 frac=0.01 budget_n=500 est=663.673
  [FastestO Curve] run=5 frac=0.05 budget_n=500 est=750.886
  [FastestO Curve] run=5 frac=0.075 budget_n=500 est=850.196
  [FastestO Curve] run=5 frac=0.1 budget_n=500 est=733.453
  [FastestO Curve] run=5 frac=0.15 budget_n=500 est=896.35
  [FastestO Curve] run=5 frac=0.2 budget_n=500 est=870.1
  [FastestO Curve] run=5 frac=0.3 budget_n=500 est=1007.21
  [FastestO Curve] run=5 frac=0.4 budget_n=500 est=843.522
  [FastestO Curve] run=5 frac=0.5 budget_n=500 est=983.798
  [FastestO Curve] run=5 frac=0.6 budget_n=500 est=792.909
  [FastestO Curve] run=5 frac=0.7 budget_n=500 est=666.526
  [FastestO Curve] run=5 frac=0.8 budget_n=500 est=930.726
  [FastestO Curve] run=5 frac=0.9 budget_n=500 est=838.532
  [Result] #CandTree           : 1.301e+04
  [Result] #TreeTrials         : 605
  [Result] #TreeSuccess        : 39
  [Result] #UniqueOracleNodes  : 500.0000
  [Result] Truth               : 13008.0000
  [Result] Est                 : 838.5322
  [Result] logQError           : -1.1907
  [Result] TreeCountTime       : 23.7766
  [Result] QueryTime           : 1.5998
/home/wangshuo/projects/PROXY/datasets/parler/query_graph/query_cycle_4_9.graph Finished!

Start Processing (Multi-Predicate) /home/wangshuo/projects/PROXY/datasets/parler/query_graph/query_cycle_6_104.graph
[Info] Using explicit query nodes for predicates: 2 
[Info] FOIS_nrs base budget not found, will rely strictly on Curve CSV.
[Info] Using user-specified root label 1 -> query node 2
  [FastestO Curve] run=1 frac=0.01 budget_n=500 est=75510.9
  [FastestO Curve] run=1 frac=0.05 budget_n=500 est=81526.8
  [FastestO Curve] run=1 frac=0.075 budget_n=500 est=87495.5
  [FastestO Curve] run=1 frac=0.1 budget_n=500 est=81530.2
  [FastestO Curve] run=1 frac=0.15 budget_n=500 est=82726
  [FastestO Curve] run=1 frac=0.2 budget_n=500 est=76124.8
  [FastestO Curve] run=1 frac=0.3 budget_n=500 est=80363.2
  [FastestO Curve] run=1 frac=0.4 budget_n=500 est=79164.3
  [FastestO Curve] run=1 frac=0.5 budget_n=500 est=88875.6
  [FastestO Curve] run=1 frac=0.6 budget_n=500 est=85252.5
  [FastestO Curve] run=1 frac=0.7 budget_n=500 est=86725.7
  [FastestO Curve] run=1 frac=0.8 budget_n=500 est=75804.6
  [FastestO Curve] run=1 frac=0.9 budget_n=500 est=90288.3
  [FastestO Curve] run=2 frac=0.01 budget_n=500 est=96273.7
  [FastestO Curve] run=2 frac=0.05 budget_n=500 est=69350.7
  [FastestO Curve] run=2 frac=0.075 budget_n=500 est=92595.6
  [FastestO Curve] run=2 frac=0.1 budget_n=500 est=82401.4
  [FastestO Curve] run=2 frac=0.15 budget_n=500 est=96621.2
  [FastestO Curve] run=2 frac=0.2 budget_n=500 est=69558.4
  [FastestO Curve] run=2 frac=0.3 budget_n=500 est=81056.7
  [FastestO Curve] run=2 frac=0.4 budget_n=500 est=73707.8
  [FastestO Curve] run=2 frac=0.5 budget_n=500 est=88178.8
  [FastestO Curve] run=2 frac=0.6 budget_n=500 est=77755.6
  [FastestO Curve] run=2 frac=0.7 budget_n=500 est=77602.2
  [FastestO Curve] run=2 frac=0.8 budget_n=500 est=80372.9
  [FastestO Curve] run=2 frac=0.9 budget_n=500 est=73401.3
  [FastestO Curve] run=3 frac=0.01 budget_n=500 est=88823.5
  [FastestO Curve] run=3 frac=0.05 budget_n=500 est=72105.7
  [FastestO Curve] run=3 frac=0.075 budget_n=500 est=68867
  [FastestO Curve] run=3 frac=0.1 budget_n=500 est=77899.1
  [FastestO Curve] run=3 frac=0.15 budget_n=500 est=75559.8
  [FastestO Curve] run=3 frac=0.2 budget_n=500 est=78194.7
  [FastestO Curve] run=3 frac=0.3 budget_n=500 est=102446
  [FastestO Curve] run=3 frac=0.4 budget_n=500 est=73195.7
  [FastestO Curve] run=3 frac=0.5 budget_n=500 est=85830
  [FastestO Curve] run=3 frac=0.6 budget_n=500 est=73631.5
  [FastestO Curve] run=3 frac=0.7 budget_n=500 est=82584.1
  [FastestO Curve] run=3 frac=0.8 budget_n=500 est=96918.3
  [FastestO Curve] run=3 frac=0.9 budget_n=500 est=89710.1
  [FastestO Curve] run=4 frac=0.01 budget_n=500 est=77683.7
  [FastestO Curve] run=4 frac=0.05 budget_n=500 est=88109
  [FastestO Curve] run=4 frac=0.075 budget_n=500 est=89293.8
  [FastestO Curve] run=4 frac=0.1 budget_n=500 est=77409.2
  [FastestO Curve] run=4 frac=0.15 budget_n=500 est=76094.1
  [FastestO Curve] run=4 frac=0.2 budget_n=500 est=73848.5
  [FastestO Curve] run=4 frac=0.3 budget_n=500 est=82790.1
  [FastestO Curve] run=4 frac=0.4 budget_n=500 est=71040.8
  [FastestO Curve] run=4 frac=0.5 budget_n=500 est=81991
  [FastestO Curve] run=4 frac=0.6 budget_n=500 est=95967.7
  [FastestO Curve] run=4 frac=0.7 budget_n=500 est=74479.8
  [FastestO Curve] run=4 frac=0.8 budget_n=500 est=88606
  [FastestO Curve] run=4 frac=0.9 budget_n=500 est=77293
  [FastestO Curve] run=5 frac=0.01 budget_n=500 est=82585.6
  [FastestO Curve] run=5 frac=0.05 budget_n=500 est=75635.1
  [FastestO Curve] run=5 frac=0.075 budget_n=500 est=89003.6
  [FastestO Curve] run=5 frac=0.1 budget_n=500 est=83262.5
  [FastestO Curve] run=5 frac=0.15 budget_n=500 est=84194.5
  [FastestO Curve] run=5 frac=0.2 budget_n=500 est=65280.8
  [FastestO Curve] run=5 frac=0.3 budget_n=500 est=73767.5
  [FastestO Curve] run=5 frac=0.4 budget_n=500 est=78787.1
  [FastestO Curve] run=5 frac=0.5 budget_n=500 est=91726.6
  [FastestO Curve] run=5 frac=0.6 budget_n=500 est=83860.8
  [FastestO Curve] run=5 frac=0.7 budget_n=500 est=82802.5
  [FastestO Curve] run=5 frac=0.8 budget_n=500 est=74425.7
  [FastestO Curve] run=5 frac=0.9 budget_n=500 est=82966.9
  [Result] #CandTree           : 1.197e+06
  [Result] #TreeTrials         : 1832
  [Result] #TreeSuccess        : 127
  [Result] #UniqueOracleNodes  : 500.0000
  [Result] Truth               : 1039241.0000
  [Result] Est                 : 82966.9094
  [Result] logQError           : -1.0978
  [Result] TreeCountTime       : 75.9291
  [Result] QueryTime           : 8.0169
/home/wangshuo/projects/PROXY/datasets/parler/query_graph/query_cycle_6_104.graph Finished!

Start Processing (Multi-Predicate) /home/wangshuo/projects/PROXY/datasets/parler/query_graph/query_cycle_6_106.graph
[Info] Using explicit query nodes for predicates: 2 
[Info] FOIS_nrs base budget not found, will rely strictly on Curve CSV.
[Info] Using user-specified root label 1 -> query node 2
  [FastestO Curve] run=1 frac=0.01 budget_n=500 est=64250
  [FastestO Curve] run=1 frac=0.05 budget_n=500 est=89929.7
  [FastestO Curve] run=1 frac=0.075 budget_n=500 est=88224.7
  [FastestO Curve] run=1 frac=0.1 budget_n=500 est=80529.6
  [FastestO Curve] run=1 frac=0.15 budget_n=500 est=76316.5
  [FastestO Curve] run=1 frac=0.2 budget_n=500 est=85534.8
  [FastestO Curve] run=1 frac=0.3 budget_n=500 est=73731.1
  [FastestO Curve] run=1 frac=0.4 budget_n=500 est=91282.4
  [FastestO Curve] run=1 frac=0.5 budget_n=500 est=85358.8
  [FastestO Curve] run=1 frac=0.6 budget_n=500 est=86634.5
  [FastestO Curve] run=1 frac=0.7 budget_n=500 est=77006.8
  [FastestO Curve] run=1 frac=0.8 budget_n=500 est=86647.2
  [FastestO Curve] run=1 frac=0.9 budget_n=500 est=84712.2
  [FastestO Curve] run=2 frac=0.01 budget_n=500 est=93987.1
  [FastestO Curve] run=2 frac=0.05 budget_n=500 est=85078.2
  [FastestO Curve] run=2 frac=0.075 budget_n=500 est=102019
  [FastestO Curve] run=2 frac=0.1 budget_n=500 est=91185.8
  [FastestO Curve] run=2 frac=0.15 budget_n=500 est=77611.2
  [FastestO Curve] run=2 frac=0.2 budget_n=500 est=75498.4
  [FastestO Curve] run=2 frac=0.3 budget_n=500 est=81362.4
  [FastestO Curve] run=2 frac=0.4 budget_n=500 est=84481
  [FastestO Curve] run=2 frac=0.5 budget_n=500 est=78765.3
  [FastestO Curve] run=2 frac=0.6 budget_n=500 est=78500.7
  [FastestO Curve] run=2 frac=0.7 budget_n=500 est=85247
  [FastestO Curve] run=2 frac=0.8 budget_n=500 est=66560.8
  [FastestO Curve] run=2 frac=0.9 budget_n=500 est=78910.8
  [FastestO Curve] run=3 frac=0.01 budget_n=500 est=70327
  [FastestO Curve] run=3 frac=0.05 budget_n=500 est=83094.9
  [FastestO Curve] run=3 frac=0.075 budget_n=500 est=87731.4
  [FastestO Curve] run=3 frac=0.1 budget_n=500 est=84174.1
  [FastestO Curve] run=3 frac=0.15 budget_n=500 est=81139.9
  [FastestO Curve] run=3 frac=0.2 budget_n=500 est=78924.4
  [FastestO Curve] run=3 frac=0.3 budget_n=500 est=84695.6
  [FastestO Curve] run=3 frac=0.4 budget_n=500 est=96580.4
  [FastestO Curve] run=3 frac=0.5 budget_n=500 est=83121.1
  [FastestO Curve] run=3 frac=0.6 budget_n=500 est=86983.3
  [FastestO Curve] run=3 frac=0.7 budget_n=500 est=88232.7
  [FastestO Curve] run=3 frac=0.8 budget_n=500 est=82538.9
  [FastestO Curve] run=3 frac=0.9 budget_n=500 est=92210.4
  [FastestO Curve] run=4 frac=0.01 budget_n=500 est=73315.9
  [FastestO Curve] run=4 frac=0.05 budget_n=500 est=79520.3
  [FastestO Curve] run=4 frac=0.075 budget_n=500 est=82489
  [FastestO Curve] run=4 frac=0.1 budget_n=500 est=92526.8
  [FastestO Curve] run=4 frac=0.15 budget_n=500 est=95027.4
  [FastestO Curve] run=4 frac=0.2 budget_n=500 est=82193.3
  [FastestO Curve] run=4 frac=0.3 budget_n=500 est=85681
  [FastestO Curve] run=4 frac=0.4 budget_n=500 est=88802.4
  [FastestO Curve] run=4 frac=0.5 budget_n=500 est=82790.1
  [FastestO Curve] run=4 frac=0.6 budget_n=500 est=94810
  [FastestO Curve] run=4 frac=0.7 budget_n=500 est=72878.6
  [FastestO Curve] run=4 frac=0.8 budget_n=500 est=80560.7
  [FastestO Curve] run=4 frac=0.9 budget_n=500 est=72276.5
  [FastestO Curve] run=5 frac=0.01 budget_n=500 est=64597.4
  [FastestO Curve] run=5 frac=0.05 budget_n=500 est=79877.9
  [FastestO Curve] run=5 frac=0.075 budget_n=500 est=82901.3
  [FastestO Curve] run=5 frac=0.1 budget_n=500 est=75004.7
  [FastestO Curve] run=5 frac=0.15 budget_n=500 est=84673.5
  [FastestO Curve] run=5 frac=0.2 budget_n=500 est=77091.5
  [FastestO Curve] run=5 frac=0.3 budget_n=500 est=80377.5
  [FastestO Curve] run=5 frac=0.4 budget_n=500 est=68616.4
  [FastestO Curve] run=5 frac=0.5 budget_n=500 est=73220
  [FastestO Curve] run=5 frac=0.6 budget_n=500 est=85486.7
  [FastestO Curve] run=5 frac=0.7 budget_n=500 est=68695.5
  [FastestO Curve] run=5 frac=0.8 budget_n=500 est=87004.8
  [FastestO Curve] run=5 frac=0.9 budget_n=500 est=79470.6
  [Result] #CandTree           : 1.197e+06
  [Result] #TreeTrials         : 1762
  [Result] #TreeSuccess        : 117
  [Result] #UniqueOracleNodes  : 500.0000
  [Result] Truth               : 1039241.0000
  [Result] Est                 : 79470.6232
  [Result] logQError           : -1.1165
  [Result] TreeCountTime       : 97.9082
  [Result] QueryTime           : 5.7900
/home/wangshuo/projects/PROXY/datasets/parler/query_graph/query_cycle_6_106.graph Finished!

Start Processing (Multi-Predicate) /home/wangshuo/projects/PROXY/datasets/parler/query_graph/query_cycle_6_109.graph
[Info] Using explicit query nodes for predicates: 2 
[Info] FOIS_nrs base budget not found, will rely strictly on Curve CSV.
[Info] Using user-specified root label 1 -> query node 2
  [FastestO Curve] run=1 frac=0.01 budget_n=500 est=82419.5
  [FastestO Curve] run=1 frac=0.05 budget_n=500 est=83659.4
  [FastestO Curve] run=1 frac=0.075 budget_n=500 est=88879
  [FastestO Curve] run=1 frac=0.1 budget_n=500 est=88336.3
  [FastestO Curve] run=1 frac=0.15 budget_n=500 est=84229.6
  [FastestO Curve] run=1 frac=0.2 budget_n=500 est=87556.1
  [FastestO Curve] run=1 frac=0.3 budget_n=500 est=81677.7
  [FastestO Curve] run=1 frac=0.4 budget_n=500 est=85533.4
  [FastestO Curve] run=1 frac=0.5 budget_n=500 est=72891.8
  [FastestO Curve] run=1 frac=0.6 budget_n=500 est=72855
  [FastestO Curve] run=1 frac=0.7 budget_n=500 est=83727.7
  [FastestO Curve] run=1 frac=0.8 budget_n=500 est=83849
  [FastestO Curve] run=1 frac=0.9 budget_n=500 est=91871.6
  [FastestO Curve] run=2 frac=0.01 budget_n=500 est=67512.6
  [FastestO Curve] run=2 frac=0.05 budget_n=500 est=84894
  [FastestO Curve] run=2 frac=0.075 budget_n=500 est=79920.8
  [FastestO Curve] run=2 frac=0.1 budget_n=500 est=86305.8
  [FastestO Curve] run=2 frac=0.15 budget_n=500 est=93923.6
  [FastestO Curve] run=2 frac=0.2 budget_n=500 est=84481
  [FastestO Curve] run=2 frac=0.3 budget_n=500 est=84047.5
  [FastestO Curve] run=2 frac=0.4 budget_n=500 est=88186.3
  [FastestO Curve] run=2 frac=0.5 budget_n=500 est=90005.6
  [FastestO Curve] run=2 frac=0.6 budget_n=500 est=89475.5
  [FastestO Curve] run=2 frac=0.7 budget_n=500 est=83558.4
  [FastestO Curve] run=2 frac=0.8 budget_n=500 est=83061.6
  [FastestO Curve] run=2 frac=0.9 budget_n=500 est=88294.8
  [FastestO Curve] run=3 frac=0.01 budget_n=500 est=88910.2
  [FastestO Curve] run=3 frac=0.05 budget_n=500 est=78142.5
  [FastestO Curve] run=3 frac=0.075 budget_n=500 est=86149.4
  [FastestO Curve] run=3 frac=0.1 budget_n=500 est=80818.3
  [FastestO Curve] run=3 frac=0.15 budget_n=500 est=83559.9
  [FastestO Curve] run=3 frac=0.2 budget_n=500 est=88477.8
  [FastestO Curve] run=3 frac=0.3 budget_n=500 est=87890
  [FastestO Curve] run=3 frac=0.4 budget_n=500 est=74841.5
  [FastestO Curve] run=3 frac=0.5 budget_n=500 est=90756.8
  [FastestO Curve] run=3 frac=0.6 budget_n=500 est=83035.8
  [FastestO Curve] run=3 frac=0.7 budget_n=500 est=84935.2
  [FastestO Curve] run=3 frac=0.8 budget_n=500 est=78772.6
  [FastestO Curve] run=3 frac=0.9 budget_n=500 est=75573.8
  [FastestO Curve] run=4 frac=0.01 budget_n=500 est=83907.1
  [FastestO Curve] run=4 frac=0.05 budget_n=500 est=83900.4
  [FastestO Curve] run=4 frac=0.075 budget_n=500 est=90325.6
  [FastestO Curve] run=4 frac=0.1 budget_n=500 est=76242.4
  [FastestO Curve] run=4 frac=0.15 budget_n=500 est=82982.9
  [FastestO Curve] run=4 frac=0.2 budget_n=500 est=79241.1
  [FastestO Curve] run=4 frac=0.3 budget_n=500 est=91293.7
  [FastestO Curve] run=4 frac=0.4 budget_n=500 est=87415
  [FastestO Curve] run=4 frac=0.5 budget_n=500 est=85673.6
  [FastestO Curve] run=4 frac=0.6 budget_n=500 est=86930.7
  [FastestO Curve] run=4 frac=0.7 budget_n=500 est=76898.1
  [FastestO Curve] run=4 frac=0.8 budget_n=500 est=70660.6
  [FastestO Curve] run=4 frac=0.9 budget_n=500 est=83452.4
  [FastestO Curve] run=5 frac=0.01 budget_n=500 est=79128.2
  [FastestO Curve] run=5 frac=0.05 budget_n=500 est=70202.3
  [FastestO Curve] run=5 frac=0.075 budget_n=500 est=70117.8
  [FastestO Curve] run=5 frac=0.1 budget_n=500 est=85486.7
  [FastestO Curve] run=5 frac=0.15 budget_n=500 est=82026.6
  [FastestO Curve] run=5 frac=0.2 budget_n=500 est=74587
  [FastestO Curve] run=5 frac=0.3 budget_n=500 est=82807.4
  [FastestO Curve] run=5 frac=0.4 budget_n=500 est=71432.2
  [FastestO Curve] run=5 frac=0.5 budget_n=500 est=88062.2
  [FastestO Curve] run=5 frac=0.6 budget_n=500 est=89544.9
  [FastestO Curve] run=5 frac=0.7 budget_n=500 est=90276.9
  [FastestO Curve] run=5 frac=0.8 budget_n=500 est=96558.2
  [FastestO Curve] run=5 frac=0.9 budget_n=500 est=81761.9
  [Result] #CandTree           : 1.197e+06
  [Result] #TreeTrials         : 1859
  [Result] #TreeSuccess        : 127
  [Result] #UniqueOracleNodes  : 500.0000
  [Result] Truth               : 1039241.0000
  [Result] Est                 : 81761.9032
  [Result] logQError           : -1.1042
  [Result] TreeCountTime       : 104.2267
  [Result] QueryTime           : 6.4601
/home/wangshuo/projects/PROXY/datasets/parler/query_graph/query_cycle_6_109.graph Finished!

Start Processing (Multi-Predicate) /home/wangshuo/projects/PROXY/datasets/parler/query_graph/query_cycle_6_112.graph
[Info] Using explicit query nodes for predicates: 2 
[Info] FOIS_nrs base budget not found, will rely strictly on Curve CSV.
[Info] Using user-specified root label 1 -> query node 2
  [FastestO Curve] run=1 frac=0.01 budget_n=500 est=3.20801e+06
  [FastestO Curve] run=1 frac=0.05 budget_n=500 est=5.08275e+06
  [FastestO Curve] run=1 frac=0.075 budget_n=500 est=3.51125e+06
  [FastestO Curve] run=1 frac=0.1 budget_n=500 est=4.1184e+06
  [FastestO Curve] run=1 frac=0.15 budget_n=500 est=3.47219e+06
  [FastestO Curve] run=1 frac=0.2 budget_n=500 est=3.56464e+06
  [FastestO Curve] run=1 frac=0.3 budget_n=500 est=3.8542e+06
  [FastestO Curve] run=1 frac=0.4 budget_n=500 est=3.8229e+06
  [FastestO Curve] run=1 frac=0.5 budget_n=500 est=4.1063e+06
  [FastestO Curve] run=1 frac=0.6 budget_n=500 est=4.30556e+06
  [FastestO Curve] run=1 frac=0.7 budget_n=500 est=4.03788e+06
  [FastestO Curve] run=1 frac=0.8 budget_n=500 est=3.61072e+06
  [FastestO Curve] run=1 frac=0.9 budget_n=500 est=4.56028e+06
  [FastestO Curve] run=2 frac=0.01 budget_n=500 est=4.17107e+06
  [FastestO Curve] run=2 frac=0.05 budget_n=500 est=4.57677e+06
  [FastestO Curve] run=2 frac=0.075 budget_n=500 est=3.76173e+06
  [FastestO Curve] run=2 frac=0.1 budget_n=500 est=3.34645e+06
  [FastestO Curve] run=2 frac=0.15 budget_n=500 est=4.1326e+06
  [FastestO Curve] run=2 frac=0.2 budget_n=500 est=4.23952e+06
  [FastestO Curve] run=2 frac=0.3 budget_n=500 est=2.87037e+06
  [FastestO Curve] run=2 frac=0.4 budget_n=500 est=3.81194e+06
  [FastestO Curve] run=2 frac=0.5 budget_n=500 est=4.48764e+06
  [FastestO Curve] run=2 frac=0.6 budget_n=500 est=3.7456e+06
  [FastestO Curve] run=2 frac=0.7 budget_n=500 est=4.1747e+06
  [FastestO Curve] run=2 frac=0.8 budget_n=500 est=4.9951e+06
  [FastestO Curve] run=2 frac=0.9 budget_n=500 est=4.49262e+06
  [FastestO Curve] run=3 frac=0.01 budget_n=500 est=3.23445e+06
  [FastestO Curve] run=3 frac=0.05 budget_n=500 est=3.77423e+06
  [FastestO Curve] run=3 frac=0.075 budget_n=500 est=3.51599e+06
  [FastestO Curve] run=3 frac=0.1 budget_n=500 est=5.14856e+06
  [FastestO Curve] run=3 frac=0.15 budget_n=500 est=4.05932e+06
  [FastestO Curve] run=3 frac=0.2 budget_n=500 est=3.93934e+06
  [FastestO Curve] run=3 frac=0.3 budget_n=500 est=3.32911e+06
  [FastestO Curve] run=3 frac=0.4 budget_n=500 est=4.53097e+06
  [FastestO Curve] run=3 frac=0.5 budget_n=500 est=3.22218e+06
  [FastestO Curve] run=3 frac=0.6 budget_n=500 est=4.06809e+06
  [FastestO Curve] run=3 frac=0.7 budget_n=500 est=4.1401e+06
  [FastestO Curve] run=3 frac=0.8 budget_n=500 est=4.95901e+06
  [FastestO Curve] run=3 frac=0.9 budget_n=500 est=3.96631e+06
  [FastestO Curve] run=4 frac=0.01 budget_n=500 est=4.15193e+06
  [FastestO Curve] run=4 frac=0.05 budget_n=500 est=3.33935e+06
  [FastestO Curve] run=4 frac=0.075 budget_n=500 est=3.77408e+06
  [FastestO Curve] run=4 frac=0.1 budget_n=500 est=4.83076e+06
  [FastestO Curve] run=4 frac=0.15 budget_n=500 est=3.89734e+06
  [FastestO Curve] run=4 frac=0.2 budget_n=500 est=4.6667e+06
  [FastestO Curve] run=4 frac=0.3 budget_n=500 est=3.1498e+06
  [FastestO Curve] run=4 frac=0.4 budget_n=500 est=3.07851e+06
  [FastestO Curve] run=4 frac=0.5 budget_n=500 est=4.32003e+06
  [FastestO Curve] run=4 frac=0.6 budget_n=500 est=3.11268e+06
  [FastestO Curve] run=4 frac=0.7 budget_n=500 est=3.72464e+06
  [FastestO Curve] run=4 frac=0.8 budget_n=500 est=3.57186e+06
  [FastestO Curve] run=4 frac=0.9 budget_n=500 est=4.00207e+06
  [FastestO Curve] run=5 frac=0.01 budget_n=500 est=4.37518e+06
  [FastestO Curve] run=5 frac=0.05 budget_n=500 est=5.13992e+06
  [FastestO Curve] run=5 frac=0.075 budget_n=500 est=3.399e+06
  [FastestO Curve] run=5 frac=0.1 budget_n=500 est=4.36084e+06
  [FastestO Curve] run=5 frac=0.15 budget_n=500 est=4.31526e+06
  [FastestO Curve] run=5 frac=0.2 budget_n=500 est=3.52414e+06
