======================================================================
🚀 开始计算 Ground Truth (COUNT) | 数据集: parler
   • 项目根目录: /home/wangshuo/projects/PROXY
   • 数据集路径: /home/wangshuo/projects/PROXY/datasets/parler
   • 谓词 Oracle: ML1_oracle2_probability & ML2_oracle2_probability
======================================================================
[*] 成功加载 246 个待计算查询 (读取自 parler_ans.txt)
Computing T_true (COUNT):   0%|          | 0/246 [00:00<?, ?it/s]Computing T_true (COUNT):   0%|          | 0/246 [00:00<?, ?it/s]

--- 正在为查询 'query_cycle_4_0.graph' 计算 T_true (multi, agg_mode=count) ---
Traceback (most recent call last):
  File "/home/wangshuo/projects/PROXY/pythonProject/src/baseline/EXACT.py", line 182, in <module>
    compute_dataset_ground_truth(base_dir=args.base_dir, dataset=args.dataset, agg_mode=args.agg_mode)
  File "/home/wangshuo/projects/PROXY/pythonProject/src/baseline/EXACT.py", line 152, in compute_dataset_ground_truth
    t_val = gt._compute_multi_predicate_polars(
  File "/home/wangshuo/projects/PROXY/pythonProject/src/algorithms/compute_truth.py", line 347, in _compute_multi_predicate_polars
    result = valid_matches.select(pl.len()).collect()
  File "/home/wangshuo/software/anaconda3/envs/proxy/lib/python3.10/site-packages/polars/lazyframe/frame.py", line 2053, in collect
    return wrap_df(ldf.collect(callback))
FileNotFoundError: No such file or directory (os error 2): ../../../datasets/parler/data_graph/id_mapping.csv

This error occurred with the following context stack:
	[1] 'csv scan' failed
	[2] 'select' input failed to resolve
	[3] 'join right' input failed to resolve
	[4] 'join left' input failed to resolve
	[5] 'with_columns' input failed to resolve
	[6] 'select' input failed to resolve
	[7] 'join right' input failed to resolve
	[8] 'filter' input failed to resolve
	[9] 'select' input failed to resolve

